****************************************
Report : constraint
        -all_violators
Design : cv32e40p_synth_wrap
Version: W-2024.09-SP2
Date   : Sun May 10 09:14:43 2026
****************************************

   late_timing
   -----------

Endpoint                         Path Delay     Path Required       CRP    Slack Group    Scenario
----------------------------------------------------------------------------------------------------------
No paths.

   early_timing
   -----------

Endpoint                         Path Delay     Path Required       CRP    Slack Group    Scenario
----------------------------------------------------------------------------------------------------------
u_core/core_i/cs_registers_i/dcsr_q_reg[cause][8]/D (SDFFARX1_RVT)
                                   0.30 f         0.30           0.00    -0.00   clk_i    default

   Mode: default Corner: default
   Scenario: default
   max_transition                                                              
                             Required        Actual                            
   Net                      Transition     Transition        Slack  Violation  
  ---------------------------------------------------------------------------
   u_core/core_i/id_stage_i/n3531
                                0.09           0.14          -0.05  (VIOLATED) 
     PIN : u_core/core_i/id_stage_i/U2788/Y
                                0.09           0.14          -0.05  (VIOLATED) 

   u_core/core_i/n1217          0.11           0.15          -0.04  (VIOLATED) 
     PIN : u_core/core_i/U1462/Y
                                0.11           0.15          -0.04  (VIOLATED) 

   u_core/core_i/n4852          0.11           0.15          -0.04  (VIOLATED) 
     PIN : u_core/core_i/U920/Y
                                0.11           0.15          -0.04  (VIOLATED) 

   u_core/core_i/n4813          0.11           0.14          -0.03  (VIOLATED) 
     PIN : u_core/core_i/U2887/Y
                                0.11           0.14          -0.03  (VIOLATED) 

   u_core/core_i/id_stage_i/n3300
                                0.09           0.12          -0.03  (VIOLATED) 
     PIN : u_core/core_i/id_stage_i/U2694/Y
                                0.09           0.12          -0.03  (VIOLATED) 

   u_core/core_i/id_stage_i/n3528
                                0.12           0.14          -0.02  (VIOLATED) 
     PIN : u_core/core_i/id_stage_i/U2806/Y
                                0.12           0.14          -0.02  (VIOLATED) 

   u_core/core_i/id_stage_i/n2729
                                0.09           0.11          -0.02  (VIOLATED) 
     PIN : u_core/core_i/id_stage_i/U2739/Y
                                0.09           0.11          -0.02  (VIOLATED) 

   u_core/core_i/n4805          0.11           0.12          -0.01  (VIOLATED) 
     PIN : u_core/core_i/U2547/Y
                                0.11           0.12          -0.01  (VIOLATED) 

   u_core/core_i/id_stage_i/n2723
                                0.09           0.11          -0.01  (VIOLATED) 
     PIN : u_core/core_i/id_stage_i/U2728/Y
                                0.09           0.11          -0.01  (VIOLATED) 

   u_core/core_i/n4811          0.11           0.12          -0.01  (VIOLATED) 
     PIN : u_core/core_i/U2816/Y
                                0.11           0.12          -0.01  (VIOLATED) 

  ---------------------------------------------------------------------------
   Number of max_transition violation(s): 10

   Mode: default Corner: default
   Scenario: default
   max_capacitance                                                             
                             Required        Actual                            
   Net                      Capacitance    Capacitance       Slack  Violation  
  ---------------------------------------------------------------------------
   u_core/core_i/id_stage_i/ZBUF_347_2
                               32.00          54.87         -22.87  (VIOLATED) 
     PIN : u_core/core_i/id_stage_i/ZBUF_347_inst_995/Y
                               32.00          54.87         -22.87  (VIOLATED) 

   u_core/core_i/id_stage_i/n280
                               82.00         103.03         -21.03  (VIOLATED) 
     PIN : u_core/core_i/id_stage_i/U291/Y
                               82.00         103.03         -21.03  (VIOLATED) 

   u_core/core_i/id_stage_i/ZBUF_47_170
                               32.00          51.74         -19.74  (VIOLATED) 
     PIN : u_core/core_i/id_stage_i/ZBUF_47_inst_2665/Y
                               32.00          51.74         -19.74  (VIOLATED) 

   u_core/core_i/id_stage_i/ZBUF_47_81
                               32.00          51.32         -19.32  (VIOLATED) 
     PIN : u_core/core_i/id_stage_i/ZBUF_47_inst_1866/Y
                               32.00          51.32         -19.32  (VIOLATED) 

   u_core/core_i/id_stage_i/ZBUF_39_145
                               32.00          51.27         -19.27  (VIOLATED) 
     PIN : u_core/core_i/id_stage_i/ZBUF_39_inst_2438/Y
                               32.00          51.27         -19.27  (VIOLATED) 

   u_core/core_i/id_stage_i/ZBUF_51_290
                               32.00          50.66         -18.66  (VIOLATED) 
     PIN : u_core/core_i/id_stage_i/ZBUF_51_inst_3563/Y
                               32.00          50.66         -18.66  (VIOLATED) 

   u_core/core_i/id_stage_i/ZBUF_632_40
                               32.00          49.09         -17.09  (VIOLATED) 
     PIN : u_core/core_i/id_stage_i/ZBUF_632_inst_1385/Y
                               32.00          49.09         -17.09  (VIOLATED) 

   u_core/core_i/id_stage_i/n3531
                               32.00          49.00         -17.00  (VIOLATED) 
     PIN : u_core/core_i/id_stage_i/U2788/Y
                               32.00          49.00         -17.00  (VIOLATED) 

   u_core/core_i/id_stage_i/ZBUF_979_59
                               82.00          98.17         -16.17  (VIOLATED) 
     PIN : u_core/core_i/id_stage_i/ZBUF_979_inst_1635/Y
                               82.00          98.17         -16.17  (VIOLATED) 

   u_core/core_i/id_stage_i/ZBUF_1293_10
                               82.00          96.92         -14.92  (VIOLATED) 
     PIN : u_core/core_i/id_stage_i/ZBUF_1293_inst_1072/Y
                               82.00          96.92         -14.92  (VIOLATED) 

   u_core/core_i/id_stage_i/ZBUF_110_245
                               32.00          46.81         -14.81  (VIOLATED) 
     PIN : u_core/core_i/id_stage_i/ZBUF_110_inst_3271/Y
                               32.00          46.81         -14.81  (VIOLATED) 

   u_core/core_i/id_stage_i/ZBUF_37_268
                               32.00          46.79         -14.79  (VIOLATED) 
     PIN : u_core/core_i/id_stage_i/ZBUF_37_inst_3416/Y
                               32.00          46.79         -14.79  (VIOLATED) 

   u_core/core_i/ZBUF_364_165
                               32.00          46.76         -14.76  (VIOLATED) 
     PIN : u_core/core_i/ZBUF_364_inst_2616/Y
                               32.00          46.76         -14.76  (VIOLATED) 

   u_core/core_i/id_stage_i/ZBUF_42_74
                               32.00          46.71         -14.71  (VIOLATED) 
     PIN : u_core/core_i/id_stage_i/ZBUF_42_inst_1827/Y
                               32.00          46.71         -14.71  (VIOLATED) 

   u_core/core_i/id_stage_i/ZBUF_9_219
                               16.00          30.28         -14.28  (VIOLATED) 
     PIN : u_core/core_i/id_stage_i/ZBUF_9_inst_3015/Y
                               16.00          30.28         -14.28  (VIOLATED) 

   u_core/core_i/id_stage_i/ZBUF_117_258
                               32.00          45.88         -13.88  (VIOLATED) 
     PIN : u_core/core_i/id_stage_i/ZBUF_117_inst_3362/Y
                               32.00          45.88         -13.88  (VIOLATED) 

   u_core/core_i/id_stage_i/ZBUF_2_19
                               16.00          29.75         -13.75  (VIOLATED) 
     PIN : u_core/core_i/id_stage_i/ZBUF_2_inst_1111/Y
                               16.00          29.75         -13.75  (VIOLATED) 

   u_core/core_i/id_stage_i/n3528
                               32.00          45.68         -13.68  (VIOLATED) 
     PIN : u_core/core_i/id_stage_i/U2806/Y
                               32.00          45.68         -13.68  (VIOLATED) 

   u_core/core_i/cs_registers_i/ZBUF_12_209
                               32.00          45.50         -13.50  (VIOLATED) 
     PIN : u_core/core_i/cs_registers_i/ZBUF_12_inst_2959/Y
                               32.00          45.50         -13.50  (VIOLATED) 

   u_core/core_i/id_stage_i/ZBUF_69_284
                               16.00          29.21         -13.21  (VIOLATED) 
     PIN : u_core/core_i/id_stage_i/ZBUF_69_inst_3515/Y
                               16.00          29.21         -13.21  (VIOLATED) 

   u_core/core_i/id_stage_i/ZBUF_185_223
                               32.00          45.17         -13.17  (VIOLATED) 
     PIN : u_core/core_i/id_stage_i/ZBUF_185_inst_3069/Y
                               32.00          45.17         -13.17  (VIOLATED) 

   u_core/core_i/id_stage_i/ZBUF_42_212
                               16.00          29.15         -13.15  (VIOLATED) 
     PIN : u_core/core_i/id_stage_i/ZBUF_42_inst_2974/Y
                               16.00          29.15         -13.15  (VIOLATED) 

   u_core/core_i/ZBUF_231_1    32.00          45.01         -13.01  (VIOLATED) 
     PIN : u_core/core_i/ZBUF_231_inst_947/Y
                               32.00          45.01         -13.01  (VIOLATED) 

   u_core/core_i/id_stage_i/ZBUF_39_285
                               32.00          44.58         -12.58  (VIOLATED) 
     PIN : u_core/core_i/id_stage_i/ZBUF_39_inst_3518/Y
                               32.00          44.58         -12.58  (VIOLATED) 

   u_core/core_i/ZBUF_194_206
                               16.00          28.18         -12.18  (VIOLATED) 
     PIN : u_core/core_i/ZBUF_194_inst_2934/Y
                               16.00          28.18         -12.18  (VIOLATED) 

   u_core/core_i/id_stage_i/ZBUF_83_277
                               32.00          43.92         -11.92  (VIOLATED) 
     PIN : u_core/core_i/id_stage_i/ZBUF_83_inst_3477/Y
                               32.00          43.92         -11.92  (VIOLATED) 

   u_core/core_i/ZBUF_241_38
                               32.00          43.79         -11.79  (VIOLATED) 
     PIN : u_core/core_i/ZBUF_241_inst_1327/Y
                               32.00          43.79         -11.79  (VIOLATED) 

   u_core/core_i/id_stage_i/ZBUF_5_300
                               16.00          27.73         -11.73  (VIOLATED) 
     PIN : u_core/core_i/id_stage_i/ZBUF_5_inst_3658/Y
                               16.00          27.73         -11.73  (VIOLATED) 

   u_core/core_i/id_stage_i/ZBUF_56_183
                               16.00          27.56         -11.56  (VIOLATED) 
     PIN : u_core/core_i/id_stage_i/ZBUF_56_inst_2775/Y
                               16.00          27.56         -11.56  (VIOLATED) 

   u_core/core_i/id_stage_i/ZBUF_62_213
                               16.00          27.13         -11.13  (VIOLATED) 
     PIN : u_core/core_i/id_stage_i/ZBUF_62_inst_2977/Y
                               16.00          27.13         -11.13  (VIOLATED) 

   u_core/core_i/id_stage_i/ZBUF_938_315
                               32.00          43.09         -11.09  (VIOLATED) 
     PIN : u_core/core_i/id_stage_i/ZBUF_938_inst_3853/Y
                               32.00          43.09         -11.09  (VIOLATED) 

   u_core/core_i/ZBUF_69_70    16.00          26.88         -10.88  (VIOLATED) 
     PIN : u_core/core_i/ZBUF_69_inst_1768/Y
                               16.00          26.88         -10.88  (VIOLATED) 

   u_core/core_i/id_stage_i/ZBUF_37_256
                               32.00          42.73         -10.73  (VIOLATED) 
     PIN : u_core/core_i/id_stage_i/ZBUF_37_inst_3347/Y
                               32.00          42.73         -10.73  (VIOLATED) 

   u_core/core_i/id_stage_i/ZBUF_5_219
                               16.00          26.48         -10.48  (VIOLATED) 
     PIN : u_core/core_i/id_stage_i/ZBUF_5_inst_3014/Y
                               16.00          26.48         -10.48  (VIOLATED) 

   u_core/core_i/n4852         16.00          26.38         -10.38  (VIOLATED) 
     PIN : u_core/core_i/U920/Y
                               16.00          26.38         -10.38  (VIOLATED) 

   u_core/core_i/id_stage_i/ZBUF_5_124
                               16.00          26.31         -10.31  (VIOLATED) 
     PIN : u_core/core_i/id_stage_i/ZBUF_5_inst_2247/Y
                               16.00          26.31         -10.31  (VIOLATED) 

   u_core/core_i/ZBUF_114_283
                               32.00          42.15         -10.15  (VIOLATED) 
     PIN : u_core/core_i/ZBUF_114_inst_3510/Y
                               32.00          42.15         -10.15  (VIOLATED) 

   u_core/core_i/id_stage_i/ZBUF_117_230
                               32.00          42.08         -10.08  (VIOLATED) 
     PIN : u_core/core_i/id_stage_i/ZBUF_117_inst_3148/Y
                               32.00          42.08         -10.08  (VIOLATED) 

   u_core/core_i/n4813         16.00          26.03         -10.03  (VIOLATED) 
     PIN : u_core/core_i/U2887/Y
                               16.00          26.03         -10.03  (VIOLATED) 

   u_core/core_i/id_stage_i/ZBUF_81_311
                               16.00          25.94          -9.94  (VIOLATED) 
     PIN : u_core/core_i/id_stage_i/ZBUF_81_inst_3770/Y
                               16.00          25.94          -9.94  (VIOLATED) 

   u_core/core_i/n3383         32.00          41.93          -9.93  (VIOLATED) 
     PIN : u_core/core_i/U3523/Y
                               32.00          41.93          -9.93  (VIOLATED) 

   u_core/core_i/id_stage_i/N429
                               16.00          25.93          -9.93  (VIOLATED) 
     PIN : u_core/core_i/id_stage_i/U2905/Y
                               16.00          25.93          -9.93  (VIOLATED) 

   ZBUF_68_89                  32.00          41.89          -9.89  (VIOLATED) 
     PIN : ZBUF_68_inst_1926/Y
                               32.00          41.89          -9.89  (VIOLATED) 

   u_core/core_i/id_stage_i/ZBUF_62_198
                               16.00          25.82          -9.82  (VIOLATED) 
     PIN : u_core/core_i/id_stage_i/ZBUF_62_inst_2884/Y
                               16.00          25.82          -9.82  (VIOLATED) 

   u_core/core_i/id_stage_i/ZBUF_5_302
                               16.00          25.56          -9.56  (VIOLATED) 
     PIN : u_core/core_i/id_stage_i/ZBUF_5_inst_3683/Y
                               16.00          25.56          -9.56  (VIOLATED) 

   u_core/core_i/cs_registers_i/ZBUF_41_247
                               32.00          41.55          -9.55  (VIOLATED) 
     PIN : u_core/core_i/cs_registers_i/ZBUF_41_inst_3288/Y
                               32.00          41.55          -9.55  (VIOLATED) 

   u_core/core_i/id_stage_i/ZBUF_161_213
                               32.00          41.47          -9.47  (VIOLATED) 
     PIN : u_core/core_i/id_stage_i/ZBUF_161_inst_2981/Y
                               32.00          41.47          -9.47  (VIOLATED) 

   u_core/core_i/id_stage_i/ZBUF_37_199
                               32.00          41.38          -9.38  (VIOLATED) 
     PIN : u_core/core_i/id_stage_i/ZBUF_37_inst_2886/Y
                               32.00          41.38          -9.38  (VIOLATED) 

   irq_id_o[2]                 32.00          41.33          -9.33  (VIOLATED) 
     PIN : u_core/core_i/id_stage_i/U3091/Y
                               32.00          41.33          -9.33  (VIOLATED) 

   u_core/core_i/id_stage_i/ZBUF_54_169
                               16.00          25.30          -9.30  (VIOLATED) 
     PIN : u_core/core_i/id_stage_i/ZBUF_54_inst_2659/Y
                               16.00          25.30          -9.30  (VIOLATED) 

   u_core/core_i/id_stage_i/n268
                               64.00          73.28          -9.28  (VIOLATED) 
     PIN : u_core/core_i/id_stage_i/U267/Y
                               64.00          73.28          -9.28  (VIOLATED) 

   u_core/core_i/id_stage_i/ZBUF_133_239
                               32.00          41.27          -9.27  (VIOLATED) 
     PIN : u_core/core_i/id_stage_i/ZBUF_133_inst_3220/Y
                               32.00          41.27          -9.27  (VIOLATED) 

   u_core/core_i/id_stage_i/ZBUF_37_172
                               32.00          41.22          -9.22  (VIOLATED) 
     PIN : u_core/core_i/id_stage_i/ZBUF_37_inst_2673/Y
                               32.00          41.22          -9.22  (VIOLATED) 

   u_core/core_i/id_stage_i/ZBUF_545_78
                               32.00          41.17          -9.17  (VIOLATED) 
     PIN : u_core/core_i/id_stage_i/ZBUF_545_inst_1855/Y
                               32.00          41.17          -9.17  (VIOLATED) 

   u_core/core_i/cs_registers_i/ZBUF_12_168
                               32.00          41.17          -9.17  (VIOLATED) 
     PIN : u_core/core_i/cs_registers_i/ZBUF_12_inst_2650/Y
                               32.00          41.17          -9.17  (VIOLATED) 

   u_core/core_i/id_stage_i/n3300
                               32.00          41.06          -9.06  (VIOLATED) 
     PIN : u_core/core_i/id_stage_i/U2694/Y
                               32.00          41.06          -9.06  (VIOLATED) 

   u_core/core_i/id_stage_i/ZBUF_1094_35
                               64.00          72.97          -8.97  (VIOLATED) 
     PIN : u_core/core_i/id_stage_i/ZBUF_1094_inst_1261/Y
                               64.00          72.97          -8.97  (VIOLATED) 

   u_core/core_i/ZBUF_32_52    32.00          40.79          -8.79  (VIOLATED) 
     PIN : u_core/core_i/ZBUF_32_inst_1566/Y
                               32.00          40.79          -8.79  (VIOLATED) 

   u_core/core_i/id_stage_i/n393
                               82.00          90.71          -8.71  (VIOLATED) 
     PIN : u_core/core_i/id_stage_i/U1185/Y
                               82.00          90.71          -8.71  (VIOLATED) 

   u_core/core_i/ZBUF_12_255
                               16.00          24.70          -8.70  (VIOLATED) 
     PIN : u_core/core_i/ZBUF_12_inst_3323/Y
                               16.00          24.70          -8.70  (VIOLATED) 

   u_core/core_i/id_stage_i/ZBUF_47_290
                               32.00          40.49          -8.49  (VIOLATED) 
     PIN : u_core/core_i/id_stage_i/ZBUF_47_inst_3568/Y
                               32.00          40.49          -8.49  (VIOLATED) 

   u_core/core_i/n3565         16.00          24.38          -8.38  (VIOLATED) 
     PIN : u_core/core_i/U3440/S
                               16.00          24.38          -8.38  (VIOLATED) 

   u_core/core_i/id_stage_i/ZBUF_77_221
                               16.00          24.24          -8.24  (VIOLATED) 
     PIN : u_core/core_i/id_stage_i/ZBUF_77_inst_3045/Y
                               16.00          24.24          -8.24  (VIOLATED) 

   u_core/core_i/id_stage_i/ZBUF_49_307
                               16.00          24.15          -8.15  (VIOLATED) 
     PIN : u_core/core_i/id_stage_i/ZBUF_49_inst_3725/Y
                               16.00          24.15          -8.15  (VIOLATED) 

   u_core/core_i/id_stage_i/ZBUF_28_131
                               32.00          40.00          -8.00  (VIOLATED) 
     PIN : u_core/core_i/id_stage_i/ZBUF_28_inst_2310/Y
                               32.00          40.00          -8.00  (VIOLATED) 

   u_core/core_i/id_stage_i/n3369
                               32.00          39.77          -7.77  (VIOLATED) 
     PIN : u_core/core_i/id_stage_i/U2704/Y
                               32.00          39.77          -7.77  (VIOLATED) 

   u_core/core_i/id_stage_i/ZBUF_1034_34
                               82.00          89.77          -7.77  (VIOLATED) 
     PIN : u_core/core_i/id_stage_i/ZBUF_1034_inst_1182/Y
                               82.00          89.77          -7.77  (VIOLATED) 

   u_core/core_i/id_stage_i/ZBUF_37_147
                               32.00          39.72          -7.72  (VIOLATED) 
     PIN : u_core/core_i/id_stage_i/ZBUF_37_inst_2444/Y
                               32.00          39.72          -7.72  (VIOLATED) 

   u_core/core_i/cs_registers_i/ZBUF_16_111
                               32.00          39.55          -7.55  (VIOLATED) 
     PIN : u_core/core_i/cs_registers_i/ZBUF_16_inst_2143/Y
                               32.00          39.55          -7.55  (VIOLATED) 

   u_core/core_i/id_stage_i/ZBUF_28_199
                               32.00          39.47          -7.47  (VIOLATED) 
     PIN : u_core/core_i/id_stage_i/ZBUF_28_inst_2887/Y
                               32.00          39.47          -7.47  (VIOLATED) 

   u_core/core_i/id_stage_i/ZBUF_803_318
                               32.00          39.24          -7.24  (VIOLATED) 
     PIN : u_core/core_i/id_stage_i/ZBUF_803_inst_3895/Y
                               32.00          39.24          -7.24  (VIOLATED) 

   u_core/core_i/id_stage_i/ZBUF_42_160
                               32.00          39.21          -7.21  (VIOLATED) 
     PIN : u_core/core_i/id_stage_i/ZBUF_42_inst_2556/Y
                               32.00          39.21          -7.21  (VIOLATED) 

   u_core/core_i/id_stage_i/ZBUF_24_27
                               16.00          23.13          -7.13  (VIOLATED) 
     PIN : u_core/core_i/id_stage_i/ZBUF_24_inst_1140/Y
                               16.00          23.13          -7.13  (VIOLATED) 

   u_core/core_i/id_stage_i/n3336
                               32.00          39.05          -7.05  (VIOLATED) 
     PIN : u_core/core_i/id_stage_i/U4010/Y
                               32.00          39.05          -7.05  (VIOLATED) 

   u_core/core_i/ZBUF_147_91
                               16.00          23.01          -7.01  (VIOLATED) 
     PIN : u_core/core_i/ZBUF_147_inst_1955/Y
                               16.00          23.01          -7.01  (VIOLATED) 

   u_core/core_i/id_stage_i/ZBUF_66_96
                               32.00          38.98          -6.98  (VIOLATED) 
     PIN : u_core/core_i/id_stage_i/ZBUF_66_inst_2019/Y
                               32.00          38.98          -6.98  (VIOLATED) 

   u_core/core_i/id_stage_i/n646
                               64.00          70.92          -6.92  (VIOLATED) 
     PIN : u_core/core_i/id_stage_i/U1667/Y
                               64.00          70.92          -6.92  (VIOLATED) 

   u_core/core_i/cs_registers_i/ZBUF_9_141
                               32.00          38.89          -6.89  (VIOLATED) 
     PIN : u_core/core_i/cs_registers_i/ZBUF_9_inst_2423/Y
                               32.00          38.89          -6.89  (VIOLATED) 

   u_core/core_i/n135           8.00          14.89          -6.89  (VIOLATED) 
     PIN : u_core/core_i/U645/Y
                                8.00          14.89          -6.89  (VIOLATED) 

   u_core/core_i/id_stage_i/N460
                               16.00          22.73          -6.73  (VIOLATED) 
     PIN : u_core/core_i/id_stage_i/U2977/Y
                               16.00          22.73          -6.73  (VIOLATED) 

   u_core/core_i/id_stage_i/ZBUF_5_292
                               16.00          22.68          -6.68  (VIOLATED) 
     PIN : u_core/core_i/id_stage_i/ZBUF_5_inst_3590/Y
                               16.00          22.68          -6.68  (VIOLATED) 

   u_core/core_i/id_stage_i/ZBUF_61_170
                               32.00          38.65          -6.65  (VIOLATED) 
     PIN : u_core/core_i/id_stage_i/ZBUF_61_inst_2668/Y
                               32.00          38.65          -6.65  (VIOLATED) 

   u_core/core_i/ZBUF_168_110
                               32.00          38.53          -6.53  (VIOLATED) 
     PIN : u_core/core_i/ZBUF_168_inst_2096/Y
                               32.00          38.53          -6.53  (VIOLATED) 

   ZBUF_219_23                 32.00          38.52          -6.52  (VIOLATED) 
     PIN : ZBUF_219_inst_1129/Y
                               32.00          38.52          -6.52  (VIOLATED) 

   u_core/core_i/n67           32.00          38.45          -6.45  (VIOLATED) 
     PIN : u_core/core_i/U329/Y
                               32.00          38.45          -6.45  (VIOLATED) 

   u_core/core_i/id_stage_i/ZBUF_1463_245
                               32.00          38.34          -6.34  (VIOLATED) 
     PIN : u_core/core_i/id_stage_i/ZBUF_1463_inst_3267/Y
                               32.00          38.34          -6.34  (VIOLATED) 

   u_core/core_i/id_stage_i/alu_operand_b[31]
                               16.00          22.32          -6.32  (VIOLATED) 
     PIN : u_core/core_i/id_stage_i/U2882/Y
                               16.00          22.32          -6.32  (VIOLATED) 

   u_core/core_i/id_stage_i/ZBUF_47_309
                               32.00          38.26          -6.26  (VIOLATED) 
     PIN : u_core/core_i/id_stage_i/ZBUF_47_inst_3750/Y
                               32.00          38.26          -6.26  (VIOLATED) 

   u_core/core_i/n2310         16.00          22.15          -6.15  (VIOLATED) 
     PIN : u_core/core_i/U2793/Y
                               16.00          22.15          -6.15  (VIOLATED) 

   u_core/core_i/id_stage_i/ZBUF_532_298
                               32.00          38.02          -6.02  (VIOLATED) 
     PIN : u_core/core_i/id_stage_i/ZBUF_532_inst_3642/Y
                               32.00          38.02          -6.02  (VIOLATED) 

   irq_id_o[3]                 32.00          37.82          -5.82  (VIOLATED) 
     PIN : u_core/core_i/id_stage_i/U3078/Y
                               32.00          37.82          -5.82  (VIOLATED) 

   u_core/core_i/id_stage_i/ZBUF_54_188
                               16.00          21.81          -5.81  (VIOLATED) 
     PIN : u_core/core_i/id_stage_i/ZBUF_54_inst_2799/Y
                               16.00          21.81          -5.81  (VIOLATED) 

   u_core/core_i/ZBUF_12_69    16.00          21.77          -5.77  (VIOLATED) 
     PIN : u_core/core_i/ZBUF_12_inst_1746/Y
                               16.00          21.77          -5.77  (VIOLATED) 

   u_core/core_i/id_stage_i/ZBUF_53_169
                               32.00          37.65          -5.65  (VIOLATED) 
     PIN : u_core/core_i/id_stage_i/ZBUF_53_inst_2664/Y
                               32.00          37.65          -5.65  (VIOLATED) 

   u_core/core_i/id_stage_i/ZBUF_39_184
                               32.00          37.62          -5.62  (VIOLATED) 
     PIN : u_core/core_i/id_stage_i/ZBUF_39_inst_2777/Y
                               32.00          37.62          -5.62  (VIOLATED) 

   u_core/core_i/n3260         32.00          37.61          -5.61  (VIOLATED) 
     PIN : u_core/core_i/U3435/Y
                               32.00          37.61          -5.61  (VIOLATED) 

   u_core/core_i/id_stage_i/ZBUF_533_154
                               16.00          21.42          -5.42  (VIOLATED) 
     PIN : u_core/core_i/id_stage_i/ZBUF_533_inst_2477/Y
                               16.00          21.42          -5.42  (VIOLATED) 

   u_core/core_i/ZBUF_886_2    32.00          37.41          -5.41  (VIOLATED) 
     PIN : u_core/core_i/ZBUF_886_inst_967/Y
                               32.00          37.41          -5.41  (VIOLATED) 

   u_core/core_i/id_stage_i/ZBUF_65_312
                               16.00          21.35          -5.35  (VIOLATED) 
     PIN : u_core/core_i/id_stage_i/ZBUF_65_inst_3775/Y
                               16.00          21.35          -5.35  (VIOLATED) 

   u_core/core_i/id_stage_i/n3440
                               32.00          37.35          -5.35  (VIOLATED) 
     PIN : u_core/core_i/id_stage_i/U2800/Y
                               32.00          37.35          -5.35  (VIOLATED) 

   u_core/core_i/id_stage_i/ZBUF_66_189
                               16.00          21.31          -5.31  (VIOLATED) 
     PIN : u_core/core_i/id_stage_i/ZBUF_66_inst_2809/Y
                               16.00          21.31          -5.31  (VIOLATED) 

   u_core/core_i/n68           32.00          37.30          -5.30  (VIOLATED) 
     PIN : u_core/core_i/U331/Y
                               32.00          37.30          -5.30  (VIOLATED) 

   u_core/core_i/n1217          8.00          13.19          -5.19  (VIOLATED) 
     PIN : u_core/core_i/U1462/Y
                                8.00          13.19          -5.19  (VIOLATED) 

   u_core/core_i/n4805         16.00          21.16          -5.16  (VIOLATED) 
     PIN : u_core/core_i/U2547/Y
                               16.00          21.16          -5.16  (VIOLATED) 

   u_core/core_i/id_stage_i/ZBUF_87_272
                               32.00          37.09          -5.09  (VIOLATED) 
     PIN : u_core/core_i/id_stage_i/ZBUF_87_inst_3428/Y
                               32.00          37.09          -5.09  (VIOLATED) 

   u_core/core_i/id_stage_i/n303
                               64.00          69.09          -5.09  (VIOLATED) 
     PIN : u_core/core_i/id_stage_i/U366/Y
                               64.00          69.09          -5.09  (VIOLATED) 

   u_core/core_i/id_stage_i/ZBUF_32_202
                               16.00          21.07          -5.07  (VIOLATED) 
     PIN : u_core/core_i/id_stage_i/ZBUF_32_inst_2902/Y
                               16.00          21.07          -5.07  (VIOLATED) 

   u_core/core_i/id_stage_i/ZBUF_24_24
                               16.00          21.04          -5.04  (VIOLATED) 
     PIN : u_core/core_i/id_stage_i/ZBUF_24_inst_1132/Y
                               16.00          21.04          -5.04  (VIOLATED) 

   u_core/core_i/n4811         16.00          20.98          -4.98  (VIOLATED) 
     PIN : u_core/core_i/U2816/Y
                               16.00          20.98          -4.98  (VIOLATED) 

   u_core/core_i/ZBUF_118_245
                               32.00          36.94          -4.94  (VIOLATED) 
     PIN : u_core/core_i/ZBUF_118_inst_3259/Y
                               32.00          36.94          -4.94  (VIOLATED) 

   u_core/core_i/id_stage_i/n2729
                               32.00          36.83          -4.83  (VIOLATED) 
     PIN : u_core/core_i/id_stage_i/U2739/Y
                               32.00          36.83          -4.83  (VIOLATED) 

   u_core/core_i/id_stage_i/ZBUF_58_66
                               16.00          20.82          -4.82  (VIOLATED) 
     PIN : u_core/core_i/id_stage_i/ZBUF_58_inst_1676/Y
                               16.00          20.82          -4.82  (VIOLATED) 

   u_core/core_i/n4766         16.00          20.81          -4.81  (VIOLATED) 
     PIN : u_core/core_i/U2022/Y
                               16.00          20.81          -4.81  (VIOLATED) 

   u_core/core_i/n2736         32.00          36.73          -4.73  (VIOLATED) 
     PIN : u_core/core_i/U3053/Y
                               32.00          36.73          -4.73  (VIOLATED) 

   u_core/core_i/id_stage_i/ZBUF_812_292
                               82.00          86.64          -4.64  (VIOLATED) 
     PIN : u_core/core_i/id_stage_i/ZBUF_812_inst_3601/Y
                               82.00          86.64          -4.64  (VIOLATED) 

   u_core/core_i/n3081         32.00          36.62          -4.62  (VIOLATED) 
     PIN : u_core/core_i/U3392/Y
                               32.00          36.62          -4.62  (VIOLATED) 

   u_core/core_i/id_stage_i/ZBUF_5_264
                               16.00          20.50          -4.50  (VIOLATED) 
     PIN : u_core/core_i/id_stage_i/ZBUF_5_inst_3392/Y
                               16.00          20.50          -4.50  (VIOLATED) 

   u_core/core_i/n466           8.00          12.47          -4.47  (VIOLATED) 
     PIN : u_core/core_i/U431/Y
                                8.00          12.47          -4.47  (VIOLATED) 

   u_core/core_i/jump_target_id[26]
                               16.00          20.45          -4.45  (VIOLATED) 
     PIN : u_core/core_i/id_stage_i/U1132/S
                               16.00          20.45          -4.45  (VIOLATED) 

   u_core/core_i/id_stage_i/ZBUF_65_248
                               32.00          36.45          -4.45  (VIOLATED) 
     PIN : u_core/core_i/id_stage_i/ZBUF_65_inst_3295/Y
                               32.00          36.45          -4.45  (VIOLATED) 

   u_core/core_i/ZBUF_65_193
                               16.00          20.42          -4.42  (VIOLATED) 
     PIN : u_core/core_i/ZBUF_65_inst_2836/Y
                               16.00          20.42          -4.42  (VIOLATED) 

   u_core/core_i/ZBUF_665_314
                               32.00          36.40          -4.40  (VIOLATED) 
     PIN : u_core/core_i/ZBUF_665_inst_3818/Y
                               32.00          36.40          -4.40  (VIOLATED) 

   u_core/core_i/ZBUF_116_69
                               16.00          20.27          -4.27  (VIOLATED) 
     PIN : u_core/core_i/ZBUF_116_inst_1738/Y
                               16.00          20.27          -4.27  (VIOLATED) 

   ZBUF_47_168                 16.00          20.21          -4.21  (VIOLATED) 
     PIN : ZBUF_47_inst_2653/Y
                               16.00          20.21          -4.21  (VIOLATED) 

   u_core/core_i/id_stage_i/n324
                               32.00          36.20          -4.20  (VIOLATED) 
     PIN : u_core/core_i/id_stage_i/U522/Y
                               32.00          36.20          -4.20  (VIOLATED) 

   u_core/core_i/id_stage_i/ZBUF_83_242
                               16.00          20.18          -4.18  (VIOLATED) 
     PIN : u_core/core_i/id_stage_i/ZBUF_83_inst_3237/Y
                               16.00          20.18          -4.18  (VIOLATED) 

   u_core/core_i/ZBUF_917_307
                               64.00          68.15          -4.15  (VIOLATED) 
     PIN : u_core/core_i/ZBUF_917_inst_3731/Y
                               64.00          68.15          -4.15  (VIOLATED) 

   u_core/core_i/id_stage_i/ZBUF_77_220
                               32.00          36.11          -4.11  (VIOLATED) 
     PIN : u_core/core_i/id_stage_i/ZBUF_77_inst_3043/Y
                               32.00          36.11          -4.11  (VIOLATED) 

   u_core/core_i/id_stage_i/ZBUF_61_231
                               32.00          36.06          -4.06  (VIOLATED) 
     PIN : u_core/core_i/id_stage_i/ZBUF_61_inst_3156/Y
                               32.00          36.06          -4.06  (VIOLATED) 

   u_core/core_i/id_stage_i/ZBUF_37_259
                               16.00          20.02          -4.02  (VIOLATED) 
     PIN : u_core/core_i/id_stage_i/ZBUF_37_inst_3370/Y
                               16.00          20.02          -4.02  (VIOLATED) 

   u_core/core_i/id_stage_i/ZBUF_541_185
                               32.00          36.01          -4.01  (VIOLATED) 
     PIN : u_core/core_i/id_stage_i/ZBUF_541_inst_2786/Y
                               32.00          36.01          -4.01  (VIOLATED) 

   u_core/core_i/id_stage_i/operand_b[1]
                               16.00          19.99          -3.99  (VIOLATED) 
     PIN : u_core/core_i/id_stage_i/U2465/Y
                               16.00          19.99          -3.99  (VIOLATED) 

   u_core/core_i/n5394         16.00          19.93          -3.93  (VIOLATED) 
     PIN : u_core/core_i/U632/Y
                               16.00          19.93          -3.93  (VIOLATED) 

   u_core/core_i/id_stage_i/ZBUF_68_222
                               32.00          35.86          -3.86  (VIOLATED) 
     PIN : u_core/core_i/id_stage_i/ZBUF_68_inst_3050/Y
                               32.00          35.86          -3.86  (VIOLATED) 

   u_core/core_i/id_stage_i/n3252
                               32.00          35.78          -3.78  (VIOLATED) 
     PIN : u_core/core_i/id_stage_i/U3745/Y
                               32.00          35.78          -3.78  (VIOLATED) 

   u_core/core_i/cs_registers_i/ZBUF_15_271
                               32.00          35.75          -3.75  (VIOLATED) 
     PIN : u_core/core_i/cs_registers_i/ZBUF_15_inst_3424/Y
                               32.00          35.75          -3.75  (VIOLATED) 

   u_core/core_i/id_stage_i/ZBUF_49_182
                               16.00          19.55          -3.55  (VIOLATED) 
     PIN : u_core/core_i/id_stage_i/ZBUF_49_inst_2758/Y
                               16.00          19.55          -3.55  (VIOLATED) 

   u_core/core_i/id_stage_i/ZBUF_45_143
                               16.00          19.50          -3.50  (VIOLATED) 
     PIN : u_core/core_i/id_stage_i/ZBUF_45_inst_2427/Y
                               16.00          19.50          -3.50  (VIOLATED) 

   u_core/core_i/n3047         32.00          35.49          -3.49  (VIOLATED) 
     PIN : u_core/core_i/U3328/Y
                               32.00          35.49          -3.49  (VIOLATED) 

   u_core/core_i/ZBUF_167_37
                               32.00          35.36          -3.36  (VIOLATED) 
     PIN : u_core/core_i/ZBUF_167_inst_1314/Y
                               32.00          35.36          -3.36  (VIOLATED) 

   u_core/core_i/id_stage_i/n2723
                               32.00          35.34          -3.34  (VIOLATED) 
     PIN : u_core/core_i/id_stage_i/U2728/Y
                               32.00          35.34          -3.34  (VIOLATED) 

   u_core/core_i/id_stage_i/ZBUF_1240_48
                               82.00          85.33          -3.33  (VIOLATED) 
     PIN : u_core/core_i/id_stage_i/ZBUF_1240_inst_1482/Y
                               82.00          85.33          -3.33  (VIOLATED) 

   u_core/core_i/id_stage_i/ZBUF_699_8
                               64.00          67.33          -3.33  (VIOLATED) 
     PIN : u_core/core_i/id_stage_i/ZBUF_699_inst_1043/Y
                               64.00          67.33          -3.33  (VIOLATED) 

   u_core/core_i/id_stage_i/ZBUF_32_86
                               16.00          19.32          -3.32  (VIOLATED) 
     PIN : u_core/core_i/id_stage_i/ZBUF_32_inst_1897/Y
                               16.00          19.32          -3.32  (VIOLATED) 

   u_core/core_i/id_stage_i/ZBUF_47_78
                               16.00          19.26          -3.26  (VIOLATED) 
     PIN : u_core/core_i/id_stage_i/ZBUF_47_inst_1853/Y
                               16.00          19.26          -3.26  (VIOLATED) 

   u_core/core_i/id_stage_i/ZBUF_1129_35
                               64.00          67.19          -3.19  (VIOLATED) 
     PIN : u_core/core_i/id_stage_i/ZBUF_1129_inst_1262/Y
                               64.00          67.19          -3.19  (VIOLATED) 

   u_core/core_i/n2370          8.00          11.18          -3.18  (VIOLATED) 
     PIN : u_core/core_i/U2497/S
                                8.00          11.18          -3.18  (VIOLATED) 

   u_core/core_i/id_stage_i/ZBUF_72_160
                               32.00          35.17          -3.17  (VIOLATED) 
     PIN : u_core/core_i/id_stage_i/ZBUF_72_inst_2555/Y
                               32.00          35.17          -3.17  (VIOLATED) 

   u_core/core_i/cs_registers_i/n622
                               16.00          19.10          -3.10  (VIOLATED) 
     PIN : u_core/core_i/cs_registers_i/U175/Y
                               16.00          19.10          -3.10  (VIOLATED) 

   u_core/core_i/id_stage_i/ZBUF_24_11
                               16.00          19.04          -3.04  (VIOLATED) 
     PIN : u_core/core_i/id_stage_i/ZBUF_24_inst_1075/Y
                               16.00          19.04          -3.04  (VIOLATED) 

   u_core/core_i/id_stage_i/ZBUF_437_34
                               32.00          35.01          -3.01  (VIOLATED) 
     PIN : u_core/core_i/id_stage_i/ZBUF_437_inst_1215/Y
                               32.00          35.01          -3.01  (VIOLATED) 

   u_core/core_i/jump_target_id[2]
                               16.00          18.98          -2.98  (VIOLATED) 
     PIN : u_core/core_i/id_stage_i/U1156/S
                               16.00          18.98          -2.98  (VIOLATED) 

   u_core/core_i/id_stage_i/ZBUF_62_214
                               32.00          34.96          -2.96  (VIOLATED) 
     PIN : u_core/core_i/id_stage_i/ZBUF_62_inst_2983/Y
                               32.00          34.96          -2.96  (VIOLATED) 

   u_core/core_i/n3280         16.00          18.95          -2.95  (VIOLATED) 
     PIN : u_core/core_i/U365/Y
                               16.00          18.95          -2.95  (VIOLATED) 

   u_core/core_i/id_stage_i/ZBUF_37_222
                               32.00          34.86          -2.86  (VIOLATED) 
     PIN : u_core/core_i/id_stage_i/ZBUF_37_inst_3059/Y
                               32.00          34.86          -2.86  (VIOLATED) 

   u_core/core_i/id_stage_i/n754
                                8.00          10.81          -2.81  (VIOLATED) 
     PIN : u_core/core_i/id_stage_i/U511/Y
                                8.00          10.81          -2.81  (VIOLATED) 

   u_core/core_i/n88           32.00          34.81          -2.81  (VIOLATED) 
     PIN : u_core/core_i/U363/Y
                               32.00          34.81          -2.81  (VIOLATED) 

   u_core/core_i/id_stage_i/ZBUF_47_136
                               16.00          18.75          -2.75  (VIOLATED) 
     PIN : u_core/core_i/id_stage_i/ZBUF_47_inst_2353/Y
                               16.00          18.75          -2.75  (VIOLATED) 

   u_core/core_i/id_stage_i/ZBUF_32_21
                               16.00          18.75          -2.75  (VIOLATED) 
     PIN : u_core/core_i/id_stage_i/ZBUF_32_inst_1119/Y
                               16.00          18.75          -2.75  (VIOLATED) 

   u_core/core_i/id_stage_i/ZBUF_13_19
                               16.00          18.70          -2.70  (VIOLATED) 
     PIN : u_core/core_i/id_stage_i/ZBUF_13_inst_1113/Y
                               16.00          18.70          -2.70  (VIOLATED) 

   u_core/core_i/n4822         16.00          18.69          -2.69  (VIOLATED) 
     PIN : u_core/core_i/U2678/Y
                               16.00          18.69          -2.69  (VIOLATED) 

   u_core/core_i/id_stage_i/ZBUF_45_317
                               32.00          34.66          -2.66  (VIOLATED) 
     PIN : u_core/core_i/id_stage_i/ZBUF_45_inst_3861/Y
                               32.00          34.66          -2.66  (VIOLATED) 

   u_core/core_i/n1566         16.00          18.66          -2.66  (VIOLATED) 
     PIN : u_core/core_i/U1779/Y
                               16.00          18.66          -2.66  (VIOLATED) 

   u_core/core_i/id_stage_i/ZBUF_718_314
                               64.00          66.64          -2.64  (VIOLATED) 
     PIN : u_core/core_i/id_stage_i/ZBUF_718_inst_3802/Y
                               64.00          66.64          -2.64  (VIOLATED) 

   u_core/core_i/id_stage_i/operand_b[0]
                               16.00          18.64          -2.64  (VIOLATED) 
     PIN : u_core/core_i/id_stage_i/U2813/Y
                               16.00          18.64          -2.64  (VIOLATED) 

   u_core/core_i/id_stage_i/ZBUF_64_300
                               16.00          18.62          -2.62  (VIOLATED) 
     PIN : u_core/core_i/id_stage_i/ZBUF_64_inst_3655/Y
                               16.00          18.62          -2.62  (VIOLATED) 

   u_core/core_i/n484           8.00          10.61          -2.61  (VIOLATED) 
     PIN : u_core/core_i/U495/Y
                                8.00          10.61          -2.61  (VIOLATED) 

   u_core/core_i/id_stage_i/ZBUF_79_146
                               32.00          34.61          -2.61  (VIOLATED) 
     PIN : u_core/core_i/id_stage_i/ZBUF_79_inst_2441/Y
                               32.00          34.61          -2.61  (VIOLATED) 

   u_core/core_i/n1422          8.00          10.60          -2.60  (VIOLATED) 
     PIN : u_core/core_i/U1660/Y
                                8.00          10.60          -2.60  (VIOLATED) 

   u_core/core_i/jump_target_id[28]
                               16.00          18.58          -2.58  (VIOLATED) 
     PIN : u_core/core_i/id_stage_i/U1130/S
                               16.00          18.58          -2.58  (VIOLATED) 

   u_core/core_i/id_stage_i/ZBUF_32_131
                               16.00          18.45          -2.45  (VIOLATED) 
     PIN : u_core/core_i/id_stage_i/ZBUF_32_inst_2313/Y
                               16.00          18.45          -2.45  (VIOLATED) 

   u_core/core_i/n1275          8.00          10.41          -2.41  (VIOLATED) 
     PIN : u_core/core_i/U444/Y
                                8.00          10.41          -2.41  (VIOLATED) 

   u_core/core_i/id_stage_i/ZBUF_497_40
                               64.00          66.39          -2.39  (VIOLATED) 
     PIN : u_core/core_i/id_stage_i/ZBUF_497_inst_1408/Y
                               64.00          66.39          -2.39  (VIOLATED) 

   u_core/core_i/ZBUF_5_92     16.00          18.36          -2.36  (VIOLATED) 
     PIN : u_core/core_i/ZBUF_5_inst_1970/Y
                               16.00          18.36          -2.36  (VIOLATED) 

   u_core/core_i/ZBUF_32_45    32.00          34.35          -2.35  (VIOLATED) 
     PIN : u_core/core_i/ZBUF_32_inst_1461/Y
                               32.00          34.35          -2.35  (VIOLATED) 

   u_core/core_i/id_stage_i/ZBUF_66_171
                               32.00          34.25          -2.25  (VIOLATED) 
     PIN : u_core/core_i/id_stage_i/ZBUF_66_inst_2671/Y
                               32.00          34.25          -2.25  (VIOLATED) 

   u_core/core_i/id_stage_i/ZBUF_32_291
                               32.00          34.14          -2.14  (VIOLATED) 
     PIN : u_core/core_i/id_stage_i/ZBUF_32_inst_3572/Y
                               32.00          34.14          -2.14  (VIOLATED) 

   u_core/core_i/id_stage_i/ZBUF_636_156
                               32.00          34.14          -2.14  (VIOLATED) 
     PIN : u_core/core_i/id_stage_i/ZBUF_636_inst_2488/Y
                               32.00          34.14          -2.14  (VIOLATED) 

   u_core/core_i/id_stage_i/ZBUF_77_276
                               16.00          18.10          -2.10  (VIOLATED) 
     PIN : u_core/core_i/id_stage_i/ZBUF_77_inst_3470/Y
                               16.00          18.10          -2.10  (VIOLATED) 

   u_core/core_i/id_stage_i/ZBUF_68_307
                               32.00          33.99          -1.99  (VIOLATED) 
     PIN : u_core/core_i/id_stage_i/ZBUF_68_inst_3735/Y
                               32.00          33.99          -1.99  (VIOLATED) 

   u_core/core_i/ZBUF_530_1    32.00          33.99          -1.99  (VIOLATED) 
     PIN : u_core/core_i/ZBUF_530_inst_941/Y
                               32.00          33.99          -1.99  (VIOLATED) 

   u_core/core_i/ex_stage_i/mult_i/int_op_a_msu[17]
                                8.00           9.96          -1.96  (VIOLATED) 
     PIN : u_core/core_i/id_stage_i/mult_operand_a_ex_o_reg[17]/Q
                                8.00           9.96          -1.96  (VIOLATED) 

   u_core/core_i/id_stage_i/register_file_i/mem[10][23]
                                8.00           9.96          -1.96  (VIOLATED) 
     PIN : u_core/core_i/id_stage_i/register_file_i/mem_reg[10][23]/Q
                                8.00           9.96          -1.96  (VIOLATED) 

   u_core/core_i/jump_target_id[29]
                               16.00          17.95          -1.95  (VIOLATED) 
     PIN : u_core/core_i/id_stage_i/U1129/S
                               16.00          17.95          -1.95  (VIOLATED) 

   u_core/core_i/n4559          8.00           9.92          -1.92  (VIOLATED) 
     PIN : u_core/core_i/U4104/Y
                                8.00           9.92          -1.92  (VIOLATED) 

   u_core/core_i/id_stage_i/ZBUF_65_115
                               32.00          33.86          -1.86  (VIOLATED) 
     PIN : u_core/core_i/id_stage_i/ZBUF_65_inst_2174/Y
                               32.00          33.86          -1.86  (VIOLATED) 

   u_core/core_i/id_stage_i/ZBUF_50_33
                               16.00          17.85          -1.85  (VIOLATED) 
     PIN : u_core/core_i/id_stage_i/ZBUF_50_inst_1179/Y
                               16.00          17.85          -1.85  (VIOLATED) 

   u_core/core_i/id_stage_i/ZBUF_47_200
                               32.00          33.84          -1.84  (VIOLATED) 
     PIN : u_core/core_i/id_stage_i/ZBUF_47_inst_2889/Y
                               32.00          33.84          -1.84  (VIOLATED) 

   u_core/core_i/id_stage_i/ZBUF_62_75
                               16.00          17.82          -1.82  (VIOLATED) 
     PIN : u_core/core_i/id_stage_i/ZBUF_62_inst_1832/Y
                               16.00          17.82          -1.82  (VIOLATED) 

   u_core/core_i/id_stage_i/ZBUF_62_95
                               16.00          17.78          -1.78  (VIOLATED) 
     PIN : u_core/core_i/id_stage_i/ZBUF_62_inst_2012/Y
                               16.00          17.78          -1.78  (VIOLATED) 

   u_core/core_i/n4937          8.00           9.75          -1.75  (VIOLATED) 
     PIN : u_core/core_i/U4575/Y
                                8.00           9.75          -1.75  (VIOLATED) 

   u_core/core_i/id_stage_i/ZBUF_24_10
                               16.00          17.74          -1.74  (VIOLATED) 
     PIN : u_core/core_i/id_stage_i/ZBUF_24_inst_1068/Y
                               16.00          17.74          -1.74  (VIOLATED) 

   u_core/core_i/n85           32.00          33.72          -1.72  (VIOLATED) 
     PIN : u_core/core_i/U358/Y
                               32.00          33.72          -1.72  (VIOLATED) 

   u_core/core_i/id_stage_i/alu_operand_b[21]
                               16.00          17.71          -1.71  (VIOLATED) 
     PIN : u_core/core_i/id_stage_i/U2646/Y
                               16.00          17.71          -1.71  (VIOLATED) 

   u_core/core_i/id_stage_i/N461
                               32.00          33.71          -1.71  (VIOLATED) 
     PIN : u_core/core_i/id_stage_i/U2990/Y
                               32.00          33.71          -1.71  (VIOLATED) 

   data_addr_o[1]              16.00          17.67          -1.67  (VIOLATED) 
     PIN : U6/Y                16.00          17.67          -1.67  (VIOLATED) 

   u_core/core_i/id_stage_i/ZBUF_40_158
                               16.00          17.67          -1.67  (VIOLATED) 
     PIN : u_core/core_i/id_stage_i/ZBUF_40_inst_2537/Y
                               16.00          17.67          -1.67  (VIOLATED) 

   u_core/core_i/id_stage_i/ZBUF_507_8
                               32.00          33.65          -1.65  (VIOLATED) 
     PIN : u_core/core_i/id_stage_i/ZBUF_507_inst_1058/Y
                               32.00          33.65          -1.65  (VIOLATED) 

   u_core/core_i/id_stage_i/alu_operand_b[30]
                               16.00          17.65          -1.65  (VIOLATED) 
     PIN : u_core/core_i/id_stage_i/U2584/Y
                               16.00          17.65          -1.65  (VIOLATED) 

   u_core/core_i/n2846          8.00           9.64          -1.64  (VIOLATED) 
     PIN : u_core/core_i/U2738/Y
                                8.00           9.64          -1.64  (VIOLATED) 

   dftopt31                    16.00          17.59          -1.59  (VIOLATED) 
     PIN : u_core/core_i/ZBUF_132_inst_2018/Y
                               16.00          17.59          -1.59  (VIOLATED) 

   u_core/core_i/ZBUF_497_52
                               32.00          33.57          -1.57  (VIOLATED) 
     PIN : u_core/core_i/ZBUF_497_inst_1536/Y
                               32.00          33.57          -1.57  (VIOLATED) 

   u_core/core_i/id_stage_i/ZBUF_24_23
                               16.00          17.57          -1.57  (VIOLATED) 
     PIN : u_core/core_i/id_stage_i/ZBUF_24_inst_1125/Y
                               16.00          17.57          -1.57  (VIOLATED) 

   u_core/core_i/id_stage_i/ZBUF_54_117
                               16.00          17.55          -1.55  (VIOLATED) 
     PIN : u_core/core_i/id_stage_i/ZBUF_54_inst_2188/Y
                               16.00          17.55          -1.55  (VIOLATED) 

   irq_ack_o                   32.00          33.46          -1.46  (VIOLATED) 
     PIN : U7/Y                32.00          33.46          -1.46  (VIOLATED) 

   u_core/core_i/id_stage_i/n2274
                                8.00           9.45          -1.45  (VIOLATED) 
     PIN : u_core/core_i/id_stage_i/U1706/Y
                                8.00           9.45          -1.45  (VIOLATED) 

   u_core/core_i/jump_target_id[18]
                               16.00          17.44          -1.44  (VIOLATED) 
     PIN : u_core/core_i/id_stage_i/U1140/S
                               16.00          17.44          -1.44  (VIOLATED) 

   u_core/core_i/id_stage_i/register_file_i/mem[3][27]
                                8.00           9.43          -1.43  (VIOLATED) 
     PIN : u_core/core_i/id_stage_i/register_file_i/mem_reg[3][27]/Q
                                8.00           9.43          -1.43  (VIOLATED) 

   u_core/core_i/id_stage_i/register_file_i/mem[14][27]
                                8.00           9.42          -1.42  (VIOLATED) 
     PIN : u_core/core_i/id_stage_i/register_file_i/mem_reg[14][27]/Q
                                8.00           9.42          -1.42  (VIOLATED) 

   u_core/core_i/id_stage_i/ZBUF_65_311
                               16.00          17.38          -1.38  (VIOLATED) 
     PIN : u_core/core_i/id_stage_i/ZBUF_65_inst_3766/Y
                               16.00          17.38          -1.38  (VIOLATED) 

   u_core/core_i/cs_registers_i/ZBUF_12_258
                               32.00          33.36          -1.36  (VIOLATED) 
     PIN : u_core/core_i/cs_registers_i/ZBUF_12_inst_3360/Y
                               32.00          33.36          -1.36  (VIOLATED) 

   u_core/core_i/id_stage_i/n261
                               32.00          33.33          -1.33  (VIOLATED) 
     PIN : u_core/core_i/id_stage_i/U255/Y
                               32.00          33.33          -1.33  (VIOLATED) 

   u_core/core_i/id_stage_i/n2502
                               32.00          33.32          -1.32  (VIOLATED) 
     PIN : u_core/core_i/id_stage_i/U2475/Y
                               32.00          33.32          -1.32  (VIOLATED) 

   u_core/core_i/id_stage_i/register_file_i/N911
                                8.00           9.30          -1.30  (VIOLATED) 
     PIN : u_core/core_i/id_stage_i/U3752/Y
                                8.00           9.30          -1.30  (VIOLATED) 

   u_core/core_i/cs_registers_i/ZBUF_5_40
                               32.00          33.29          -1.29  (VIOLATED) 
     PIN : u_core/core_i/cs_registers_i/ZBUF_5_inst_1397/Y
                               32.00          33.29          -1.29  (VIOLATED) 

   u_core/core_i/id_stage_i/n345
                               32.00          33.29          -1.29  (VIOLATED) 
     PIN : u_core/core_i/id_stage_i/U738/Y
                               32.00          33.29          -1.29  (VIOLATED) 

   u_core/core_i/id_stage_i/register_file_i/N640
                                8.00           9.23          -1.23  (VIOLATED) 
     PIN : u_core/core_i/id_stage_i/U4128/Y
                                8.00           9.23          -1.23  (VIOLATED) 

   u_core/core_i/n3068         32.00          33.23          -1.23  (VIOLATED) 
     PIN : u_core/core_i/U3366/Y
                               32.00          33.23          -1.23  (VIOLATED) 

   u_core/core_i/id_stage_i/ZBUF_2102_35
                               64.00          65.20          -1.20  (VIOLATED) 
     PIN : u_core/core_i/id_stage_i/ZBUF_2102_inst_1236/Y
                               64.00          65.20          -1.20  (VIOLATED) 

   u_core/core_i/n2941          8.00           9.20          -1.20  (VIOLATED) 
     PIN : u_core/core_i/U2943/S
                                8.00           9.20          -1.20  (VIOLATED) 

   u_core/core_i/id_stage_i/ZBUF_1197_67
                               32.00          33.19          -1.19  (VIOLATED) 
     PIN : u_core/core_i/id_stage_i/ZBUF_1197_inst_1715/Y
                               32.00          33.19          -1.19  (VIOLATED) 

   u_core/core_i/id_stage_i/controller_i/debug_mode_n
                               16.00          17.19          -1.19  (VIOLATED) 
     PIN : u_core/core_i/id_stage_i/U2570/Y
                               16.00          17.19          -1.19  (VIOLATED) 

   u_core/core_i/id_stage_i/n2070
                                8.00           9.18          -1.18  (VIOLATED) 
     PIN : u_core/core_i/id_stage_i/U1966/Y
                                8.00           9.18          -1.18  (VIOLATED) 

   u_core/core_i/id_stage_i/ZBUF_79_184
                               16.00          17.16          -1.16  (VIOLATED) 
     PIN : u_core/core_i/id_stage_i/ZBUF_79_inst_2782/Y
                               16.00          17.16          -1.16  (VIOLATED) 

   u_core/core_i/id_stage_i/register_file_i/mem[16][27]
                                8.00           9.15          -1.15  (VIOLATED) 
     PIN : u_core/core_i/id_stage_i/register_file_i/mem_reg[16][27]/Q
                                8.00           9.15          -1.15  (VIOLATED) 

   u_core/core_i/n3143          8.00           9.15          -1.15  (VIOLATED) 
     PIN : u_core/core_i/U819/S
                                8.00           9.15          -1.15  (VIOLATED) 

   u_core/core_i/id_stage_i/n1801
                                8.00           9.13          -1.13  (VIOLATED) 
     PIN : u_core/core_i/id_stage_i/U1659/Y
                                8.00           9.13          -1.13  (VIOLATED) 

   u_core/core_i/id_stage_i/ZBUF_64_55
                               16.00          17.12          -1.12  (VIOLATED) 
     PIN : u_core/core_i/id_stage_i/ZBUF_64_inst_1613/Y
                               16.00          17.12          -1.12  (VIOLATED) 

   u_core/core_i/jump_target_id[16]
                               16.00          17.12          -1.12  (VIOLATED) 
     PIN : u_core/core_i/id_stage_i/U1142/S
                               16.00          17.12          -1.12  (VIOLATED) 

   u_core/core_i/n3487         16.00          17.10          -1.10  (VIOLATED) 
     PIN : u_core/core_i/U3609/Y
                               16.00          17.10          -1.10  (VIOLATED) 

   u_core/core_i/id_stage_i/ZBUF_66_74
                               32.00          33.07          -1.07  (VIOLATED) 
     PIN : u_core/core_i/id_stage_i/ZBUF_66_inst_1830/Y
                               32.00          33.07          -1.07  (VIOLATED) 

   u_core/core_i/id_stage_i/register_file_i/mem[15][1]
                                8.00           9.04          -1.04  (VIOLATED) 
     PIN : u_core/core_i/id_stage_i/register_file_i/mem_reg[15][1]/Q
                                8.00           9.04          -1.04  (VIOLATED) 

   u_core/core_i/id_stage_i/register_file_i/mem[22][7]
                                8.00           9.04          -1.04  (VIOLATED) 
     PIN : u_core/core_i/id_stage_i/register_file_i/mem_reg[22][7]/Q
                                8.00           9.04          -1.04  (VIOLATED) 

   u_core/core_i/id_stage_i/ZBUF_9_43
                               32.00          33.01          -1.01  (VIOLATED) 
     PIN : u_core/core_i/id_stage_i/ZBUF_9_inst_1451/Y
                               32.00          33.01          -1.01  (VIOLATED) 

   u_core/core_i/n4786         16.00          17.01          -1.01  (VIOLATED) 
     PIN : u_core/core_i/U1738/Y
                               16.00          17.01          -1.01  (VIOLATED) 

   u_core/core_i/n2179          8.00           8.99          -0.99  (VIOLATED) 
     PIN : u_core/core_i/U2369/S
                                8.00           8.99          -0.99  (VIOLATED) 

   u_core/core_i/ex_stage_i/regfile_waddr_lsu[2]
                                8.00           8.99          -0.99  (VIOLATED) 
     PIN : u_core/core_i/ex_stage_i/regfile_waddr_lsu_reg[2]/Q
                                8.00           8.99          -0.99  (VIOLATED) 

   u_core/core_i/id_stage_i/ZBUF_9_165
                               32.00          32.97          -0.97  (VIOLATED) 
     PIN : u_core/core_i/id_stage_i/ZBUF_9_inst_2610/Y
                               32.00          32.97          -0.97  (VIOLATED) 

   u_core/core_i/n2589          8.00           8.96          -0.96  (VIOLATED) 
     PIN : u_core/core_i/U2616/Y
                                8.00           8.96          -0.96  (VIOLATED) 

   u_core/core_i/n5397         16.00          16.96          -0.96  (VIOLATED) 
     PIN : u_core/core_i/U624/Y
                               16.00          16.96          -0.96  (VIOLATED) 

   u_core/core_i/id_stage_i/register_file_i/mem[30][9]
                                8.00           8.96          -0.96  (VIOLATED) 
     PIN : u_core/core_i/id_stage_i/register_file_i/mem_reg[30][9]/Q
                                8.00           8.96          -0.96  (VIOLATED) 

   u_core/core_i/mepc[26]       8.00           8.92          -0.92  (VIOLATED) 
     PIN : u_core/core_i/cs_registers_i/mepc_q_reg[26]/Q
                                8.00           8.92          -0.92  (VIOLATED) 

   u_core/core_i/jump_target_id[27]
                               16.00          16.91          -0.91  (VIOLATED) 
     PIN : u_core/core_i/id_stage_i/U1131/S
                               16.00          16.91          -0.91  (VIOLATED) 

   u_core/core_i/id_stage_i/ZBUF_5_180
                               32.00          32.90          -0.90  (VIOLATED) 
     PIN : u_core/core_i/id_stage_i/ZBUF_5_inst_2719/Y
                               32.00          32.90          -0.90  (VIOLATED) 

   u_core/core_i/id_stage_i/ZBUF_85_195
                               16.00          16.88          -0.88  (VIOLATED) 
     PIN : u_core/core_i/id_stage_i/ZBUF_85_inst_2862/Y
                               16.00          16.88          -0.88  (VIOLATED) 

   u_core/core_i/id_stage_i/register_file_i/mem[13][0]
                                8.00           8.88          -0.88  (VIOLATED) 
     PIN : u_core/core_i/id_stage_i/register_file_i/mem_reg[13][0]/Q
                                8.00           8.88          -0.88  (VIOLATED) 

   u_core/core_i/id_stage_i/n1827
                                8.00           8.86          -0.86  (VIOLATED) 
     PIN : u_core/core_i/id_stage_i/U1711/Y
                                8.00           8.86          -0.86  (VIOLATED) 

   u_core/core_i/id_stage_i/ZBUF_66_259
                               32.00          32.86          -0.86  (VIOLATED) 
     PIN : u_core/core_i/id_stage_i/ZBUF_66_inst_3366/Y
                               32.00          32.86          -0.86  (VIOLATED) 

   u_core/core_i/id_stage_i/n2549
                                8.00           8.84          -0.84  (VIOLATED) 
     PIN : u_core/core_i/id_stage_i/U2529/Y
                                8.00           8.84          -0.84  (VIOLATED) 

   u_core/core_i/regfile_waddr_ex[4]
                                8.00           8.84          -0.84  (VIOLATED) 
     PIN : u_core/core_i/id_stage_i/regfile_waddr_ex_o_reg[4]/QN
                                8.00           8.84          -0.84  (VIOLATED) 

   u_core/core_i/n3204          8.00           8.83          -0.83  (VIOLATED) 
     PIN : u_core/core_i/U3076/Y
                                8.00           8.83          -0.83  (VIOLATED) 

   u_core/core_i/id_stage_i/register_file_i/mem[19][2]
                                8.00           8.81          -0.81  (VIOLATED) 
     PIN : u_core/core_i/id_stage_i/register_file_i/mem_reg[19][2]/Q
                                8.00           8.81          -0.81  (VIOLATED) 

   u_core/core_i/id_stage_i/register_file_i/mem[26][14]
                                8.00           8.79          -0.79  (VIOLATED) 
     PIN : u_core/core_i/id_stage_i/register_file_i/mem_reg[26][14]/Q
                                8.00           8.79          -0.79  (VIOLATED) 

   u_core/core_i/id_stage_i/register_file_i/mem[10][12]
                                8.00           8.77          -0.77  (VIOLATED) 
     PIN : u_core/core_i/id_stage_i/register_file_i/mem_reg[10][12]/Q
                                8.00           8.77          -0.77  (VIOLATED) 

   u_core/core_i/id_stage_i/ZBUF_54_225
                               16.00          16.74          -0.74  (VIOLATED) 
     PIN : u_core/core_i/id_stage_i/ZBUF_54_inst_3093/Y
                               16.00          16.74          -0.74  (VIOLATED) 

   u_core/core_i/n2864          8.00           8.73          -0.73  (VIOLATED) 
     PIN : u_core/core_i/U691/S
                                8.00           8.73          -0.73  (VIOLATED) 

   u_core/core_i/id_stage_i/ZBUF_59_214
                               16.00          16.72          -0.72  (VIOLATED) 
     PIN : u_core/core_i/id_stage_i/ZBUF_59_inst_2985/Y
                               16.00          16.72          -0.72  (VIOLATED) 

   u_core/core_i/n4276          8.00           8.72          -0.72  (VIOLATED) 
     PIN : u_core/core_i/U3893/Y
                                8.00           8.72          -0.72  (VIOLATED) 

   u_core/core_i/id_stage_i/register_file_i/mem[25][3]
                                8.00           8.72          -0.72  (VIOLATED) 
     PIN : u_core/core_i/id_stage_i/register_file_i/mem_reg[25][3]/Q
                                8.00           8.72          -0.72  (VIOLATED) 

   u_core/core_i/ZBUF_646_206
                               64.00          64.69          -0.69  (VIOLATED) 
     PIN : u_core/core_i/ZBUF_646_inst_2930/Y
                               64.00          64.69          -0.69  (VIOLATED) 

   u_core/core_i/id_stage_i/register_file_i/mem[3][10]
                                8.00           8.68          -0.68  (VIOLATED) 
     PIN : u_core/core_i/id_stage_i/register_file_i/mem_reg[3][10]/Q
                                8.00           8.68          -0.68  (VIOLATED) 

   u_core/core_i/ZBUF_874_305
                               82.00          82.67          -0.67  (VIOLATED) 
     PIN : u_core/core_i/ZBUF_874_inst_3709/Y
                               82.00          82.67          -0.67  (VIOLATED) 

   u_core/core_i/id_stage_i/ZBUF_54_202
                               16.00          16.66          -0.66  (VIOLATED) 
     PIN : u_core/core_i/id_stage_i/ZBUF_54_inst_2899/Y
                               16.00          16.66          -0.66  (VIOLATED) 

   u_core/core_i/id_stage_i/ZBUF_5_289
                               16.00          16.64          -0.64  (VIOLATED) 
     PIN : u_core/core_i/id_stage_i/ZBUF_5_inst_3547/Y
                               16.00          16.64          -0.64  (VIOLATED) 

   u_core/core_i/alu_operand_a_ex[7]
                                8.00           8.64          -0.64  (VIOLATED) 
     PIN : u_core/core_i/id_stage_i/alu_operand_a_ex_o_reg[7]/Q
                                8.00           8.64          -0.64  (VIOLATED) 

   u_core/core_i/jump_target_id[1]
                               16.00          16.62          -0.62  (VIOLATED) 
     PIN : u_core/core_i/id_stage_i/U1157/S
                               16.00          16.62          -0.62  (VIOLATED) 

   u_core/core_i/id_stage_i/ZBUF_1257_9
                               64.00          64.62          -0.62  (VIOLATED) 
     PIN : u_core/core_i/id_stage_i/ZBUF_1257_inst_1064/Y
                               64.00          64.62          -0.62  (VIOLATED) 

   u_core/core_i/cs_registers_i/gen_trigger_regs.tmatch_value_q[16]
                                8.00           8.62          -0.62  (VIOLATED) 
     PIN : u_core/core_i/cs_registers_i/gen_trigger_regs.tmatch_value_q_reg[16]/Q
                                8.00           8.62          -0.62  (VIOLATED) 

   u_core/core_i/id_stage_i/register_file_i/mem[17][4]
                                8.00           8.62          -0.62  (VIOLATED) 
     PIN : u_core/core_i/id_stage_i/register_file_i/mem_reg[17][4]/Q
                                8.00           8.62          -0.62  (VIOLATED) 

   u_core/core_i/id_stage_i/n3250
                                8.00           8.60          -0.60  (VIOLATED) 
     PIN : u_core/core_i/id_stage_i/U2750/Y
                                8.00           8.60          -0.60  (VIOLATED) 

   u_core/core_i/pc_id[7]       8.00           8.60          -0.60  (VIOLATED) 
     PIN : u_core/core_i/if_stage_i/pc_id_o_reg[7]/Q
                                8.00           8.60          -0.60  (VIOLATED) 

   u_core/core_i/ZBUF_446_219
                               16.00          16.58          -0.58  (VIOLATED) 
     PIN : u_core/core_i/ZBUF_446_inst_3025/Y
                               16.00          16.58          -0.58  (VIOLATED) 

   u_core/core_i/id_stage_i/N498
                                8.00           8.56          -0.56  (VIOLATED) 
     PIN : u_core/core_i/id_stage_i/U2984/Y
                                8.00           8.56          -0.56  (VIOLATED) 

   u_core/core_i/id_stage_i/register_file_i/mem[10][7]
                                8.00           8.56          -0.56  (VIOLATED) 
     PIN : u_core/core_i/id_stage_i/register_file_i/mem_reg[10][7]/Q
                                8.00           8.56          -0.56  (VIOLATED) 

   u_core/core_i/id_stage_i/n333
                               32.00          32.55          -0.55  (VIOLATED) 
     PIN : u_core/core_i/id_stage_i/U608/Y
                               32.00          32.55          -0.55  (VIOLATED) 

   u_core/core_i/alu_operand_a_ex[14]
                                8.00           8.55          -0.55  (VIOLATED) 
     PIN : u_core/core_i/id_stage_i/alu_operand_a_ex_o_reg[14]/Q
                                8.00           8.55          -0.55  (VIOLATED) 

   u_core/core_i/id_stage_i/register_file_i/mem[18][5]
                                8.00           8.55          -0.55  (VIOLATED) 
     PIN : u_core/core_i/id_stage_i/register_file_i/mem_reg[18][5]/Q
                                8.00           8.55          -0.55  (VIOLATED) 

   u_core/core_i/cs_registers_i/ZBUF_431_2
                               16.00          16.55          -0.55  (VIOLATED) 
     PIN : u_core/core_i/cs_registers_i/ZBUF_431_inst_992/Y
                               16.00          16.55          -0.55  (VIOLATED) 

   u_core/core_i/ZBUF_77_236
                               16.00          16.54          -0.54  (VIOLATED) 
     PIN : u_core/core_i/ZBUF_77_inst_3194/Y
                               16.00          16.54          -0.54  (VIOLATED) 

   u_core/core_i/id_stage_i/n1493
                               32.00          32.52          -0.52  (VIOLATED) 
     PIN : u_core/core_i/id_stage_i/U1233/Y
                               32.00          32.52          -0.52  (VIOLATED) 

   u_core/core_i/n2852          8.00           8.51          -0.51  (VIOLATED) 
     PIN : u_core/core_i/U1725/Y
                                8.00           8.51          -0.51  (VIOLATED) 

   u_core/core_i/id_stage_i/N432
                                8.00           8.51          -0.51  (VIOLATED) 
     PIN : u_core/core_i/id_stage_i/U2919/Y
                                8.00           8.51          -0.51  (VIOLATED) 

   u_core/core_i/id_stage_i/ZBUF_38_182
                               16.00          16.47          -0.47  (VIOLATED) 
     PIN : u_core/core_i/id_stage_i/ZBUF_38_inst_2760/Y
                               16.00          16.47          -0.47  (VIOLATED) 

   u_core/core_i/alu_operand_a_ex[16]
                                8.00           8.47          -0.47  (VIOLATED) 
     PIN : u_core/core_i/id_stage_i/alu_operand_a_ex_o_reg[16]/Q
                                8.00           8.47          -0.47  (VIOLATED) 

   u_core/core_i/id_stage_i/register_file_i/mem[10][16]
                                8.00           8.45          -0.45  (VIOLATED) 
     PIN : u_core/core_i/id_stage_i/register_file_i/mem_reg[10][16]/Q
                                8.00           8.45          -0.45  (VIOLATED) 

   u_core/core_i/id_stage_i/ZBUF_85_309
                               16.00          16.43          -0.43  (VIOLATED) 
     PIN : u_core/core_i/id_stage_i/ZBUF_85_inst_3751/Y
                               16.00          16.43          -0.43  (VIOLATED) 

   u_core/core_i/ex_stage_i/alu_i/alu_div_i/AReg_DP[14]
                                8.00           8.43          -0.43  (VIOLATED) 
     PIN : u_core/core_i/ex_stage_i/alu_i/alu_div_i/AReg_DP_reg[14]/Q
                                8.00           8.43          -0.43  (VIOLATED) 

   u_core/core_i/id_stage_i/register_file_i/mem[17][11]
                                8.00           8.43          -0.43  (VIOLATED) 
     PIN : u_core/core_i/id_stage_i/register_file_i/mem_reg[17][11]/Q
                                8.00           8.43          -0.43  (VIOLATED) 

   u_core/core_i/id_stage_i/register_file_i/mem[5][7]
                                8.00           8.42          -0.42  (VIOLATED) 
     PIN : u_core/core_i/id_stage_i/register_file_i/mem_reg[5][7]/Q
                                8.00           8.42          -0.42  (VIOLATED) 

   u_core/core_i/id_stage_i/ZBUF_5_298
                               16.00          16.41          -0.41  (VIOLATED) 
     PIN : u_core/core_i/id_stage_i/ZBUF_5_inst_3631/Y
                               16.00          16.41          -0.41  (VIOLATED) 

   u_core/core_i/id_stage_i/ZBUF_84_255
                               16.00          16.39          -0.39  (VIOLATED) 
     PIN : u_core/core_i/id_stage_i/ZBUF_84_inst_3322/Y
                               16.00          16.39          -0.39  (VIOLATED) 

   u_core/core_i/id_stage_i/ZBUF_39_16
                               16.00          16.39          -0.39  (VIOLATED) 
     PIN : u_core/core_i/id_stage_i/ZBUF_39_inst_1102/Y
                               16.00          16.39          -0.39  (VIOLATED) 

   u_core/core_i/id_stage_i/register_file_i/mem[8][12]
                                8.00           8.38          -0.38  (VIOLATED) 
     PIN : u_core/core_i/id_stage_i/register_file_i/mem_reg[8][12]/Q
                                8.00           8.38          -0.38  (VIOLATED) 

   u_core/core_i/id_stage_i/register_file_i/mem[1][27]
                                8.00           8.38          -0.38  (VIOLATED) 
     PIN : u_core/core_i/id_stage_i/register_file_i/mem_reg[1][27]/Q
                                8.00           8.38          -0.38  (VIOLATED) 

   u_core/core_i/id_stage_i/n3635
                                8.00           8.37          -0.37  (VIOLATED) 
     PIN : u_core/core_i/id_stage_i/U2501/Y
                                8.00           8.37          -0.37  (VIOLATED) 

   u_core/core_i/id_stage_i/ZBUF_47_274
                               32.00          32.36          -0.36  (VIOLATED) 
     PIN : u_core/core_i/id_stage_i/ZBUF_47_inst_3443/Y
                               32.00          32.36          -0.36  (VIOLATED) 

   u_core/core_i/ex_stage_i/mult_i/int_op_a_msu[13]
                                8.00           8.36          -0.36  (VIOLATED) 
     PIN : u_core/core_i/id_stage_i/mult_operand_a_ex_o_reg[13]/Q
                                8.00           8.36          -0.36  (VIOLATED) 

   u_core/core_i/id_stage_i/register_file_i/mem[21][16]
                                8.00           8.35          -0.35  (VIOLATED) 
     PIN : u_core/core_i/id_stage_i/register_file_i/mem_reg[21][16]/Q
                                8.00           8.35          -0.35  (VIOLATED) 

   u_core/core_i/id_stage_i/ZBUF_62_96
                               16.00          16.32          -0.32  (VIOLATED) 
     PIN : u_core/core_i/id_stage_i/ZBUF_62_inst_2021/Y
                               16.00          16.32          -0.32  (VIOLATED) 

   u_core/core_i/id_stage_i/register_file_i/mem[17][6]
                                8.00           8.31          -0.31  (VIOLATED) 
     PIN : u_core/core_i/id_stage_i/register_file_i/mem_reg[17][6]/Q
                                8.00           8.31          -0.31  (VIOLATED) 

   u_core/core_i/n4449          8.00           8.31          -0.31  (VIOLATED) 
     PIN : u_core/core_i/U3954/Y
                                8.00           8.31          -0.31  (VIOLATED) 

   u_core/core_i/id_stage_i/n337
                               16.00          16.31          -0.31  (VIOLATED) 
     PIN : u_core/core_i/id_stage_i/U714/Y
                               16.00          16.31          -0.31  (VIOLATED) 

   u_core/core_i/n3004         32.00          32.31          -0.31  (VIOLATED) 
     PIN : u_core/core_i/U3290/Y
                               32.00          32.31          -0.31  (VIOLATED) 

   u_core/core_i/jump_target_id[31]
                               16.00          16.30          -0.30  (VIOLATED) 
     PIN : u_core/core_i/id_stage_i/U1127/Y
                               16.00          16.30          -0.30  (VIOLATED) 

   u_core/core_i/alu_operand_a_ex[8]
                                8.00           8.30          -0.30  (VIOLATED) 
     PIN : u_core/core_i/id_stage_i/alu_operand_a_ex_o_reg[8]/Q
                                8.00           8.30          -0.30  (VIOLATED) 

   u_core/core_i/id_stage_i/n80
                                8.00           8.29          -0.29  (VIOLATED) 
     PIN : u_core/core_i/id_stage_i/U62/Y
                                8.00           8.29          -0.29  (VIOLATED) 

   u_core/core_i/id_stage_i/n407
                               32.00          32.29          -0.29  (VIOLATED) 
     PIN : u_core/core_i/id_stage_i/U1215/Y
                               32.00          32.29          -0.29  (VIOLATED) 

   u_core/core_i/id_stage_i/register_file_i/mem[11][22]
                                8.00           8.28          -0.28  (VIOLATED) 
     PIN : u_core/core_i/id_stage_i/register_file_i/mem_reg[11][22]/Q
                                8.00           8.28          -0.28  (VIOLATED) 

   u_core/core_i/alu_operand_b_ex[24]
                                8.00           8.28          -0.28  (VIOLATED) 
     PIN : u_core/core_i/id_stage_i/alu_operand_b_ex_o_reg[24]/Q
                                8.00           8.28          -0.28  (VIOLATED) 

   u_core/core_i/id_stage_i/n1155
                                8.00           8.27          -0.27  (VIOLATED) 
     PIN : u_core/core_i/id_stage_i/U941/Y
                                8.00           8.27          -0.27  (VIOLATED) 

   u_core/core_i/id_stage_i/n198
                               32.00          32.27          -0.27  (VIOLATED) 
     PIN : u_core/core_i/id_stage_i/U201/Y
                               32.00          32.27          -0.27  (VIOLATED) 

   u_core/core_i/id_stage_i/register_file_i/mem[24][25]
                                8.00           8.26          -0.26  (VIOLATED) 
     PIN : u_core/core_i/id_stage_i/register_file_i/mem_reg[24][25]/Q
                                8.00           8.26          -0.26  (VIOLATED) 

   u_core/core_i/cs_registers_i/gen_trigger_regs.tmatch_value_q[8]
                                8.00           8.24          -0.24  (VIOLATED) 
     PIN : u_core/core_i/cs_registers_i/gen_trigger_regs.tmatch_value_q_reg[8]/Q
                                8.00           8.24          -0.24  (VIOLATED) 

   u_core/core_i/id_stage_i/register_file_i/mem[28][4]
                                8.00           8.23          -0.23  (VIOLATED) 
     PIN : u_core/core_i/id_stage_i/register_file_i/mem_reg[28][4]/Q
                                8.00           8.23          -0.23  (VIOLATED) 

   u_core/core_i/n5956          8.00           8.22          -0.22  (VIOLATED) 
     PIN : u_core/core_i/load_store_unit_i/cnt_q_reg[1]/QN
                                8.00           8.22          -0.22  (VIOLATED) 

   u_core/core_i/alu_operand_a_ex[15]
                                8.00           8.22          -0.22  (VIOLATED) 
     PIN : u_core/core_i/id_stage_i/alu_operand_a_ex_o_reg[15]/Q
                                8.00           8.22          -0.22  (VIOLATED) 

   u_core/core_i/id_stage_i/register_file_i/mem[14][14]
                                8.00           8.22          -0.22  (VIOLATED) 
     PIN : u_core/core_i/id_stage_i/register_file_i/mem_reg[14][14]/Q
                                8.00           8.22          -0.22  (VIOLATED) 

   u_core/core_i/id_stage_i/ZBUF_2844_89
                               32.00          32.21          -0.21  (VIOLATED) 
     PIN : u_core/core_i/id_stage_i/ZBUF_2844_inst_1933/Y
                               32.00          32.21          -0.21  (VIOLATED) 

   u_core/core_i/id_stage_i/register_file_i/mem[3][26]
                                8.00           8.21          -0.21  (VIOLATED) 
     PIN : u_core/core_i/id_stage_i/register_file_i/mem_reg[3][26]/Q
                                8.00           8.21          -0.21  (VIOLATED) 

   n41                          8.00           8.21          -0.21  (VIOLATED) 
     PIN : u_core/core_i/id_stage_i/controller_i/debug_fsm_cs_reg[0]/QN
                                8.00           8.21          -0.21  (VIOLATED) 

   u_core/core_i/n119           8.00           8.21          -0.21  (VIOLATED) 
     PIN : u_core/core_i/U476/Y
                                8.00           8.21          -0.21  (VIOLATED) 

   u_core/core_i/cs_registers_i/ZBUF_221_157
                               16.00          16.20          -0.20  (VIOLATED) 
     PIN : u_core/core_i/cs_registers_i/ZBUF_221_inst_2525/Y
                               16.00          16.20          -0.20  (VIOLATED) 

   u_core/core_i/n2757         32.00          32.20          -0.20  (VIOLATED) 
     PIN : u_core/core_i/U3065/Y
                               32.00          32.20          -0.20  (VIOLATED) 

   u_core/core_i/dftopt21       8.00           8.20          -0.20  (VIOLATED) 
     PIN : u_core/core_i/cs_registers_i/mstatus_q_reg[mpie]/Q
                                8.00           8.20          -0.20  (VIOLATED) 

   u_core/core_i/id_stage_i/register_file_i/mem[31][26]
                                8.00           8.19          -0.19  (VIOLATED) 
     PIN : u_core/core_i/id_stage_i/register_file_i/mem_reg[31][26]/Q
                                8.00           8.19          -0.19  (VIOLATED) 

   u_core/core_i/n4815         16.00          16.18          -0.18  (VIOLATED) 
     PIN : u_core/core_i/U2883/Y
                               16.00          16.18          -0.18  (VIOLATED) 

   u_core/core_i/n2123         16.00          16.18          -0.18  (VIOLATED) 
     PIN : u_core/core_i/U2649/Y
                               16.00          16.18          -0.18  (VIOLATED) 

   u_core/core_i/id_stage_i/n3017
                                8.00           8.18          -0.18  (VIOLATED) 
     PIN : u_core/core_i/id_stage_i/U3077/Y
                                8.00           8.18          -0.18  (VIOLATED) 

   u_core/core_i/n4141         16.00          16.18          -0.18  (VIOLATED) 
     PIN : u_core/core_i/U4230/Y
                               16.00          16.18          -0.18  (VIOLATED) 

   u_core/core_i/cs_registers_i/n348
                                8.00           8.16          -0.16  (VIOLATED) 
     PIN : u_core/core_i/cs_registers_i/U52/Y
                                8.00           8.16          -0.16  (VIOLATED) 

   u_core/core_i/id_stage_i/register_file_i/mem[24][28]
                                8.00           8.16          -0.16  (VIOLATED) 
     PIN : u_core/core_i/id_stage_i/register_file_i/mem_reg[24][28]/Q
                                8.00           8.16          -0.16  (VIOLATED) 

   u_core/core_i/cs_registers_i/mscratch_q[16]
                                8.00           8.16          -0.16  (VIOLATED) 
     PIN : u_core/core_i/cs_registers_i/mscratch_q_reg[16]/Q
                                8.00           8.16          -0.16  (VIOLATED) 

   u_core/core_i/id_stage_i/register_file_i/mem[10][11]
                                8.00           8.16          -0.16  (VIOLATED) 
     PIN : u_core/core_i/id_stage_i/register_file_i/mem_reg[10][11]/Q
                                8.00           8.16          -0.16  (VIOLATED) 

   u_core/core_i/id_stage_i/n1020
                                8.00           8.16          -0.16  (VIOLATED) 
     PIN : u_core/core_i/id_stage_i/U793/Y
                                8.00           8.16          -0.16  (VIOLATED) 

   u_core/core_i/cs_registers_i/n552
                               16.00          16.15          -0.15  (VIOLATED) 
     PIN : u_core/core_i/cs_registers_i/U293/Y
                               16.00          16.15          -0.15  (VIOLATED) 

   u_core/core_i/id_stage_i/n568
                                8.00           8.15          -0.15  (VIOLATED) 
     PIN : u_core/core_i/id_stage_i/U269/Y
                                8.00           8.15          -0.15  (VIOLATED) 

   u_core/core_i/id_stage_i/register_file_i/N647
                                8.00           8.15          -0.15  (VIOLATED) 
     PIN : u_core/core_i/id_stage_i/U2776/Y
                                8.00           8.15          -0.15  (VIOLATED) 

   u_core/core_i/id_stage_i/ZBUF_26_53
                               16.00          16.13          -0.13  (VIOLATED) 
     PIN : u_core/core_i/id_stage_i/ZBUF_26_inst_1591/Y
                               16.00          16.13          -0.13  (VIOLATED) 

   u_core/core_i/n1577         16.00          16.12          -0.12  (VIOLATED) 
     PIN : u_core/core_i/U602/Y
                               16.00          16.12          -0.12  (VIOLATED) 

   u_core/core_i/cs_registers_i/ZBUF_3619_111
                               16.00          16.12          -0.12  (VIOLATED) 
     PIN : u_core/core_i/cs_registers_i/ZBUF_3619_inst_2135/Y
                               16.00          16.12          -0.12  (VIOLATED) 

   u_core/core_i/ZBUF_941_309
                               82.00          82.10          -0.10  (VIOLATED) 
     PIN : u_core/core_i/ZBUF_941_inst_3748/Y
                               82.00          82.10          -0.10  (VIOLATED) 

   u_core/core_i/id_stage_i/n1157
                                8.00           8.10          -0.10  (VIOLATED) 
     PIN : u_core/core_i/id_stage_i/U928/Y
                                8.00           8.10          -0.10  (VIOLATED) 

   u_core/core_i/n4563          8.00           8.09          -0.09  (VIOLATED) 
     PIN : u_core/core_i/U4110/Y
                                8.00           8.09          -0.09  (VIOLATED) 

   u_core/core_i/n4553          8.00           8.09          -0.09  (VIOLATED) 
     PIN : u_core/core_i/U4096/Y
                                8.00           8.09          -0.09  (VIOLATED) 

   u_core/core_i/n2660          8.00           8.09          -0.09  (VIOLATED) 
     PIN : u_core/core_i/U1826/Y
                                8.00           8.09          -0.09  (VIOLATED) 

   u_core/core_i/id_stage_i/register_file_i/mem[18][6]
                                8.00           8.08          -0.08  (VIOLATED) 
     PIN : u_core/core_i/id_stage_i/register_file_i/mem_reg[18][6]/Q
                                8.00           8.08          -0.08  (VIOLATED) 

   u_core/core_i/n4571          8.00           8.08          -0.08  (VIOLATED) 
     PIN : u_core/core_i/U4117/Y
                                8.00           8.08          -0.08  (VIOLATED) 

   u_core/core_i/id_stage_i/ZBUF_47_296
                               16.00          16.08          -0.08  (VIOLATED) 
     PIN : u_core/core_i/id_stage_i/ZBUF_47_inst_3621/Y
                               16.00          16.08          -0.08  (VIOLATED) 

   u_core/core_i/id_stage_i/n283
                               82.00          82.07          -0.07  (VIOLATED) 
     PIN : u_core/core_i/id_stage_i/U296/Y
                               82.00          82.07          -0.07  (VIOLATED) 

   u_core/core_i/pc_id[3]       8.00           8.06          -0.06  (VIOLATED) 
     PIN : u_core/core_i/if_stage_i/pc_id_o_reg[3]/Q
                                8.00           8.06          -0.06  (VIOLATED) 

   u_core/core_i/mult_operand_c_ex[17]
                                8.00           8.05          -0.05  (VIOLATED) 
     PIN : u_core/core_i/id_stage_i/mult_operand_c_ex_o_reg[17]/Q
                                8.00           8.05          -0.05  (VIOLATED) 

   u_core/core_i/id_stage_i/n1911
                                8.00           8.05          -0.05  (VIOLATED) 
     PIN : u_core/core_i/id_stage_i/U1781/Y
                                8.00           8.05          -0.05  (VIOLATED) 

   u_core/core_i/id_stage_i/ZBUF_108_34
                               16.00          16.05          -0.05  (VIOLATED) 
     PIN : u_core/core_i/id_stage_i/ZBUF_108_inst_1219/Y
                               16.00          16.05          -0.05  (VIOLATED) 

   u_core/core_i/id_stage_i/register_file_i/mem[17][7]
                                8.00           8.05          -0.05  (VIOLATED) 
     PIN : u_core/core_i/id_stage_i/register_file_i/mem_reg[17][7]/Q
                                8.00           8.05          -0.05  (VIOLATED) 

   u_core/core_i/id_stage_i/N434
                                8.00           8.05          -0.05  (VIOLATED) 
     PIN : u_core/core_i/id_stage_i/U2923/Y
                                8.00           8.05          -0.05  (VIOLATED) 

   u_core/core_i/id_stage_i/register_file_i/mem[19][4]
                                8.00           8.04          -0.04  (VIOLATED) 
     PIN : u_core/core_i/id_stage_i/register_file_i/mem_reg[19][4]/Q
                                8.00           8.04          -0.04  (VIOLATED) 

   u_core/core_i/id_stage_i/ZBUF_37_302
                               16.00          16.04          -0.04  (VIOLATED) 
     PIN : u_core/core_i/id_stage_i/ZBUF_37_inst_3691/Y
                               16.00          16.04          -0.04  (VIOLATED) 

   u_core/core_i/id_stage_i/ZBUF_73_266
                               16.00          16.04          -0.04  (VIOLATED) 
     PIN : u_core/core_i/id_stage_i/ZBUF_73_inst_3412/Y
                               16.00          16.04          -0.04  (VIOLATED) 

   u_core/core_i/id_stage_i/register_file_i/mem[6][18]
                                8.00           8.04          -0.04  (VIOLATED) 
     PIN : u_core/core_i/id_stage_i/register_file_i/mem_reg[6][18]/Q
                                8.00           8.04          -0.04  (VIOLATED) 

   u_core/core_i/id_stage_i/ZBUF_39_53
                               16.00          16.03          -0.03  (VIOLATED) 
     PIN : u_core/core_i/id_stage_i/ZBUF_39_inst_1596/Y
                               16.00          16.03          -0.03  (VIOLATED) 

   u_core/core_i/n4619         16.00          16.03          -0.03  (VIOLATED) 
     PIN : u_core/core_i/U4134/Y
                               16.00          16.03          -0.03  (VIOLATED) 

   u_core/core_i/id_stage_i/register_file_i/mem[2][17]
                                8.00           8.02          -0.02  (VIOLATED) 
     PIN : u_core/core_i/id_stage_i/register_file_i/mem_reg[2][17]/Q
                                8.00           8.02          -0.02  (VIOLATED) 

   u_core/core_i/id_stage_i/register_file_i/mem[30][31]
                                8.00           8.02          -0.02  (VIOLATED) 
     PIN : u_core/core_i/id_stage_i/register_file_i/mem_reg[30][31]/Q
                                8.00           8.02          -0.02  (VIOLATED) 

   u_core/core_i/id_stage_i/n2994
                                8.00           8.02          -0.02  (VIOLATED) 
     PIN : u_core/core_i/id_stage_i/U2673/Y
                                8.00           8.02          -0.02  (VIOLATED) 

   u_core/core_i/alu_operand_b_ex[1]
                                8.00           8.01          -0.01  (VIOLATED) 
     PIN : u_core/core_i/id_stage_i/alu_operand_b_ex_o_reg[1]/Q
                                8.00           8.01          -0.01  (VIOLATED) 

   u_core/core_i/id_stage_i/register_file_i/mem[17][9]
                                8.00           8.01          -0.01  (VIOLATED) 
     PIN : u_core/core_i/id_stage_i/register_file_i/mem_reg[17][9]/Q
                                8.00           8.01          -0.01  (VIOLATED) 

   u_core/core_i/id_stage_i/n456
                                8.00           8.00          -0.00  (VIOLATED) 
     PIN : u_core/core_i/id_stage_i/U1325/Y
                                8.00           8.00          -0.00  (VIOLATED) 

   u_core/core_i/n122           8.00           8.00          -0.00  (VIOLATED) 
     PIN : u_core/core_i/U480/Y
                                8.00           8.00          -0.00  (VIOLATED) 

  ---------------------------------------------------------------------------
   Number of max_capacitance violation(s): 368


   Mode: default Corner: default
   Scenario: default
  ---------------------------------------------------------------------------
   Number of min_capacitance violation(s): 0

  Mode: default
  Corner: default
  Scenario: default

  ---------------------------------------------------------------------------
   Number of min_pulse_width violation(s): 0
   Total number of violation(s): 378
1
