****************************************
Report : app_option
Design : cv32e40p_synth_wrap
Version: W-2024.09-SP2
Date   : Sun May 10 02:06:36 2026
****************************************
Name                                                                                     Type                    Value                User-value   User-default System-default             Scope      Status     Source
---------------------------------------------------------------------------------------- ----------------------- -------------------- ------------ ------------ -------------------------- ---------- ---------- ----------
route.auto_via_ladder.allow_neighbor_ripup_in_dense_area                                 bool                    false                --           --           false                      block      normal     --
route.auto_via_ladder.allow_patching                                                     bool                    true                 --           --           true                       block      normal     --
route.auto_via_ladder.allow_samenet_intersection                                         bool                    false                --           --           false                      block      normal     --
route.auto_via_ladder.allow_via_array_as_single_cut                                      bool                    true                 --           --           true                       block      normal     --
route.auto_via_ladder.apply_app_options_to_insert_via_ladders_command                    bool                    true                 --           --           true                       block      normal     --
route.auto_via_ladder.auto_stagger                                                       bool                    true                 --           --           true                       block      normal     --
route.auto_via_ladder.auto_stagger_for_em_via_ladder_max_number_stagger_tracks_per_level integer                 15                   --           --           15                         block      normal     --
route.auto_via_ladder.auto_stagger_max_number_stagger_tracks_per_level                   integer                 9                    --           --           9                          block      normal     --
route.auto_via_ladder.bias_top_layer_to_samenet_connection                               bool                    false                --           --           false                      block      normal     --
route.auto_via_ladder.check_drcs_on_existing_via_ladders                                 bool                    false                --           --           false                      block      normal     --
route.auto_via_ladder.clean                                                              bool                    false                --           --           false                      block      normal     --
route.auto_via_ladder.connect_within_metal                                               bool                    false                --           --           false                      block      normal     --
route.auto_via_ladder.connect_within_metal_for_em_via_ladder                             enum                    true                 --           --           true                       block      normal     --
route.auto_via_ladder.connect_within_metal_for_via_ladder                                enum                    same_as_global       --           --           same_as_global             block      normal     --
route.auto_via_ladder.connect_within_pin_mode                                            list_of {string string} {all off} {via_ladder off} {pattern_must_join off} -|- --           --           {all off} {via_ladder off} {pattern_must_join off} -|- block      normal     --
route.auto_via_ladder.default_width_ndr_promotable_on_nonreserved_tracks                 bool                    true                 --           --           true                       block      normal     --
route.auto_via_ladder.enable_em_to_performance_via_ladder_update                         bool                    true                 --           --           true                       block      normal     --
route.auto_via_ladder.generate_center_track_on_off_grid_pattern_must_join_pin_shapes     bool                    false                --           --           false                      block      normal     --
route.auto_via_ladder.generate_track_width_by_layer_name                                 list_of {string float}  --                   --           --           --                         block      normal     --
route.auto_via_ladder.ignore_min_max_layer_constraints                                   bool                    true                 --           --           true                       block      normal     --
route.auto_via_ladder.ignore_routing_shape_drcs                                          bool                    true                 --           --           true                       block      normal     --
route.auto_via_ladder.misalign_adjacent_pattern_must_join                                bool                    false                --           --           false                      block      normal     --
route.auto_via_ladder.ndr_mode                                                           enum                    top_layer_only       --           --           top_layer_only             block      normal     --
route.auto_via_ladder.pattern_must_join_max_number_stagger_tracks                        list_of integer         --                   --           --           --                         block      normal     --
route.auto_via_ladder.pattern_must_join_over_pin_layer                                   integer                 1                    --           --           1                          block      normal     --
route.auto_via_ladder.pin_access_aware                                                   bool                    true                 --           --           true                       block      normal     --
route.auto_via_ladder.relax_pin_layer_metal_spacing_rules                                bool                    true                 --           --           true                       block      normal     --
route.auto_via_ladder.report_all_via_ladders                                             bool                    true                 --           --           true                       block      normal     --
route.auto_via_ladder.report_via_ladder_in_area_with_drc_threshold                       integer                 -1                   --           --           -1                         block      normal     --
route.auto_via_ladder.shift_vias_on_transition_layers                                    bool                    true                 --           --           true                       block      normal     --
route.auto_via_ladder.strictly_honor_cut_table                                           bool                    false                --           --           false                      block      normal     --
route.auto_via_ladder.top_layer_to_samenet_min_nonzero_distance                          float                   0                    --           --           0                          block      normal     --
route.auto_via_ladder.update_during_route                                                bool                    true                 --           --           true                       block      normal     --
route.auto_via_ladder.update_on_route_eco_nets_only                                      bool                    false                --           --           false                      block      normal     --
route.auto_via_ladder.update_on_route_group_nets_only                                    bool                    true                 --           --           true                       block      normal     --
route.auto_via_ladder.update_pattern_must_join_during_route                              bool                    true                 --           --           true                       block      normal     --
route.auto_via_ladder.user_debug                                                         bool                    false                --           --           false                      block      normal     --
route.auto_via_ladder.verbose                                                            bool                    false                --           --           false                      block      normal     --
---------------------------------------------------------------------------------------- ----------------------- -------------------- ------------ ------------ -------------------------- ---------- ---------- ----------

There are additional internal differences.
1
