****************************************
Report : clock timing
        -type latency
        -launch
        -nworst 20
        -setup
Design : cv32e40p_synth_wrap
Version: W-2024.09-SP2
Date   : Sat May  9 14:44:14 2026
****************************************

  Mode: default
  Clock: clk_i

                                                 --- Latency ---
  Clock Pin                             Trans   Source   Offset  Network    Total            Corner
---------------------------------------------------------------------------------------------------
  u_core/core_i/id_stage_i/register_file_i/mem_reg[16][0]/CLK
                                         0.09     0.00       --     0.38     0.38 rp-+      default
  u_core/core_i/id_stage_i/register_file_i/mem_reg[16][11]/CLK
                                         0.09     0.00       --     0.38     0.38 rp-+      default
  u_core/core_i/id_stage_i/register_file_i/mem_reg[16][14]/CLK
                                         0.09     0.00       --     0.38     0.38 rp-+      default
  u_core/core_i/id_stage_i/register_file_i/mem_reg[16][31]/CLK
                                         0.09     0.00       --     0.38     0.38 rp-+      default
  u_core/core_i/id_stage_i/register_file_i/mem_reg[16][28]/CLK
                                         0.09     0.00       --     0.38     0.38 rp-+      default
  u_core/core_i/id_stage_i/register_file_i/mem_reg[16][27]/CLK
                                         0.09     0.00       --     0.38     0.38 rp-+      default
  u_core/core_i/id_stage_i/register_file_i/mem_reg[16][26]/CLK
                                         0.09     0.00       --     0.38     0.38 rp-+      default
  u_core/core_i/id_stage_i/register_file_i/mem_reg[16][19]/CLK
                                         0.09     0.00       --     0.38     0.38 rp-+      default
  u_core/core_i/id_stage_i/register_file_i/mem_reg[16][20]/CLK
                                         0.09     0.00       --     0.38     0.38 rp-+      default
  u_core/core_i/id_stage_i/register_file_i/mem_reg[16][25]/CLK
                                         0.09     0.00       --     0.38     0.38 rp-+      default
  u_core/core_i/id_stage_i/register_file_i/mem_reg[16][22]/CLK
                                         0.09     0.00       --     0.38     0.38 rp-+      default
  u_core/core_i/id_stage_i/register_file_i/mem_reg[16][23]/CLK
                                         0.09     0.00       --     0.38     0.38 rp-+      default
  u_core/core_i/id_stage_i/register_file_i/mem_reg[16][21]/CLK
                                         0.09     0.00       --     0.38     0.38 rp-+      default
  u_core/core_i/id_stage_i/register_file_i/mem_reg[16][24]/CLK
                                         0.09     0.00       --     0.38     0.38 rp-+      default
  u_core/core_i/id_stage_i/register_file_i/mem_reg[16][18]/CLK
                                         0.09     0.00       --     0.38     0.38 rp-+      default
  u_core/core_i/id_stage_i/register_file_i/mem_reg[16][29]/CLK
                                         0.09     0.00       --     0.38     0.38 rp-+      default
  u_core/core_i/id_stage_i/register_file_i/mem_reg[16][10]/CLK
                                         0.09     0.00       --     0.38     0.38 rp-+      default
  u_core/core_i/id_stage_i/register_file_i/mem_reg[16][17]/CLK
                                         0.09     0.00       --     0.38     0.38 rp-+      default
  u_core/core_i/id_stage_i/register_file_i/mem_reg[16][16]/CLK
                                         0.09     0.00       --     0.38     0.38 rp-+      default
  u_core/core_i/id_stage_i/register_file_i/mem_reg[16][15]/CLK
                                         0.09     0.00       --     0.38     0.38 rp-+      default
---------------------------------------------------------------------------------------------------
1
