****************************************
Report : clock timing
        -type latency
        -launch
        -nworst 20
        -setup
Design : cv32e40p_synth_wrap
Version: W-2024.09-SP2
Date   : Sun May 10 01:46:16 2026
****************************************

  Mode: default
  Clock: clk_i

                                                 --- Latency ---
  Clock Pin                             Trans   Source   Offset  Network    Total            Corner
---------------------------------------------------------------------------------------------------
  u_core/core_i/id_stage_i/csr_op_ex_o_reg[1]/CLK
                                         0.04     0.00       --     0.37     0.37 rp-+      default
  u_core/core_i/id_stage_i/branch_in_ex_o_reg/CLK
                                         0.04     0.00       --     0.37     0.37 rp-+      default
  u_core/core_i/id_stage_i/data_req_ex_o_reg/CLK
                                         0.04     0.00       --     0.37     0.37 rp-+      default
  u_core/core_i/id_stage_i/mult_en_ex_o_reg/CLK
                                         0.04     0.00       --     0.37     0.37 rp-+      default
  u_core/core_i/id_stage_i/alu_en_ex_o_reg/CLK
                                         0.04     0.00       --     0.37     0.37 rp-+      default
  u_core/core_i/id_stage_i/csr_op_ex_o_reg[0]/CLK
                                         0.04     0.00       --     0.37     0.37 rp-+      default
  u_core/core_i/id_stage_i/regfile_we_ex_o_reg/CLK
                                         0.04     0.00       --     0.37     0.37 rp-+      default
  u_core/core_i/id_stage_i/csr_access_ex_o_reg/CLK
                                         0.04     0.00       --     0.37     0.37 rp-+      default
  u_core/core_i/id_stage_i/mult_operand_b_ex_o_reg[0]/CLK
                                         0.04     0.00       --     0.37     0.37 rp-+      default
  u_core/core_i/id_stage_i/mult_operand_a_ex_o_reg[11]/CLK
                                         0.04     0.00       --     0.37     0.37 rp-+      default
  u_core/core_i/id_stage_i/mult_operand_a_ex_o_reg[9]/CLK
                                         0.04     0.00       --     0.37     0.37 rp-+      default
  u_core/core_i/id_stage_i/mult_operand_b_ex_o_reg[1]/CLK
                                         0.04     0.00       --     0.37     0.37 rp-+      default
  u_core/core_i/id_stage_i/mult_operand_a_ex_o_reg[14]/CLK
                                         0.04     0.00       --     0.37     0.37 rp-+      default
  u_core/core_i/id_stage_i/mult_operand_a_ex_o_reg[2]/CLK
                                         0.04     0.00       --     0.37     0.37 rp-+      default
  u_core/core_i/id_stage_i/mult_operand_a_ex_o_reg[12]/CLK
                                         0.04     0.00       --     0.36     0.36 rp-+      default
  u_core/core_i/id_stage_i/mult_operand_b_ex_o_reg[30]/CLK
                                         0.04     0.00       --     0.36     0.36 rp-+      default
  u_core/core_i/id_stage_i/mult_operand_b_ex_o_reg[31]/CLK
                                         0.04     0.00       --     0.36     0.36 rp-+      default
  u_core/core_i/id_stage_i/mult_operand_a_ex_o_reg[4]/CLK
                                         0.04     0.00       --     0.36     0.36 rp-+      default
  u_core/core_i/id_stage_i/mult_operand_a_ex_o_reg[8]/CLK
                                         0.04     0.00       --     0.36     0.36 rp-+      default
  u_core/core_i/id_stage_i/mult_operand_a_ex_o_reg[10]/CLK
                                         0.04     0.00       --     0.36     0.36 rp-+      default
---------------------------------------------------------------------------------------------------
1
