****************************************
Report : clock timing
        -type skew
        -nworst 20
        -hold
Design : cv32e40p_synth_wrap
Version: W-2024.09-SP2
Date   : Sun May 10 01:46:16 2026
****************************************

  Mode: default
  Clock: clk_i

  Clock Pin                                          Latency      Skew             Corner
---------------------------------------------------------------------------------------------------
  u_core/core_i/id_stage_i/controller_i/debug_req_q_reg/CLK
                                                        0.04              rp-+    default
  u_core/core_i/id_stage_i/branch_in_ex_o_reg/CLK       0.37      0.33    rp-+    default

  u_core/core_i/id_stage_i/controller_i/debug_req_q_reg/CLK
                                                        0.04              rp-+    default
  u_core/core_i/id_stage_i/csr_op_ex_o_reg[1]/CLK       0.37      0.33    rp-+    default

  u_core/core_i/id_stage_i/controller_i/debug_req_q_reg/CLK
                                                        0.04              rp-+    default
  u_core/core_i/id_stage_i/csr_access_ex_o_reg/CLK      0.37      0.33    rp-+    default

  u_core/core_i/id_stage_i/controller_i/debug_req_q_reg/CLK
                                                        0.04              rp-+    default
  u_core/core_i/id_stage_i/data_req_ex_o_reg/CLK        0.37      0.33    rp-+    default

  u_core/core_i/id_stage_i/controller_i/debug_req_q_reg/CLK
                                                        0.04              rp-+    default
  u_core/core_i/id_stage_i/csr_op_ex_o_reg[0]/CLK       0.37      0.33    rp-+    default

  u_core/core_i/id_stage_i/controller_i/debug_req_q_reg/CLK
                                                        0.04              rp-+    default
  u_core/core_i/id_stage_i/alu_en_ex_o_reg/CLK          0.37      0.33    rp-+    default

  u_core/core_i/id_stage_i/controller_i/debug_req_q_reg/CLK
                                                        0.04              rp-+    default
  u_core/core_i/id_stage_i/mult_en_ex_o_reg/CLK         0.37      0.33    rp-+    default

  u_core/core_i/id_stage_i/controller_i/debug_req_q_reg/CLK
                                                        0.04              rp-+    default
  u_core/core_i/id_stage_i/regfile_we_ex_o_reg/CLK      0.37      0.33    rp-+    default

  u_core/core_i/id_stage_i/controller_i/debug_req_q_reg/CLK
                                                        0.04              rp-+    default
  u_core/core_i/id_stage_i/mult_operand_b_ex_o_reg[0]/CLK
                                                        0.37      0.33    rp-+    default

  u_core/core_i/id_stage_i/controller_i/debug_req_q_reg/CLK
                                                        0.04              rp-+    default
  u_core/core_i/id_stage_i/mult_operand_b_ex_o_reg[1]/CLK
                                                        0.37      0.33    rp-+    default

  u_core/core_i/id_stage_i/controller_i/debug_req_q_reg/CLK
                                                        0.04              rp-+    default
  u_core/core_i/id_stage_i/mult_operand_b_ex_o_reg[30]/CLK
                                                        0.36      0.33    rp-+    default

  u_core/core_i/id_stage_i/controller_i/debug_req_q_reg/CLK
                                                        0.04              rp-+    default
  u_core/core_i/id_stage_i/mult_operand_b_ex_o_reg[31]/CLK
                                                        0.36      0.33    rp-+    default

  u_core/core_i/id_stage_i/controller_i/debug_req_q_reg/CLK
                                                        0.04              rp-+    default
  u_core/core_i/id_stage_i/mult_operand_b_ex_o_reg[29]/CLK
                                                        0.36      0.33    rp-+    default

  u_core/core_i/id_stage_i/controller_i/debug_req_q_reg/CLK
                                                        0.04              rp-+    default
  u_core/core_i/id_stage_i/mult_operand_b_ex_o_reg[6]/CLK
                                                        0.36      0.33    rp-+    default

  u_core/core_i/id_stage_i/controller_i/debug_req_q_reg/CLK
                                                        0.04              rp-+    default
  u_core/core_i/id_stage_i/mult_operand_b_ex_o_reg[14]/CLK
                                                        0.36      0.33    rp-+    default

  u_core/core_i/id_stage_i/controller_i/debug_req_q_reg/CLK
                                                        0.04              rp-+    default
  u_core/core_i/id_stage_i/mult_operand_b_ex_o_reg[13]/CLK
                                                        0.36      0.33    rp-+    default

  u_core/core_i/id_stage_i/controller_i/debug_req_q_reg/CLK
                                                        0.04              rp-+    default
  u_core/core_i/id_stage_i/mult_operand_b_ex_o_reg[19]/CLK
                                                        0.36      0.33    rp-+    default

  u_core/core_i/id_stage_i/controller_i/debug_req_q_reg/CLK
                                                        0.04              rp-+    default
  u_core/core_i/id_stage_i/mult_operand_b_ex_o_reg[12]/CLK
                                                        0.36      0.33    rp-+    default

  u_core/core_i/id_stage_i/controller_i/debug_req_q_reg/CLK
                                                        0.04              rp-+    default
  u_core/core_i/id_stage_i/mult_operand_b_ex_o_reg[9]/CLK
                                                        0.36      0.33    rp-+    default

  u_core/core_i/id_stage_i/controller_i/debug_req_q_reg/CLK
                                                        0.04              rp-+    default
  u_core/core_i/id_stage_i/mult_operand_b_ex_o_reg[8]/CLK
                                                        0.36      0.33    rp-+    default

---------------------------------------------------------------------------------------------------
1
