****************************************
Report : timing
	-path_type full
	-delay_type min
	-slack_lesser_than 100.00
	-max_paths 20
	-sort_by slack
Design : cv32e40p_synth_wrap
Version: W-2024.09-SP5-3
Date   : Sun May 10 12:13:27 2026
****************************************


  Startpoint: u_core/core_i/if_stage_i/pc_id_o_reg[20]
               (rising edge-triggered flip-flop clocked by clk_i)
  Endpoint: u_core/core_i/id_stage_i/mult_operand_a_ex_o_reg[20]
               (rising edge-triggered flip-flop clocked by clk_i)
  Last common pin: u_core/core_i/ZCTSINV_6417_432/Y
  Path Group: clk_i
  Path Type: min

  Point                                                   Incr       Path
  ------------------------------------------------------------------------------
  clock clk_i (rise edge)                                 0.00       0.00
  clock network delay (propagated)                        0.41       0.41
  u_core/core_i/if_stage_i/pc_id_o_reg[20]/CLK (SDFFARX1_RVT)
                                                          0.00       0.41 r
  u_core/core_i/if_stage_i/pc_id_o_reg[20]/Q (SDFFARX1_RVT)
                                                          0.19 &     0.60 f
  u_core/core_i/U3366/Y (NBUFFX4_HVT)                     0.07 &     0.67 f
  u_core/core_i/U_1_PTECO_DRC_BUF185/Y (NBUFFX8_RVT)      0.07 &     0.74 f
  u_core/core_i/id_stage_i/U2954/Y (AO222X1_HVT)          0.12 &     0.85 f
  u_core/core_i/id_stage_i/mult_operand_a_ex_o_reg[20]/D (SDFFARX1_RVT)
                                                          0.00 &     0.85 f
  data arrival time                                                  0.85

  clock clk_i (rise edge)                                 0.00       0.00
  clock network delay (propagated)                        0.66       0.66
  u_core/core_i/id_stage_i/mult_operand_a_ex_o_reg[20]/CLK (SDFFARX1_RVT)
                                                                     0.66 r
  clock reconvergence pessimism                          -0.02       0.65
  clock uncertainty                                       0.10       0.75
  library hold time                                      -0.07       0.68
  data required time                                                 0.68
  ------------------------------------------------------------------------------
  data required time                                                 0.68
  data arrival time                                                 -0.85
  ------------------------------------------------------------------------------
  slack (MET)                                                        0.17


  Startpoint: u_core/core_i/if_stage_i/pc_id_o_reg[18]
               (rising edge-triggered flip-flop clocked by clk_i)
  Endpoint: u_core/core_i/id_stage_i/mult_operand_a_ex_o_reg[18]
               (rising edge-triggered flip-flop clocked by clk_i)
  Last common pin: u_core/core_i/ZCTSINV_6417_432/Y
  Path Group: clk_i
  Path Type: min

  Point                                                   Incr       Path
  ------------------------------------------------------------------------------
  clock clk_i (rise edge)                                 0.00       0.00
  clock network delay (propagated)                        0.41       0.41
  u_core/core_i/if_stage_i/pc_id_o_reg[18]/CLK (SDFFARX1_RVT)
                                                          0.00       0.41 r
  u_core/core_i/if_stage_i/pc_id_o_reg[18]/Q (SDFFARX1_RVT)
                                                          0.19 &     0.60 f
  u_core/core_i/U3392/Y (NBUFFX4_HVT)                     0.06 &     0.66 f
  u_core/core_i/U_1_PTECO_DRC_BUF97/Y (NBUFFX8_LVT)       0.06 &     0.72 f
  u_core/core_i/id_stage_i/U2950/Y (AO222X1_HVT)          0.14 &     0.85 f
  u_core/core_i/id_stage_i/mult_operand_a_ex_o_reg[18]/D (SDFFARX1_RVT)
                                                          0.00 &     0.85 f
  data arrival time                                                  0.85

  clock clk_i (rise edge)                                 0.00       0.00
  clock network delay (propagated)                        0.66       0.66
  u_core/core_i/id_stage_i/mult_operand_a_ex_o_reg[18]/CLK (SDFFARX1_RVT)
                                                                     0.66 r
  clock reconvergence pessimism                          -0.02       0.65
  clock uncertainty                                       0.10       0.75
  library hold time                                      -0.08       0.67
  data required time                                                 0.67
  ------------------------------------------------------------------------------
  data required time                                                 0.67
  data arrival time                                                 -0.85
  ------------------------------------------------------------------------------
  slack (MET)                                                        0.18


  Startpoint: u_core/core_i/if_stage_i/pc_id_o_reg[18]
               (rising edge-triggered flip-flop clocked by clk_i)
  Endpoint: u_core/core_i/cs_registers_i/depc_q_reg[18]
               (rising edge-triggered flip-flop clocked by clk_i)
  Last common pin: u_core/core_i/sleep_unit_i/core_clock_gate_i/u_icg/GCLK
  Path Group: clk_i
  Path Type: min

  Point                                                   Incr       Path
  ------------------------------------------------------------------------------
  clock clk_i (rise edge)                                 0.00       0.00
  clock network delay (propagated)                        0.41       0.41
  u_core/core_i/if_stage_i/pc_id_o_reg[18]/CLK (SDFFARX1_RVT)
                                                          0.00       0.41 r
  u_core/core_i/if_stage_i/pc_id_o_reg[18]/Q (SDFFARX1_RVT)
                                                          0.19 &     0.60 f
  u_core/core_i/U3392/Y (NBUFFX4_HVT)                     0.06 &     0.66 f
  u_core/core_i/U_1_PTECO_DRC_BUF97/Y (NBUFFX8_LVT)       0.06 &     0.72 f
  u_core/core_i/cs_registers_i/U1283/Y (AO222X1_HVT)      0.09 &     0.81 f
  u_core/core_i/cs_registers_i/depc_q_reg[18]/D (SDFFARX1_RVT)
                                                          0.00 &     0.81 f
  data arrival time                                                  0.81

  clock clk_i (rise edge)                                 0.00       0.00
  clock network delay (propagated)                        0.58       0.58
  u_core/core_i/cs_registers_i/depc_q_reg[18]/CLK (SDFFARX1_RVT)     0.58 r
  clock reconvergence pessimism                          -0.00       0.57
  clock uncertainty                                       0.10       0.67
  library hold time                                      -0.05       0.62
  data required time                                                 0.62
  ------------------------------------------------------------------------------
  data required time                                                 0.62
  data arrival time                                                 -0.81
  ------------------------------------------------------------------------------
  slack (MET)                                                        0.19


  Startpoint: u_core/core_i/if_stage_i/pc_id_o_reg[21]
               (rising edge-triggered flip-flop clocked by clk_i)
  Endpoint: u_core/core_i/id_stage_i/mult_operand_a_ex_o_reg[21]
               (rising edge-triggered flip-flop clocked by clk_i)
  Last common pin: u_core/core_i/ZCTSINV_6417_432/Y
  Path Group: clk_i
  Path Type: min

  Point                                                   Incr       Path
  ------------------------------------------------------------------------------
  clock clk_i (rise edge)                                 0.00       0.00
  clock network delay (propagated)                        0.41       0.41
  u_core/core_i/if_stage_i/pc_id_o_reg[21]/CLK (SDFFARX1_RVT)
                                                          0.00       0.41 r
  u_core/core_i/if_stage_i/pc_id_o_reg[21]/Q (SDFFARX1_RVT)
                                                          0.19 &     0.60 f
  u_core/core_i/U3340/Y (NBUFFX4_HVT)                     0.11 &     0.71 f
  u_core/core_i/id_stage_i/U2956/Y (AO222X1_HVT)          0.15 &     0.86 f
  u_core/core_i/id_stage_i/mult_operand_a_ex_o_reg[21]/D (SDFFARX1_RVT)
                                                          0.00 &     0.86 f
  data arrival time                                                  0.86

  clock clk_i (rise edge)                                 0.00       0.00
  clock network delay (propagated)                        0.66       0.66
  u_core/core_i/id_stage_i/mult_operand_a_ex_o_reg[21]/CLK (SDFFARX1_RVT)
                                                                     0.66 r
  clock reconvergence pessimism                          -0.02       0.65
  clock uncertainty                                       0.10       0.75
  library hold time                                      -0.07       0.67
  data required time                                                 0.67
  ------------------------------------------------------------------------------
  data required time                                                 0.67
  data arrival time                                                 -0.86
  ------------------------------------------------------------------------------
  slack (MET)                                                        0.19


  Startpoint: u_core/core_i/if_stage_i/pc_id_o_reg[15]
               (rising edge-triggered flip-flop clocked by clk_i)
  Endpoint: u_core/core_i/id_stage_i/mult_operand_a_ex_o_reg[15]
               (rising edge-triggered flip-flop clocked by clk_i)
  Last common pin: u_core/core_i/ZCTSINV_6417_432/Y
  Path Group: clk_i
  Path Type: min

  Point                                                   Incr       Path
  ------------------------------------------------------------------------------
  clock clk_i (rise edge)                                 0.00       0.00
  clock network delay (propagated)                        0.41       0.41
  u_core/core_i/if_stage_i/pc_id_o_reg[15]/CLK (SDFFARX1_RVT)
                                                          0.00       0.41 r
  u_core/core_i/if_stage_i/pc_id_o_reg[15]/Q (SDFFARX1_RVT)
                                                          0.21 &     0.62 f
  u_core/core_i/U3065/Y (NBUFFX4_HVT)                     0.08 &     0.70 f
  u_core/core_i/U_1_PTECO_DRC_BUF273/Y (NBUFFX8_RVT)      0.07 &     0.76 f
  u_core/core_i/id_stage_i/U2941/Y (AO222X1_HVT)          0.12 &     0.88 f
  u_core/core_i/id_stage_i/mult_operand_a_ex_o_reg[15]/D (SDFFARX1_RVT)
                                                          0.00 &     0.88 f
  data arrival time                                                  0.88

  clock clk_i (rise edge)                                 0.00       0.00
  clock network delay (propagated)                        0.66       0.66
  u_core/core_i/id_stage_i/mult_operand_a_ex_o_reg[15]/CLK (SDFFARX1_RVT)
                                                                     0.66 r
  clock reconvergence pessimism                          -0.02       0.65
  clock uncertainty                                       0.10       0.75
  library hold time                                      -0.07       0.68
  data required time                                                 0.68
  ------------------------------------------------------------------------------
  data required time                                                 0.68
  data arrival time                                                 -0.88
  ------------------------------------------------------------------------------
  slack (MET)                                                        0.20


  Startpoint: u_core/core_i/if_stage_i/pc_id_o_reg[20]
               (rising edge-triggered flip-flop clocked by clk_i)
  Endpoint: u_core/core_i/cs_registers_i/depc_q_reg[20]
               (rising edge-triggered flip-flop clocked by clk_i)
  Last common pin: u_core/core_i/sleep_unit_i/core_clock_gate_i/u_icg/GCLK
  Path Group: clk_i
  Path Type: min

  Point                                                   Incr       Path
  ------------------------------------------------------------------------------
  clock clk_i (rise edge)                                 0.00       0.00
  clock network delay (propagated)                        0.41       0.41
  u_core/core_i/if_stage_i/pc_id_o_reg[20]/CLK (SDFFARX1_RVT)
                                                          0.00       0.41 r
  u_core/core_i/if_stage_i/pc_id_o_reg[20]/Q (SDFFARX1_RVT)
                                                          0.19 &     0.60 f
  u_core/core_i/U3366/Y (NBUFFX4_HVT)                     0.07 &     0.67 f
  u_core/core_i/U_1_PTECO_DRC_BUF185/Y (NBUFFX8_RVT)      0.07 &     0.74 f
  u_core/core_i/cs_registers_i/U1279/Y (AO222X1_HVT)      0.09 &     0.82 f
  u_core/core_i/cs_registers_i/depc_q_reg[20]/D (SDFFARX1_RVT)
                                                          0.00 &     0.82 f
  data arrival time                                                  0.82

  clock clk_i (rise edge)                                 0.00       0.00
  clock network delay (propagated)                        0.58       0.58
  u_core/core_i/cs_registers_i/depc_q_reg[20]/CLK (SDFFARX1_RVT)     0.58 r
  clock reconvergence pessimism                          -0.00       0.57
  clock uncertainty                                       0.10       0.67
  library hold time                                      -0.05       0.62
  data required time                                                 0.62
  ------------------------------------------------------------------------------
  data required time                                                 0.62
  data arrival time                                                 -0.82
  ------------------------------------------------------------------------------
  slack (MET)                                                        0.20


  Startpoint: u_core/core_i/if_stage_i/pc_id_o_reg[4]
               (rising edge-triggered flip-flop clocked by clk_i)
  Endpoint: u_core/core_i/cs_registers_i/depc_q_reg[4]
               (rising edge-triggered flip-flop clocked by clk_i)
  Last common pin: u_core/core_i/sleep_unit_i/core_clock_gate_i/u_icg/GCLK
  Path Group: clk_i
  Path Type: min

  Point                                                   Incr       Path
  ------------------------------------------------------------------------------
  clock clk_i (rise edge)                                 0.00       0.00
  clock network delay (propagated)                        0.41       0.41
  u_core/core_i/if_stage_i/pc_id_o_reg[4]/CLK (SDFFARX1_RVT)
                                                          0.00       0.41 r
  u_core/core_i/if_stage_i/pc_id_o_reg[4]/Q (SDFFARX1_RVT)
                                                          0.21 &     0.62 f
  u_core/core_i/U3394/Y (NBUFFX2_HVT)                     0.11 &     0.73 f
  u_core/core_i/cs_registers_i/U1319/Y (AO222X1_HVT)      0.10 &     0.83 f
  u_core/core_i/cs_registers_i/depc_q_reg[4]/D (SDFFARX1_RVT)
                                                          0.00 &     0.83 f
  data arrival time                                                  0.83

  clock clk_i (rise edge)                                 0.00       0.00
  clock network delay (propagated)                        0.58       0.58
  u_core/core_i/cs_registers_i/depc_q_reg[4]/CLK (SDFFARX1_RVT)      0.58 r
  clock reconvergence pessimism                          -0.00       0.57
  clock uncertainty                                       0.10       0.67
  library hold time                                      -0.05       0.62
  data required time                                                 0.62
  ------------------------------------------------------------------------------
  data required time                                                 0.62
  data arrival time                                                 -0.83
  ------------------------------------------------------------------------------
  slack (MET)                                                        0.21


  Startpoint: u_core/core_i/if_stage_i/pc_id_o_reg[2]
               (rising edge-triggered flip-flop clocked by clk_i)
  Endpoint: u_core/core_i/cs_registers_i/depc_q_reg[2]
               (rising edge-triggered flip-flop clocked by clk_i)
  Last common pin: u_core/core_i/sleep_unit_i/core_clock_gate_i/u_icg/GCLK
  Path Group: clk_i
  Path Type: min

  Point                                                   Incr       Path
  ------------------------------------------------------------------------------
  clock clk_i (rise edge)                                 0.00       0.00
  clock network delay (propagated)                        0.41       0.41
  u_core/core_i/if_stage_i/pc_id_o_reg[2]/CLK (SDFFARX1_RVT)
                                                          0.00       0.41 r
  u_core/core_i/if_stage_i/pc_id_o_reg[2]/Q (SDFFARX1_RVT)
                                                          0.21 &     0.62 f
  u_core/core_i/U3417/Y (NBUFFX2_HVT)                     0.11 &     0.73 f
  u_core/core_i/cs_registers_i/U1323/Y (AO222X1_HVT)      0.10 &     0.83 f
  u_core/core_i/cs_registers_i/depc_q_reg[2]/D (SDFFARX1_RVT)
                                                          0.00 &     0.83 f
  data arrival time                                                  0.83

  clock clk_i (rise edge)                                 0.00       0.00
  clock network delay (propagated)                        0.58       0.58
  u_core/core_i/cs_registers_i/depc_q_reg[2]/CLK (SDFFARX1_RVT)      0.58 r
  clock reconvergence pessimism                          -0.00       0.57
  clock uncertainty                                       0.10       0.67
  library hold time                                      -0.06       0.62
  data required time                                                 0.62
  ------------------------------------------------------------------------------
  data required time                                                 0.62
  data arrival time                                                 -0.83
  ------------------------------------------------------------------------------
  slack (MET)                                                        0.21


  Startpoint: u_core/core_i/if_stage_i/instr_rdata_id_o_reg[14]
               (rising edge-triggered flip-flop clocked by clk_i)
  Endpoint: u_core/core_i/id_stage_i/mult_operator_ex_o_reg[2]
               (rising edge-triggered flip-flop clocked by clk_i)
  Last common pin: u_core/core_i/ZCTSINV_6417_432/Y
  Path Group: clk_i
  Path Type: min

  Point                                                   Incr       Path
  ------------------------------------------------------------------------------
  clock clk_i (rise edge)                                 0.00       0.00
  clock network delay (propagated)                        0.41       0.41
  u_core/core_i/if_stage_i/instr_rdata_id_o_reg[14]/CLK (SDFFARX1_RVT)
                                                          0.00       0.41 r
  u_core/core_i/if_stage_i/instr_rdata_id_o_reg[14]/Q (SDFFARX1_RVT)
                                                          0.18 &     0.60 r
  u_core/core_i/ZBUF_688_inst_1974/Y (NBUFFX4_HVT)        0.09 &     0.68 r
  u_core/core_i/id_stage_i/U65/Y (INVX2_HVT)              0.07 &     0.75 f
  u_core/core_i/id_stage_i/U2671/Y (AND3X1_HVT)           0.14 &     0.89 f
  u_core/core_i/id_stage_i/mult_operator_ex_o_reg[2]/D (SDFFARX1_RVT)
                                                          0.00 &     0.89 f
  data arrival time                                                  0.89

  clock clk_i (rise edge)                                 0.00       0.00
  clock network delay (propagated)                        0.66       0.66
  u_core/core_i/id_stage_i/mult_operator_ex_o_reg[2]/CLK (SDFFARX1_RVT)
                                                                     0.66 r
  clock reconvergence pessimism                          -0.02       0.65
  clock uncertainty                                       0.10       0.75
  library hold time                                      -0.07       0.68
  data required time                                                 0.68
  ------------------------------------------------------------------------------
  data required time                                                 0.68
  data arrival time                                                 -0.89
  ------------------------------------------------------------------------------
  slack (MET)                                                        0.22


  Startpoint: u_core/core_i/if_stage_i/pc_id_o_reg[7]
               (rising edge-triggered flip-flop clocked by clk_i)
  Endpoint: u_core/core_i/cs_registers_i/depc_q_reg[7]
               (rising edge-triggered flip-flop clocked by clk_i)
  Last common pin: u_core/core_i/sleep_unit_i/core_clock_gate_i/u_icg/GCLK
  Path Group: clk_i
  Path Type: min

  Point                                                   Incr       Path
  ------------------------------------------------------------------------------
  clock clk_i (rise edge)                                 0.00       0.00
  clock network delay (propagated)                        0.41       0.41
  u_core/core_i/if_stage_i/pc_id_o_reg[7]/CLK (SDFFARX1_RVT)
                                                          0.00       0.41 r
  u_core/core_i/if_stage_i/pc_id_o_reg[7]/Q (SDFFARX1_RVT)
                                                          0.19 &     0.60 f
  u_core/core_i/ZBUF_92_inst_2941/Y (NBUFFX2_HVT)         0.06 &     0.67 f
  u_core/core_i/U3151/Y (NBUFFX2_HVT)                     0.08 &     0.75 f
  u_core/core_i/cs_registers_i/U1312/Y (AO222X1_HVT)      0.09 &     0.84 f
  u_core/core_i/cs_registers_i/depc_q_reg[7]/D (SDFFARX1_RVT)
                                                          0.00 &     0.84 f
  data arrival time                                                  0.84

  clock clk_i (rise edge)                                 0.00       0.00
  clock network delay (propagated)                        0.58       0.58
  u_core/core_i/cs_registers_i/depc_q_reg[7]/CLK (SDFFARX1_RVT)      0.58 r
  clock reconvergence pessimism                          -0.00       0.57
  clock uncertainty                                       0.10       0.67
  library hold time                                      -0.05       0.62
  data required time                                                 0.62
  ------------------------------------------------------------------------------
  data required time                                                 0.62
  data arrival time                                                 -0.84
  ------------------------------------------------------------------------------
  slack (MET)                                                        0.22


  Startpoint: u_core/core_i/if_stage_i/instr_rdata_id_o_reg[15]
               (rising edge-triggered flip-flop clocked by clk_i)
  Endpoint: u_core/core_i/id_stage_i/mult_operand_a_ex_o_reg[0]
               (rising edge-triggered flip-flop clocked by clk_i)
  Last common pin: u_core/core_i/ZCTSINV_6417_432/Y
  Path Group: clk_i
  Path Type: min

  Point                                                   Incr       Path
  ------------------------------------------------------------------------------
  clock clk_i (rise edge)                                 0.00       0.00
  clock network delay (propagated)                        0.41       0.41
  u_core/core_i/if_stage_i/instr_rdata_id_o_reg[15]/CLK (SDFFARX1_RVT)
                                                          0.00       0.41 r
  u_core/core_i/if_stage_i/instr_rdata_id_o_reg[15]/Q (SDFFARX1_RVT)
                                                          0.18 &     0.59 f
  u_core/core_i/ZBUF_544_inst_2752/Y (NBUFFX4_HVT)        0.09 &     0.68 f
  u_core/core_i/id_stage_i/ZBUF_266_inst_2751/Y (NBUFFX2_HVT)
                                                          0.09 &     0.77 f
  u_core/core_i/id_stage_i/U2895/Y (AO222X1_HVT)          0.12 &     0.89 f
  u_core/core_i/id_stage_i/mult_operand_a_ex_o_reg[0]/D (SDFFARX1_RVT)
                                                          0.00 &     0.89 f
  data arrival time                                                  0.89

  clock clk_i (rise edge)                                 0.00       0.00
  clock network delay (propagated)                        0.66       0.66
  u_core/core_i/id_stage_i/mult_operand_a_ex_o_reg[0]/CLK (SDFFARX1_RVT)
                                                                     0.66 r
  clock reconvergence pessimism                          -0.02       0.65
  clock uncertainty                                       0.10       0.75
  library hold time                                      -0.07       0.67
  data required time                                                 0.67
  ------------------------------------------------------------------------------
  data required time                                                 0.67
  data arrival time                                                 -0.89
  ------------------------------------------------------------------------------
  slack (MET)                                                        0.22


  Startpoint: u_core/core_i/if_stage_i/pc_id_o_reg[26]
               (rising edge-triggered flip-flop clocked by clk_i)
  Endpoint: u_core/core_i/id_stage_i/mult_operand_a_ex_o_reg[26]
               (rising edge-triggered flip-flop clocked by clk_i)
  Last common pin: u_core/core_i/ZCTSINV_6417_432/Y
  Path Group: clk_i
  Path Type: min

  Point                                                   Incr       Path
  ------------------------------------------------------------------------------
  clock clk_i (rise edge)                                 0.00       0.00
  clock network delay (propagated)                        0.41       0.41
  u_core/core_i/if_stage_i/pc_id_o_reg[26]/CLK (SDFFARX1_RVT)
                                                          0.00       0.41 r
  u_core/core_i/if_stage_i/pc_id_o_reg[26]/Q (SDFFARX1_RVT)
                                                          0.19 &     0.60 f
  u_core/core_i/U3290/Y (NBUFFX4_HVT)                     0.09 &     0.69 f
  u_core/core_i/id_stage_i/U_1_PTECO_DRC_BUF255/Y (NBUFFX4_LVT)
                                                          0.07 &     0.76 f
  u_core/core_i/id_stage_i/U2966/Y (AO222X1_HVT)          0.13 &     0.89 f
  u_core/core_i/id_stage_i/mult_operand_a_ex_o_reg[26]/D (SDFFARX1_RVT)
                                                          0.00 &     0.89 f
  data arrival time                                                  0.89

  clock clk_i (rise edge)                                 0.00       0.00
  clock network delay (propagated)                        0.66       0.66
  u_core/core_i/id_stage_i/mult_operand_a_ex_o_reg[26]/CLK (SDFFARX1_RVT)
                                                                     0.66 r
  clock reconvergence pessimism                          -0.02       0.65
  clock uncertainty                                       0.10       0.75
  library hold time                                      -0.08       0.67
  data required time                                                 0.67
  ------------------------------------------------------------------------------
  data required time                                                 0.67
  data arrival time                                                 -0.89
  ------------------------------------------------------------------------------
  slack (MET)                                                        0.22


  Startpoint: u_core/core_i/if_stage_i/instr_rdata_id_o_reg[12]
               (rising edge-triggered flip-flop clocked by clk_i)
  Endpoint: u_core/core_i/id_stage_i/mult_signed_mode_ex_o_reg[1]
               (rising edge-triggered flip-flop clocked by clk_i)
  Last common pin: u_core/core_i/ZCTSINV_6417_432/Y
  Path Group: clk_i
  Path Type: min

  Point                                                   Incr       Path
  ------------------------------------------------------------------------------
  clock clk_i (rise edge)                                 0.00       0.00
  clock network delay (propagated)                        0.41       0.41
  u_core/core_i/if_stage_i/instr_rdata_id_o_reg[12]/CLK (SDFFARX1_RVT)
                                                          0.00       0.41 r
  u_core/core_i/if_stage_i/instr_rdata_id_o_reg[12]/Q (SDFFARX1_RVT)
                                                          0.18 &     0.59 f
  u_core/core_i/ZBUF_632_inst_2270/Y (NBUFFX2_HVT)        0.10 &     0.68 f
  u_core/core_i/id_stage_i/ZBUF_53_inst_2268/Y (NBUFFX2_HVT)
                                                          0.10 &     0.78 f
  u_core/core_i/id_stage_i/U3056/Y (AND3X1_HVT)           0.13 &     0.91 f
  u_core/core_i/id_stage_i/mult_signed_mode_ex_o_reg[1]/D (SDFFARX1_RVT)
                                                          0.00 &     0.91 f
  data arrival time                                                  0.91

  clock clk_i (rise edge)                                 0.00       0.00
  clock network delay (propagated)                        0.66       0.66
  u_core/core_i/id_stage_i/mult_signed_mode_ex_o_reg[1]/CLK (SDFFARX1_RVT)
                                                                     0.66 r
  clock reconvergence pessimism                          -0.02       0.65
  clock uncertainty                                       0.10       0.75
  library hold time                                      -0.07       0.68
  data required time                                                 0.68
  ------------------------------------------------------------------------------
  data required time                                                 0.68
  data arrival time                                                 -0.91
  ------------------------------------------------------------------------------
  slack (MET)                                                        0.23


  Startpoint: u_core/core_i/if_stage_i/pc_id_o_reg[3]
               (rising edge-triggered flip-flop clocked by clk_i)
  Endpoint: u_core/core_i/cs_registers_i/depc_q_reg[3]
               (rising edge-triggered flip-flop clocked by clk_i)
  Last common pin: u_core/core_i/sleep_unit_i/core_clock_gate_i/u_icg/GCLK
  Path Group: clk_i
  Path Type: min

  Point                                                   Incr       Path
  ------------------------------------------------------------------------------
  clock clk_i (rise edge)                                 0.00       0.00
  clock network delay (propagated)                        0.41       0.41
  u_core/core_i/if_stage_i/pc_id_o_reg[3]/CLK (SDFFARX1_RVT)
                                                          0.00       0.41 r
  u_core/core_i/if_stage_i/pc_id_o_reg[3]/Q (SDFFARX1_RVT)
                                                          0.18 &     0.59 f
  u_core/core_i/U_1_PTECO_DRC_BUF297/Y (NBUFFX2_RVT)      0.07 &     0.66 f
  u_core/core_i/U3414/Y (NBUFFX2_HVT)                     0.10 &     0.76 f
  u_core/core_i/cs_registers_i/U1321/Y (AO222X1_HVT)      0.10 &     0.85 f
  u_core/core_i/cs_registers_i/depc_q_reg[3]/D (SDFFARX1_RVT)
                                                          0.00 &     0.85 f
  data arrival time                                                  0.85

  clock clk_i (rise edge)                                 0.00       0.00
  clock network delay (propagated)                        0.58       0.58
  u_core/core_i/cs_registers_i/depc_q_reg[3]/CLK (SDFFARX1_RVT)      0.58 r
  clock reconvergence pessimism                          -0.00       0.57
  clock uncertainty                                       0.10       0.67
  library hold time                                      -0.06       0.62
  data required time                                                 0.62
  ------------------------------------------------------------------------------
  data required time                                                 0.62
  data arrival time                                                 -0.85
  ------------------------------------------------------------------------------
  slack (MET)                                                        0.24


  Startpoint: u_core/core_i/ex_stage_i/alu_i/alu_div_i/ResReg_DP_reg[22]
               (rising edge-triggered flip-flop clocked by clk_i)
  Endpoint: u_core/core_i/ex_stage_i/alu_i/alu_div_i/ResReg_DP_reg[21]
               (rising edge-triggered flip-flop clocked by clk_i)
  Last common pin: u_core/core_i/ZCTSBUF_533_427/Y
  Path Group: clk_i
  Path Type: min

  Point                                                   Incr       Path
  ------------------------------------------------------------------------------
  clock clk_i (rise edge)                                 0.00       0.00
  clock network delay (propagated)                        0.40       0.40
  u_core/core_i/ex_stage_i/alu_i/alu_div_i/ResReg_DP_reg[22]/CLK (SDFFARX1_RVT)
                                                          0.00       0.40 r
  u_core/core_i/ex_stage_i/alu_i/alu_div_i/ResReg_DP_reg[22]/Q (SDFFARX1_RVT)
                                                          0.20 &     0.61 f
  u_core/core_i/U4354/Y (AND2X1_HVT)                      0.08 &     0.69 f
  u_core/core_i/ex_stage_i/alu_i/alu_div_i/ResReg_DP_reg[21]/D (SDFFARX1_RVT)
                                                          0.00 &     0.69 f
  data arrival time                                                  0.69

  clock clk_i (rise edge)                                 0.00       0.00
  clock network delay (propagated)                        0.43       0.43
  u_core/core_i/ex_stage_i/alu_i/alu_div_i/ResReg_DP_reg[21]/CLK (SDFFARX1_RVT)
                                                                     0.43 r
  clock reconvergence pessimism                          -0.03       0.40
  clock uncertainty                                       0.10       0.50
  library hold time                                      -0.05       0.45
  data required time                                                 0.45
  ------------------------------------------------------------------------------
  data required time                                                 0.45
  data arrival time                                                 -0.69
  ------------------------------------------------------------------------------
  slack (MET)                                                        0.24


  Startpoint: u_core/core_i/ex_stage_i/alu_i/alu_div_i/ResReg_DP_reg[6]
               (rising edge-triggered flip-flop clocked by clk_i)
  Endpoint: u_core/core_i/ex_stage_i/alu_i/alu_div_i/ResReg_DP_reg[5]
               (rising edge-triggered flip-flop clocked by clk_i)
  Last common pin: u_core/core_i/ZCTSBUF_533_427/Y
  Path Group: clk_i
  Path Type: min

  Point                                                   Incr       Path
  ------------------------------------------------------------------------------
  clock clk_i (rise edge)                                 0.00       0.00
  clock network delay (propagated)                        0.40       0.40
  u_core/core_i/ex_stage_i/alu_i/alu_div_i/ResReg_DP_reg[6]/CLK (SDFFARX1_RVT)
                                                          0.00       0.40 r
  u_core/core_i/ex_stage_i/alu_i/alu_div_i/ResReg_DP_reg[6]/Q (SDFFARX1_RVT)
                                                          0.20 &     0.61 f
  u_core/core_i/U4370/Y (AND2X1_HVT)                      0.08 &     0.69 f
  u_core/core_i/ex_stage_i/alu_i/alu_div_i/ResReg_DP_reg[5]/D (SDFFARX1_RVT)
                                                          0.00 &     0.69 f
  data arrival time                                                  0.69

  clock clk_i (rise edge)                                 0.00       0.00
  clock network delay (propagated)                        0.43       0.43
  u_core/core_i/ex_stage_i/alu_i/alu_div_i/ResReg_DP_reg[5]/CLK (SDFFARX1_RVT)
                                                                     0.43 r
  clock reconvergence pessimism                          -0.03       0.40
  clock uncertainty                                       0.10       0.50
  library hold time                                      -0.05       0.45
  data required time                                                 0.45
  ------------------------------------------------------------------------------
  data required time                                                 0.45
  data arrival time                                                 -0.69
  ------------------------------------------------------------------------------
  slack (MET)                                                        0.24


  Startpoint: u_core/core_i/if_stage_i/pc_id_o_reg[17]
               (rising edge-triggered flip-flop clocked by clk_i)
  Endpoint: u_core/core_i/id_stage_i/mult_operand_a_ex_o_reg[17]
               (rising edge-triggered flip-flop clocked by clk_i)
  Last common pin: u_core/core_i/ZCTSINV_6417_432/Y
  Path Group: clk_i
  Path Type: min

  Point                                                   Incr       Path
  ------------------------------------------------------------------------------
  clock clk_i (rise edge)                                 0.00       0.00
  clock network delay (propagated)                        0.41       0.41
  u_core/core_i/if_stage_i/pc_id_o_reg[17]/CLK (SDFFARX1_RVT)
                                                          0.00       0.41 r
  u_core/core_i/if_stage_i/pc_id_o_reg[17]/Q (SDFFARX1_RVT)
                                                          0.19 &     0.60 f
  u_core/core_i/U3053/Y (NBUFFX4_HVT)                     0.11 &     0.72 f
  u_core/core_i/id_stage_i/U_1_PTECO_DRC_BUF95/Y (NBUFFX2_RVT)
                                                          0.10 &     0.82 f
  u_core/core_i/id_stage_i/U2948/Y (AO222X1_HVT)          0.11 &     0.93 f
  u_core/core_i/id_stage_i/mult_operand_a_ex_o_reg[17]/D (SDFFARX1_RVT)
                                                          0.00 &     0.93 f
  data arrival time                                                  0.93

  clock clk_i (rise edge)                                 0.00       0.00
  clock network delay (propagated)                        0.66       0.66
  u_core/core_i/id_stage_i/mult_operand_a_ex_o_reg[17]/CLK (SDFFARX1_RVT)
                                                                     0.66 r
  clock reconvergence pessimism                          -0.02       0.65
  clock uncertainty                                       0.10       0.75
  library hold time                                      -0.06       0.68
  data required time                                                 0.68
  ------------------------------------------------------------------------------
  data required time                                                 0.68
  data arrival time                                                 -0.93
  ------------------------------------------------------------------------------
  slack (MET)                                                        0.24


  Startpoint: u_core/core_i/ex_stage_i/alu_i/alu_div_i/ResReg_DP_reg[13]
               (rising edge-triggered flip-flop clocked by clk_i)
  Endpoint: u_core/core_i/ex_stage_i/alu_i/alu_div_i/ResReg_DP_reg[12]
               (rising edge-triggered flip-flop clocked by clk_i)
  Last common pin: u_core/core_i/ZCTSBUF_533_427/Y
  Path Group: clk_i
  Path Type: min

  Point                                                   Incr       Path
  ------------------------------------------------------------------------------
  clock clk_i (rise edge)                                 0.00       0.00
  clock network delay (propagated)                        0.40       0.40
  u_core/core_i/ex_stage_i/alu_i/alu_div_i/ResReg_DP_reg[13]/CLK (SDFFARX1_RVT)
                                                          0.00       0.40 r
  u_core/core_i/ex_stage_i/alu_i/alu_div_i/ResReg_DP_reg[13]/Q (SDFFARX1_RVT)
                                                          0.20 &     0.61 f
  u_core/core_i/U4363/Y (AND2X1_HVT)                      0.09 &     0.69 f
  u_core/core_i/ex_stage_i/alu_i/alu_div_i/ResReg_DP_reg[12]/D (SDFFARX1_RVT)
                                                          0.00 &     0.69 f
  data arrival time                                                  0.69

  clock clk_i (rise edge)                                 0.00       0.00
  clock network delay (propagated)                        0.43       0.43
  u_core/core_i/ex_stage_i/alu_i/alu_div_i/ResReg_DP_reg[12]/CLK (SDFFARX1_RVT)
                                                                     0.43 r
  clock reconvergence pessimism                          -0.03       0.41
  clock uncertainty                                       0.10       0.51
  library hold time                                      -0.06       0.45
  data required time                                                 0.45
  ------------------------------------------------------------------------------
  data required time                                                 0.45
  data arrival time                                                 -0.69
  ------------------------------------------------------------------------------
  slack (MET)                                                        0.24


  Startpoint: u_core/core_i/load_store_unit_i/cnt_q_reg[0]
               (rising edge-triggered flip-flop clocked by clk_i)
  Endpoint: u_core/core_i/load_store_unit_i/cnt_q_reg[1]
               (rising edge-triggered flip-flop clocked by clk_i)
  Last common pin: u_core/core_i/ZCTSBUF_3979_434/Y
  Path Group: clk_i
  Path Type: min

  Point                                                   Incr       Path
  ------------------------------------------------------------------------------
  clock clk_i (rise edge)                                 0.00       0.00
  clock network delay (propagated)                        0.25       0.25
  u_core/core_i/load_store_unit_i/cnt_q_reg[0]/CLK (SDFFARX1_RVT)
                                                          0.00       0.25 r
  u_core/core_i/load_store_unit_i/cnt_q_reg[0]/QN (SDFFARX1_RVT)
                                                          0.16 &     0.41 f
  u_core/core_i/U5274/Y (NAND4X0_HVT)                     0.06 &     0.47 r
  u_core/core_i/U5275/Y (NAND2X0_HVT)                     0.06 &     0.53 f
  u_core/core_i/load_store_unit_i/cnt_q_reg[1]/D (SDFFARX1_RVT)
                                                          0.00 &     0.53 f
  data arrival time                                                  0.53

  clock clk_i (rise edge)                                 0.00       0.00
  clock network delay (propagated)                        0.27       0.27
  u_core/core_i/load_store_unit_i/cnt_q_reg[1]/CLK (SDFFARX1_RVT)
                                                                     0.27 r
  clock reconvergence pessimism                          -0.01       0.25
  clock uncertainty                                       0.10       0.35
  library hold time                                      -0.06       0.29
  data required time                                                 0.29
  ------------------------------------------------------------------------------
  data required time                                                 0.29
  data arrival time                                                 -0.53
  ------------------------------------------------------------------------------
  slack (MET)                                                        0.25


  Startpoint: u_core/core_i/ex_stage_i/alu_i/alu_div_i/ResReg_DP_reg[1]
               (rising edge-triggered flip-flop clocked by clk_i)
  Endpoint: u_core/core_i/ex_stage_i/alu_i/alu_div_i/ResReg_DP_reg[0]
               (rising edge-triggered flip-flop clocked by clk_i)
  Last common pin: u_core/core_i/ZCTSBUF_533_427/Y
  Path Group: clk_i
  Path Type: min

  Point                                                   Incr       Path
  ------------------------------------------------------------------------------
  clock clk_i (rise edge)                                 0.00       0.00
  clock network delay (propagated)                        0.40       0.40
  u_core/core_i/ex_stage_i/alu_i/alu_div_i/ResReg_DP_reg[1]/CLK (SDFFARX1_RVT)
                                                          0.00       0.40 r
  u_core/core_i/ex_stage_i/alu_i/alu_div_i/ResReg_DP_reg[1]/Q (SDFFARX1_RVT)
                                                          0.21 &     0.61 f
  u_core/core_i/U4375/Y (AND2X1_HVT)                      0.08 &     0.70 f
  u_core/core_i/ex_stage_i/alu_i/alu_div_i/ResReg_DP_reg[0]/D (SDFFARX1_RVT)
                                                          0.00 &     0.70 f
  data arrival time                                                  0.70

  clock clk_i (rise edge)                                 0.00       0.00
  clock network delay (propagated)                        0.43       0.43
  u_core/core_i/ex_stage_i/alu_i/alu_div_i/ResReg_DP_reg[0]/CLK (SDFFARX1_RVT)
                                                                     0.43 r
  clock reconvergence pessimism                          -0.03       0.40
  clock uncertainty                                       0.10       0.50
  library hold time                                      -0.05       0.45
  data required time                                                 0.45
  ------------------------------------------------------------------------------
  data required time                                                 0.45
  data arrival time                                                 -0.70
  ------------------------------------------------------------------------------
  slack (MET)                                                        0.25

Warning: report_timing has satisfied the max_paths criteria. There are 2295 further endpoints which have paths of interest with slack less than   100.00 that were not considered when generating this report. (UITE-502)

1
