****************************************
Report : constraint
	-all_violators
	-path slack_only
Design : cv32e40p_synth_wrap
Version: W-2024.09-SP5-3
Date   : Sat May  9 11:23:14 2026
****************************************






   max_capacitance

                             Required        Actual
   Pin                      Capacitance    Capacitance       Slack
   -----------------------------------------------------------------
   u_core/core_i/U1121/Y       16.00          63.64         -47.64  (VIOLATED)
   u_core/core_i/U1813/Y        8.00          51.28         -43.28  (VIOLATED)
   u_core/core_i/U1830/Y        8.00          36.83         -28.83  (VIOLATED)
   u_core/core_i/cs_registers_i/U509/Y
                               16.00          43.72         -27.72  (VIOLATED)
   u_core/core_i/id_stage_i/U12/Y
                               16.00          42.89         -26.89  (VIOLATED)
   u_core/core_i/id_stage_i/U11/Y
                               16.00          41.75         -25.75  (VIOLATED)
   u_core/core_i/id_stage_i/U7/Y
                               16.00          40.61         -24.61  (VIOLATED)
   u_core/core_i/id_stage_i/U4/Y
                               16.00          39.47         -23.47  (VIOLATED)
   u_core/core_i/cs_registers_i/U5/Y
                               16.00          39.06         -23.06  (VIOLATED)
   u_core/core_i/cs_registers_i/U6/Y
                               16.00          38.92         -22.92  (VIOLATED)
   u_core/core_i/cs_registers_i/U8/Y
                               16.00          38.92         -22.92  (VIOLATED)
   u_core/core_i/id_stage_i/U5/Y
                               16.00          38.33         -22.33  (VIOLATED)
   u_core/core_i/id_stage_i/U17/Y
                               16.00          38.33         -22.33  (VIOLATED)
   u_core/core_i/id_stage_i/U21/Y
                               16.00          37.19         -21.19  (VIOLATED)
   u_core/core_i/U23/Y         16.00          36.88         -20.88  (VIOLATED)
   u_core/core_i/U107/Y        16.00          36.88         -20.88  (VIOLATED)
   u_core/core_i/id_stage_i/U16/Y
                               16.00          36.06         -20.06  (VIOLATED)
   u_core/core_i/id_stage_i/U20/Y
                               16.00          36.06         -20.06  (VIOLATED)
   u_core/core_i/id_stage_i/U36/Y
                               16.00          36.06         -20.06  (VIOLATED)
   u_core/core_i/id_stage_i/U37/Y
                               16.00          36.06         -20.06  (VIOLATED)
   u_core/core_i/U120/Y        16.00          35.76         -19.76  (VIOLATED)
   u_core/core_i/id_stage_i/U10/Y
                               16.00          34.92         -18.92  (VIOLATED)
   u_core/core_i/id_stage_i/U19/Y
                               16.00          34.92         -18.92  (VIOLATED)
   u_core/core_i/U15/Y         16.00          34.63         -18.63  (VIOLATED)
   u_core/core_i/U183/Y        16.00          34.63         -18.63  (VIOLATED)
   u_core/core_i/cs_registers_i/U4/Y
                               16.00          34.26         -18.26  (VIOLATED)
   u_core/core_i/id_stage_i/U3/Y
                               16.00          33.78         -17.78  (VIOLATED)
   u_core/core_i/id_stage_i/U9/Y
                               16.00          33.78         -17.78  (VIOLATED)
   u_core/core_i/id_stage_i/U13/Y
                               16.00          33.78         -17.78  (VIOLATED)
   u_core/core_i/id_stage_i/U32/Y
                               16.00          33.78         -17.78  (VIOLATED)
   u_core/core_i/U29/Y         16.00          33.51         -17.51  (VIOLATED)
   u_core/core_i/cs_registers_i/U11/Y
                               16.00          33.10         -17.10  (VIOLATED)
   u_core/core_i/id_stage_i/U6/Y
                               16.00          32.64         -16.64  (VIOLATED)
   u_core/core_i/id_stage_i/U23/Y
                               16.00          32.64         -16.64  (VIOLATED)
   u_core/core_i/id_stage_i/U33/Y
                               16.00          32.64         -16.64  (VIOLATED)
   u_core/core_i/U100/Y        16.00          32.38         -16.38  (VIOLATED)
   u_core/core_i/U1896/Y        8.00          24.34         -16.34  (VIOLATED)
   u_core/core_i/id_stage_i/U35/Y
                               16.00          31.50         -15.50  (VIOLATED)
   u_core/core_i/U22/Y         16.00          31.26         -15.26  (VIOLATED)
   u_core/core_i/U27/Y         16.00          31.26         -15.26  (VIOLATED)
   u_core/core_i/U276/Y        16.00          31.26         -15.26  (VIOLATED)
   u_core/core_i/cs_registers_i/U12/Y
                               16.00          30.78         -14.78  (VIOLATED)
   u_core/core_i/U1300/Y        8.00          22.62         -14.62  (VIOLATED)
   u_core/core_i/id_stage_i/U14/Y
                               16.00          30.36         -14.36  (VIOLATED)
   u_core/core_i/U278/Y        16.00          30.28         -14.28  (VIOLATED)
   u_core/core_i/cs_registers_i/U73/Y
                               16.00          30.15         -14.15  (VIOLATED)
   u_core/core_i/U28/Y         16.00          30.13         -14.13  (VIOLATED)
   u_core/core_i/U96/Y         16.00          30.13         -14.13  (VIOLATED)
   u_core/core_i/U1820/Y        8.00          22.13         -14.13  (VIOLATED)
   u_core/core_i/cs_registers_i/U7/Y
                               16.00          29.61         -13.61  (VIOLATED)
   u_core/core_i/id_stage_i/U18/Y
                               16.00          29.22         -13.22  (VIOLATED)
   u_core/core_i/id_stage_i/U24/Y
                               16.00          29.22         -13.22  (VIOLATED)
   u_core/core_i/id_stage_i/U29/Y
                               16.00          29.22         -13.22  (VIOLATED)
   u_core/core_i/id_stage_i/U119/Y
                                8.00          21.15         -13.15  (VIOLATED)
   u_core/core_i/U19/Y         16.00          29.01         -13.01  (VIOLATED)
   u_core/core_i/U25/Y         16.00          29.01         -13.01  (VIOLATED)
   u_core/core_i/U60/Y         16.00          29.01         -13.01  (VIOLATED)
   u_core/core_i/U1100/Y        8.00          21.00         -13.00  (VIOLATED)
   u_core/core_i/cs_registers_i/U10/Y
                               16.00          28.89         -12.89  (VIOLATED)
   u_core/core_i/id_stage_i/U84/Y
                                8.00          20.40         -12.40  (VIOLATED)
   u_core/core_i/id_stage_i/U117/Y
                                8.00          20.40         -12.40  (VIOLATED)
   u_core/core_i/id_stage_i/U179/Y
                                8.00          20.24         -12.24  (VIOLATED)
   u_core/core_i/id_stage_i/U15/Y
                               16.00          28.08         -12.08  (VIOLATED)
   u_core/core_i/id_stage_i/U22/Y
                               16.00          28.08         -12.08  (VIOLATED)
   u_core/core_i/id_stage_i/U26/Y
                               16.00          28.08         -12.08  (VIOLATED)
   u_core/core_i/id_stage_i/U1202/Y
                                8.00          20.05         -12.05  (VIOLATED)
   u_core/core_i/id_stage_i/U200/Y
                                8.00          20.03         -12.03  (VIOLATED)
   u_core/core_i/U208/Y        16.00          27.88         -11.88  (VIOLATED)
   u_core/core_i/cs_registers_i/U193/Y
                                8.00          19.86         -11.86  (VIOLATED)
   u_core/core_i/id_stage_i/U113/Y
                                8.00          19.66         -11.66  (VIOLATED)
   u_core/core_i/id_stage_i/U445/Y
                                8.00          19.32         -11.32  (VIOLATED)
   u_core/core_i/cs_registers_i/U174/Y
                                8.00          19.10         -11.10  (VIOLATED)
   u_core/core_i/cs_registers_i/U146/Y
                                8.00          19.02         -11.02  (VIOLATED)
   u_core/core_i/cs_registers_i/U170/Y
                                8.00          18.96         -10.96  (VIOLATED)
   u_core/core_i/id_stage_i/U30/Y
                               16.00          26.94         -10.94  (VIOLATED)
   u_core/core_i/id_stage_i/U443/Y
                                8.00          18.84         -10.84  (VIOLATED)
   u_core/core_i/U36/Y         16.00          26.75         -10.75  (VIOLATED)
   u_core/core_i/U115/Y        16.00          26.75         -10.75  (VIOLATED)
   u_core/core_i/U280/Y        16.00          26.75         -10.75  (VIOLATED)
   u_core/core_i/id_stage_i/U124/Y
                                8.00          18.70         -10.70  (VIOLATED)
   u_core/core_i/cs_registers_i/U189/Y
                                8.00          18.61         -10.61  (VIOLATED)
   u_core/core_i/id_stage_i/U197/Y
                                8.00          18.48         -10.48  (VIOLATED)
   u_core/core_i/cs_registers_i/U173/Y
                                8.00          18.36         -10.36  (VIOLATED)
   u_core/core_i/cs_registers_i/U145/Y
                                8.00          18.36         -10.36  (VIOLATED)
   u_core/core_i/cs_registers_i/U182/Y
                                8.00          18.36         -10.36  (VIOLATED)
   u_core/core_i/U4026/Y        8.00          18.27         -10.27  (VIOLATED)
   u_core/core_i/id_stage_i/U201/Y
                                8.00          18.08         -10.08  (VIOLATED)
   u_core/core_i/cs_registers_i/U1113/Y
                                8.00          18.06         -10.06  (VIOLATED)
   u_core/core_i/U24/Y          8.00          17.86          -9.86  (VIOLATED)
   u_core/core_i/U4466/Y        8.00          17.85          -9.85  (VIOLATED)
   u_core/core_i/id_stage_i/U125/Y
                                8.00          17.84          -9.84  (VIOLATED)
   u_core/core_i/id_stage_i/U41/Y
                               16.00          25.80          -9.80  (VIOLATED)
   u_core/core_i/U4458/Y        8.00          17.67          -9.67  (VIOLATED)
   u_core/core_i/U14/Y         16.00          25.63          -9.63  (VIOLATED)
   u_core/core_i/U20/Y         16.00          25.63          -9.63  (VIOLATED)
   u_core/core_i/U114/Y        16.00          25.63          -9.63  (VIOLATED)
   u_core/core_i/id_stage_i/U90/Y
                                8.00          17.44          -9.44  (VIOLATED)
   u_core/core_i/id_stage_i/U91/Y
                                8.00          17.44          -9.44  (VIOLATED)
   u_core/core_i/id_stage_i/U92/Y
                                8.00          17.44          -9.44  (VIOLATED)
   u_core/core_i/id_stage_i/U93/Y
                                8.00          17.44          -9.44  (VIOLATED)
   u_core/core_i/id_stage_i/U94/Y
                                8.00          17.44          -9.44  (VIOLATED)
   u_core/core_i/id_stage_i/U95/Y
                                8.00          17.44          -9.44  (VIOLATED)
   u_core/core_i/id_stage_i/U96/Y
                                8.00          17.44          -9.44  (VIOLATED)
   u_core/core_i/id_stage_i/U98/Y
                                8.00          17.44          -9.44  (VIOLATED)
   u_core/core_i/id_stage_i/U99/Y
                                8.00          17.44          -9.44  (VIOLATED)
   u_core/core_i/id_stage_i/U100/Y
                                8.00          17.44          -9.44  (VIOLATED)
   u_core/core_i/id_stage_i/U101/Y
                                8.00          17.44          -9.44  (VIOLATED)
   u_core/core_i/id_stage_i/U102/Y
                                8.00          17.44          -9.44  (VIOLATED)
   u_core/core_i/id_stage_i/U103/Y
                                8.00          17.44          -9.44  (VIOLATED)
   u_core/core_i/id_stage_i/U104/Y
                                8.00          17.44          -9.44  (VIOLATED)
   u_core/core_i/id_stage_i/U105/Y
                                8.00          17.44          -9.44  (VIOLATED)
   u_core/core_i/id_stage_i/U106/Y
                                8.00          17.44          -9.44  (VIOLATED)
   u_core/core_i/id_stage_i/U107/Y
                                8.00          17.44          -9.44  (VIOLATED)
   u_core/core_i/id_stage_i/U108/Y
                                8.00          17.44          -9.44  (VIOLATED)
   u_core/core_i/id_stage_i/U109/Y
                                8.00          17.44          -9.44  (VIOLATED)
   u_core/core_i/id_stage_i/U110/Y
                                8.00          17.44          -9.44  (VIOLATED)
   u_core/core_i/id_stage_i/U111/Y
                                8.00          17.44          -9.44  (VIOLATED)
   u_core/core_i/id_stage_i/U112/Y
                                8.00          17.44          -9.44  (VIOLATED)
   u_core/core_i/id_stage_i/U114/Y
                                8.00          17.44          -9.44  (VIOLATED)
   u_core/core_i/id_stage_i/U115/Y
                                8.00          17.44          -9.44  (VIOLATED)
   u_core/core_i/id_stage_i/U116/Y
                                8.00          17.44          -9.44  (VIOLATED)
   u_core/core_i/id_stage_i/U118/Y
                                8.00          17.44          -9.44  (VIOLATED)
   u_core/core_i/id_stage_i/U120/Y
                                8.00          17.44          -9.44  (VIOLATED)
   u_core/core_i/id_stage_i/U193/Y
                                8.00          17.42          -9.42  (VIOLATED)
   u_core/core_i/id_stage_i/U1330/Y
                                8.00          17.26          -9.26  (VIOLATED)
   u_core/core_i/id_stage_i/U1383/Y
                               16.00          25.20          -9.20  (VIOLATED)
   u_core/core_i/U1911/Y        8.00          17.19          -9.19  (VIOLATED)
   u_core/core_i/U283/Y        16.00          24.80          -8.80  (VIOLATED)
   u_core/core_i/U1117/Y        8.00          16.74          -8.74  (VIOLATED)
   u_core/core_i/id_stage_i/U38/Y
                               16.00          24.67          -8.67  (VIOLATED)
   u_core/core_i/id_stage_i/U40/Y
                               16.00          24.67          -8.67  (VIOLATED)
   u_core/core_i/U4455/Y        8.00          16.54          -8.54  (VIOLATED)
   u_core/core_i/cs_registers_i/U57/Y
                                8.00          16.50          -8.50  (VIOLATED)
   u_core/core_i/U5771/Y        8.00          16.50          -8.50  (VIOLATED)
   u_core/core_i/U1564/Y        8.00          16.37          -8.37  (VIOLATED)
   u_core/core_i/cs_registers_i/U40/Y
                                8.00          16.33          -8.33  (VIOLATED)
   u_core/core_i/U2187/Y        8.00          16.28          -8.28  (VIOLATED)
   u_core/core_i/U1566/Y        8.00          15.97          -7.97  (VIOLATED)
   u_core/core_i/id_stage_i/U1392/Y
                               16.00          23.81          -7.81  (VIOLATED)
   u_core/core_i/cs_registers_i/U139/Y
                                8.00          15.74          -7.74  (VIOLATED)
   u_core/core_i/cs_registers_i/U84/Y
                                8.00          15.73          -7.73  (VIOLATED)
   u_core/core_i/cs_registers_i/U75/Y
                               16.00          23.66          -7.66  (VIOLATED)
   u_core/core_i/U2347/Y        8.00          15.59          -7.59  (VIOLATED)
   u_core/core_i/id_stage_i/U8/Y
                               16.00          23.53          -7.53  (VIOLATED)
   u_core/core_i/id_stage_i/U27/Y
                               16.00          23.53          -7.53  (VIOLATED)
   u_core/core_i/id_stage_i/U39/Y
                               16.00          23.53          -7.53  (VIOLATED)
   u_core/core_i/cs_registers_i/U1311/Y
                                8.00          15.38          -7.38  (VIOLATED)
   u_core/core_i/cs_registers_i/U50/Y
                                8.00          15.31          -7.31  (VIOLATED)
   u_core/core_i/id_stage_i/U1415/Y
                               16.00          23.27          -7.27  (VIOLATED)
   u_core/core_i/id_stage_i/U63/Y
                                8.00          15.04          -7.04  (VIOLATED)
   u_core/core_i/U1261/Y        8.00          14.93          -6.93  (VIOLATED)
   u_core/core_i/id_stage_i/U144/Y
                                8.00          14.93          -6.93  (VIOLATED)
   u_core/core_i/id_stage_i/U61/Y
                                8.00          14.83          -6.83  (VIOLATED)
   u_core/core_i/U669/Y        16.00          22.70          -6.70  (VIOLATED)
   u_core/core_i/cs_registers_i/U13/Y
                               16.00          22.64          -6.64  (VIOLATED)
   u_core/core_i/U4049/Y        8.00          14.49          -6.49  (VIOLATED)
   u_core/core_i/cs_registers_i/U200/Y
                               16.00          22.34          -6.34  (VIOLATED)
   u_core/core_i/cs_registers_i/U198/Y
                                8.00          14.33          -6.33  (VIOLATED)
   u_core/core_i/U1554/Y        8.00          14.31          -6.31  (VIOLATED)
   u_core/core_i/U13/Y         16.00          22.25          -6.25  (VIOLATED)
   u_core/core_i/U275/Y        16.00          22.25          -6.25  (VIOLATED)
   u_core/core_i/U279/Y        16.00          22.25          -6.25  (VIOLATED)
   u_core/core_i/U1084/Y        8.00          13.75          -5.75  (VIOLATED)
   u_core/core_i/cs_registers_i/U194/Y
                               16.00          21.72          -5.72  (VIOLATED)
   u_core/core_i/U1558/Y        8.00          13.71          -5.71  (VIOLATED)
   u_core/core_i/id_stage_i/U62/Y
                                8.00          13.70          -5.70  (VIOLATED)
   u_core/core_i/id_stage_i/alu_operand_a_ex_o_reg[0]/Q
                                8.00          13.63          -5.63  (VIOLATED)
   u_core/core_i/ex_stage_i/regfile_waddr_lsu_reg[3]/Q
                                8.00          13.62          -5.62  (VIOLATED)
   u_core/core_i/ex_stage_i/regfile_waddr_lsu_reg[1]/Q
                                8.00          13.54          -5.54  (VIOLATED)
   u_core/core_i/id_stage_i/alu_operator_ex_o_reg[2]/Q
                                8.00          13.28          -5.28  (VIOLATED)
   u_core/core_i/id_stage_i/U31/Y
                               16.00          21.25          -5.25  (VIOLATED)
   u_core/core_i/id_stage_i/U34/Y
                               16.00          21.25          -5.25  (VIOLATED)
   u_core/core_i/U63/Y         16.00          21.13          -5.13  (VIOLATED)
   u_core/core_i/U273/Y        16.00          21.13          -5.13  (VIOLATED)
   u_core/core_i/U1381/Y        8.00          13.05          -5.05  (VIOLATED)
   u_core/core_i/U1515/Y        8.00          12.96          -4.96  (VIOLATED)
   u_core/core_i/U1506/Y        8.00          12.96          -4.96  (VIOLATED)
   u_core/core_i/U1465/Y        8.00          12.94          -4.94  (VIOLATED)
   u_core/core_i/U1504/Y        8.00          12.94          -4.94  (VIOLATED)
   u_core/core_i/U1505/Y        8.00          12.94          -4.94  (VIOLATED)
   u_core/core_i/U1553/Y        8.00          12.94          -4.94  (VIOLATED)
   u_core/core_i/U1460/Y        8.00          12.94          -4.94  (VIOLATED)
   u_core/core_i/U1512/Y        8.00          12.91          -4.91  (VIOLATED)
   u_core/core_i/U1529/Y        8.00          12.81          -4.81  (VIOLATED)
   u_core/core_i/U1555/Y        8.00          12.66          -4.66  (VIOLATED)
   u_core/core_i/U1434/Y        8.00          12.63          -4.63  (VIOLATED)
   u_core/core_i/ex_stage_i/regfile_waddr_lsu_reg[2]/Q
                                8.00          12.59          -4.59  (VIOLATED)
   u_core/core_i/id_stage_i/U189/Y
                               16.00          20.57          -4.57  (VIOLATED)
   u_core/core_i/U1366/Y        8.00          12.44          -4.44  (VIOLATED)
   u_core/core_i/id_stage_i/U70/Y
                                8.00          12.42          -4.42  (VIOLATED)
   u_core/core_i/U616/Y         8.00          12.31          -4.31  (VIOLATED)
   u_core/core_i/id_stage_i/U25/Y
                               16.00          20.11          -4.11  (VIOLATED)
   u_core/core_i/U5830/Y       16.00          20.10          -4.10  (VIOLATED)
   u_core/core_i/U1016/Y        8.00          12.09          -4.09  (VIOLATED)
   u_core/core_i/U4183/Y        8.00          12.08          -4.08  (VIOLATED)
   u_core/core_i/U102/Y        16.00          20.00          -4.00  (VIOLATED)
   u_core/core_i/U5767/Y        8.00          11.95          -3.95  (VIOLATED)
   u_core/core_i/id_stage_i/U290/Y
                               16.00          19.76          -3.76  (VIOLATED)
   u_core/core_i/id_stage_i/U294/Y
                               16.00          19.76          -3.76  (VIOLATED)
   u_core/core_i/id_stage_i/U295/Y
                               16.00          19.76          -3.76  (VIOLATED)
   u_core/core_i/id_stage_i/U309/Y
                               16.00          19.76          -3.76  (VIOLATED)
   u_core/core_i/id_stage_i/U310/Y
                               16.00          19.76          -3.76  (VIOLATED)
   u_core/core_i/id_stage_i/U311/Y
                               16.00          19.76          -3.76  (VIOLATED)
   u_core/core_i/id_stage_i/U313/Y
                               16.00          19.76          -3.76  (VIOLATED)
   u_core/core_i/id_stage_i/U317/Y
                               16.00          19.76          -3.76  (VIOLATED)
   u_core/core_i/id_stage_i/U296/Y
                               16.00          19.70          -3.70  (VIOLATED)
   u_core/core_i/id_stage_i/U297/Y
                               16.00          19.70          -3.70  (VIOLATED)
   u_core/core_i/id_stage_i/U299/Y
                               16.00          19.68          -3.68  (VIOLATED)
   u_core/core_i/U1414/Y        8.00          11.67          -3.67  (VIOLATED)
   u_core/core_i/U1644/Y        8.00          11.60          -3.60  (VIOLATED)
   u_core/core_i/U1113/Y        8.00          11.49          -3.49  (VIOLATED)
   u_core/core_i/id_stage_i/U1129/Y
                               16.00          19.40          -3.40  (VIOLATED)
   u_core/core_i/id_stage_i/U1153/Y
                               16.00          19.40          -3.40  (VIOLATED)
   u_core/core_i/id_stage_i/U1216/Y
                               16.00          19.40          -3.40  (VIOLATED)
   u_core/core_i/id_stage_i/U354/Y
                               16.00          19.38          -3.38  (VIOLATED)
   u_core/core_i/id_stage_i/U357/Y
                               16.00          19.38          -3.38  (VIOLATED)
   u_core/core_i/id_stage_i/U358/Y
                               16.00          19.38          -3.38  (VIOLATED)
   u_core/core_i/id_stage_i/U376/Y
                               16.00          19.38          -3.38  (VIOLATED)
   u_core/core_i/id_stage_i/U418/Y
                               16.00          19.38          -3.38  (VIOLATED)
   u_core/core_i/id_stage_i/U350/Y
                                8.00          11.35          -3.35  (VIOLATED)
   u_core/core_i/id_stage_i/U86/Y
                                8.00          11.19          -3.19  (VIOLATED)
   u_core/core_i/cs_registers_i/U9/Y
                               16.00          19.16          -3.16  (VIOLATED)
   u_core/core_i/U1656/Y        8.00          11.03          -3.03  (VIOLATED)
   u_core/core_i/U1556/Y        8.00          11.03          -3.03  (VIOLATED)
   u_core/core_i/id_stage_i/U83/Y
                                8.00          11.02          -3.02  (VIOLATED)
   u_core/core_i/U1379/Y        8.00          11.01          -3.01  (VIOLATED)
   u_core/core_i/U5768/Y        8.00          10.97          -2.97  (VIOLATED)
   u_core/core_i/id_stage_i/U1391/Y
                               16.00          18.91          -2.91  (VIOLATED)
   u_core/core_i/U148/Y        16.00          18.88          -2.88  (VIOLATED)
   u_core/core_i/cs_registers_i/U2177/Y
                                8.00          10.85          -2.85  (VIOLATED)
   u_core/core_i/id_stage_i/U2648/Y
                                8.00          10.83          -2.83  (VIOLATED)
   u_core/core_i/U316/Y         8.00          10.82          -2.82  (VIOLATED)
   u_core/core_i/id_stage_i/U1388/Y
                               16.00          18.81          -2.81  (VIOLATED)
   u_core/core_i/id_stage_i/U1104/Y
                               16.00          18.78          -2.78  (VIOLATED)
   u_core/core_i/id_stage_i/U1421/Y
                               16.00          18.77          -2.77  (VIOLATED)
   u_core/core_i/id_stage_i/U1207/Y
                               16.00          18.72          -2.72  (VIOLATED)
   u_core/core_i/id_stage_i/U1303/Y
                               16.00          18.72          -2.72  (VIOLATED)
   u_core/core_i/id_stage_i/U1320/Y
                               16.00          18.72          -2.72  (VIOLATED)
   u_core/core_i/id_stage_i/U1325/Y
                               16.00          18.72          -2.72  (VIOLATED)
   u_core/core_i/id_stage_i/U1332/Y
                               16.00          18.72          -2.72  (VIOLATED)
   u_core/core_i/cs_registers_i/U79/Y
                               16.00          18.70          -2.70  (VIOLATED)
   u_core/core_i/id_stage_i/U1331/Y
                               16.00          18.66          -2.66  (VIOLATED)
   u_core/core_i/U1260/Y        8.00          10.58          -2.58  (VIOLATED)
   u_core/core_i/id_stage_i/U289/Y
                               16.00          18.48          -2.48  (VIOLATED)
   u_core/core_i/id_stage_i/U300/Y
                               16.00          18.48          -2.48  (VIOLATED)
   u_core/core_i/cs_registers_i/U2176/Y
                                8.00          10.42          -2.42  (VIOLATED)
   u_core/core_i/cs_registers_i/U224/Y
                                8.00          10.41          -2.41  (VIOLATED)
   u_core/core_i/cs_registers_i/U1011/Y
                                8.00          10.31          -2.31  (VIOLATED)
   u_core/core_i/cs_registers_i/U53/Y
                                8.00          10.30          -2.30  (VIOLATED)
   u_core/core_i/id_stage_i/U130/Y
                                8.00          10.27          -2.27  (VIOLATED)
   u_core/core_i/id_stage_i/U71/Y
                                8.00          10.26          -2.26  (VIOLATED)
   u_core/core_i/id_stage_i/U1222/Y
                               16.00          18.16          -2.16  (VIOLATED)
   u_core/core_i/id_stage_i/U3583/Y
                                8.00          10.13          -2.13  (VIOLATED)
   u_core/core_i/id_stage_i/U4140/Y
                                8.00          10.13          -2.13  (VIOLATED)
   u_core/core_i/id_stage_i/U4182/Y
                                8.00          10.13          -2.13  (VIOLATED)
   u_core/core_i/id_stage_i/U4224/Y
                                8.00          10.13          -2.13  (VIOLATED)
   u_core/core_i/id_stage_i/U4266/Y
                                8.00          10.13          -2.13  (VIOLATED)
   u_core/core_i/id_stage_i/U4350/Y
                                8.00          10.13          -2.13  (VIOLATED)
   u_core/core_i/id_stage_i/U4434/Y
                                8.00          10.13          -2.13  (VIOLATED)
   u_core/core_i/id_stage_i/U4518/Y
                                8.00          10.13          -2.13  (VIOLATED)
   u_core/core_i/id_stage_i/U748/Y
                               16.00          18.10          -2.10  (VIOLATED)
   u_core/core_i/id_stage_i/U754/Y
                               16.00          18.10          -2.10  (VIOLATED)
   u_core/core_i/id_stage_i/U756/Y
                               16.00          18.10          -2.10  (VIOLATED)
   u_core/core_i/id_stage_i/U758/Y
                               16.00          18.10          -2.10  (VIOLATED)
   u_core/core_i/id_stage_i/U772/Y
                               16.00          18.10          -2.10  (VIOLATED)
   u_core/core_i/id_stage_i/U778/Y
                               16.00          18.10          -2.10  (VIOLATED)
   u_core/core_i/id_stage_i/U782/Y
                               16.00          18.10          -2.10  (VIOLATED)
   u_core/core_i/id_stage_i/U787/Y
                               16.00          18.10          -2.10  (VIOLATED)
   u_core/core_i/cs_registers_i/U47/Y
                                8.00          10.00          -2.00  (VIOLATED)
   u_core/core_i/id_stage_i/U1295/Y
                               16.00          17.88          -1.88  (VIOLATED)
   u_core/core_i/id_stage_i/U1382/Y
                               16.00          17.84          -1.84  (VIOLATED)
   u_core/core_i/id_stage_i/U206/Y
                               16.00          17.83          -1.83  (VIOLATED)
   u_core/core_i/id_stage_i/U999/Y
                               16.00          17.83          -1.83  (VIOLATED)
   u_core/core_i/id_stage_i/U1210/Y
                               16.00          17.83          -1.83  (VIOLATED)
   u_core/core_i/id_stage_i/U1314/Y
                               16.00          17.83          -1.83  (VIOLATED)
   u_core/core_i/id_stage_i/U1318/Y
                               16.00          17.83          -1.83  (VIOLATED)
   u_core/core_i/cs_registers_i/U59/Y
                                8.00           9.79          -1.79  (VIOLATED)
   u_core/core_i/id_stage_i/U1324/Y
                                8.00           9.78          -1.78  (VIOLATED)
   u_core/core_i/id_stage_i/U1356/Y
                                8.00           9.78          -1.78  (VIOLATED)
   u_core/core_i/U5825/Y       16.00          17.77          -1.77  (VIOLATED)
   u_core/core_i/id_stage_i/U246/Y
                                8.00           9.76          -1.76  (VIOLATED)
   u_core/core_i/id_stage_i/U1260/Y
                                8.00           9.76          -1.76  (VIOLATED)
   u_core/core_i/id_stage_i/U1267/Y
                                8.00           9.76          -1.76  (VIOLATED)
   u_core/core_i/id_stage_i/U1274/Y
                                8.00           9.76          -1.76  (VIOLATED)
   u_core/core_i/cs_registers_i/U226/Y
                                8.00           9.74          -1.74  (VIOLATED)
   u_core/core_i/cs_registers_i/U61/Y
                                8.00           9.69          -1.69  (VIOLATED)
   u_core/core_i/U5822/Y       16.00          17.69          -1.69  (VIOLATED)
   u_core/core_i/id_stage_i/U209/Y
                               16.00          17.67          -1.67  (VIOLATED)
   u_core/core_i/U3147/Y        8.00           9.66          -1.66  (VIOLATED)
   u_core/core_i/U1325/Y        8.00           9.60          -1.60  (VIOLATED)
   u_core/core_i/cs_registers_i/U239/Y
                                8.00           9.58          -1.58  (VIOLATED)
   u_core/core_i/U692/Y         8.00           9.56          -1.56  (VIOLATED)
   u_core/core_i/U1562/Y        8.00           9.53          -1.53  (VIOLATED)
   u_core/core_i/id_stage_i/U1209/Y
                               16.00          17.53          -1.53  (VIOLATED)
   u_core/core_i/U623/Y         8.00           9.52          -1.52  (VIOLATED)
   u_core/core_i/id_stage_i/U1189/Y
                                8.00           9.52          -1.52  (VIOLATED)
   u_core/core_i/id_stage_i/U1199/Y
                                8.00           9.52          -1.52  (VIOLATED)
   u_core/core_i/id_stage_i/U3930/Y
                                8.00           9.52          -1.52  (VIOLATED)
   u_core/core_i/id_stage_i/U3972/Y
                                8.00           9.52          -1.52  (VIOLATED)
   u_core/core_i/id_stage_i/U4308/Y
                                8.00           9.52          -1.52  (VIOLATED)
   u_core/core_i/id_stage_i/U469/Y
                               16.00          17.51          -1.51  (VIOLATED)
   u_core/core_i/id_stage_i/U763/Y
                               16.00          17.51          -1.51  (VIOLATED)
   u_core/core_i/id_stage_i/U768/Y
                               16.00          17.51          -1.51  (VIOLATED)
   u_core/core_i/id_stage_i/U1335/Y
                                8.00           9.51          -1.51  (VIOLATED)
   u_core/core_i/U730/Y         8.00           9.48          -1.48  (VIOLATED)
   u_core/core_i/cs_registers_i/U82/Y
                               16.00          17.45          -1.45  (VIOLATED)
   u_core/core_i/id_stage_i/U2499/Y
                                8.00           9.43          -1.43  (VIOLATED)
   u_core/core_i/U1359/Y        8.00           9.43          -1.43  (VIOLATED)
   u_core/core_i/cs_registers_i/U266/Y
                                8.00           9.42          -1.42  (VIOLATED)
   u_core/core_i/U712/Y         8.00           9.42          -1.42  (VIOLATED)
   u_core/core_i/U809/Y         8.00           9.42          -1.42  (VIOLATED)
   u_core/core_i/U763/Y         8.00           9.42          -1.42  (VIOLATED)
   u_core/core_i/U708/Y         8.00           9.40          -1.40  (VIOLATED)
   u_core/core_i/U759/Y         8.00           9.40          -1.40  (VIOLATED)
   u_core/core_i/U805/Y         8.00           9.40          -1.40  (VIOLATED)
   u_core/core_i/id_stage_i/alu_operand_b_ex_o_reg[0]/Q
                                8.00           9.32          -1.32  (VIOLATED)
   u_core/core_i/cs_registers_i/U85/Y
                                8.00           9.31          -1.31  (VIOLATED)
   u_core/core_i/id_stage_i/U1257/Y
                                8.00           9.30          -1.30  (VIOLATED)
   u_core/core_i/id_stage_i/U1264/Y
                                8.00           9.30          -1.30  (VIOLATED)
   u_core/core_i/id_stage_i/U1376/Y
                                8.00           9.30          -1.30  (VIOLATED)
   u_core/core_i/id_stage_i/U1377/Y
                                8.00           9.30          -1.30  (VIOLATED)
   u_core/core_i/id_stage_i/U1208/Y
                                8.00           9.29          -1.29  (VIOLATED)
   u_core/core_i/id_stage_i/U1321/Y
                                8.00           9.29          -1.29  (VIOLATED)
   u_core/core_i/U5772/Y        8.00           9.28          -1.28  (VIOLATED)
   u_core/core_i/id_stage_i/U274/Y
                               16.00          17.27          -1.27  (VIOLATED)
   u_core/core_i/id_stage_i/regfile_alu_we_ex_o_reg/Q
                                8.00           9.25          -1.25  (VIOLATED)
   u_core/core_i/id_stage_i/U345/Y
                                8.00           9.24          -1.24  (VIOLATED)
   u_core/core_i/if_stage_i/instr_rdata_id_o_reg[30]/Q
                                8.00           9.23          -1.23  (VIOLATED)
   u_core/core_i/U4206/Y        8.00           9.22          -1.22  (VIOLATED)
   u_core/core_i/id_stage_i/U344/Y
                                8.00           9.21          -1.21  (VIOLATED)
   u_core/core_i/id_stage_i/U1228/Y
                                8.00           9.20          -1.20  (VIOLATED)
   u_core/core_i/id_stage_i/U1203/Y
                                8.00           9.19          -1.19  (VIOLATED)
   u_core/core_i/id_stage_i/U1233/Y
                                8.00           9.19          -1.19  (VIOLATED)
   u_core/core_i/id_stage_i/U1236/Y
                                8.00           9.19          -1.19  (VIOLATED)
   u_core/core_i/id_stage_i/U1269/Y
                                8.00           9.19          -1.19  (VIOLATED)
   u_core/core_i/id_stage_i/U1276/Y
                                8.00           9.19          -1.19  (VIOLATED)
   u_core/core_i/id_stage_i/U1367/Y
                                8.00           9.19          -1.19  (VIOLATED)
   u_core/core_i/id_stage_i/U1370/Y
                                8.00           9.19          -1.19  (VIOLATED)
   u_core/core_i/id_stage_i/U1378/Y
                                8.00           9.19          -1.19  (VIOLATED)
   u_core/core_i/id_stage_i/U1379/Y
                                8.00           9.19          -1.19  (VIOLATED)
   u_core/core_i/U5824/Y       16.00          17.18          -1.18  (VIOLATED)
   u_core/core_i/id_stage_i/U1235/Y
                                8.00           9.17          -1.17  (VIOLATED)
   u_core/core_i/id_stage_i/U1243/Y
                                8.00           9.17          -1.17  (VIOLATED)
   u_core/core_i/id_stage_i/U1268/Y
                                8.00           9.17          -1.17  (VIOLATED)
   u_core/core_i/id_stage_i/U1275/Y
                                8.00           9.17          -1.17  (VIOLATED)
   u_core/core_i/id_stage_i/U1283/Y
                                8.00           9.17          -1.17  (VIOLATED)
   u_core/core_i/id_stage_i/U1284/Y
                                8.00           9.17          -1.17  (VIOLATED)
   u_core/core_i/id_stage_i/U1297/Y
                                8.00           9.17          -1.17  (VIOLATED)
   u_core/core_i/id_stage_i/U1327/Y
                                8.00           9.17          -1.17  (VIOLATED)
   u_core/core_i/id_stage_i/U1364/Y
                                8.00           9.17          -1.17  (VIOLATED)
   u_core/core_i/id_stage_i/U1368/Y
                                8.00           9.17          -1.17  (VIOLATED)
   u_core/core_i/id_stage_i/U1333/Y
                                8.00           9.17          -1.17  (VIOLATED)
   u_core/core_i/id_stage_i/U1334/Y
                                8.00           9.17          -1.17  (VIOLATED)
   u_core/core_i/U4304/Y        8.00           9.15          -1.15  (VIOLATED)
   u_core/core_i/U634/Y         8.00           9.15          -1.15  (VIOLATED)
   u_core/core_i/id_stage_i/U1229/Y
                                8.00           9.14          -1.14  (VIOLATED)
   u_core/core_i/U1055/Y        8.00           9.13          -1.13  (VIOLATED)
   u_core/core_i/id_stage_i/U1285/Y
                                8.00           9.13          -1.13  (VIOLATED)
   u_core/core_i/id_stage_i/U1328/Y
                                8.00           9.13          -1.13  (VIOLATED)
   u_core/core_i/U1102/Y        8.00           9.11          -1.11  (VIOLATED)
   u_core/core_i/U4451/Y        8.00           9.08          -1.08  (VIOLATED)
   u_core/core_i/U310/Y         8.00           9.06          -1.06  (VIOLATED)
   u_core/core_i/U5818/Y       16.00          17.05          -1.05  (VIOLATED)
   u_core/core_i/U727/Y         8.00           9.03          -1.03  (VIOLATED)
   u_core/core_i/U10/Y         16.00          17.02          -1.02  (VIOLATED)
   u_core/core_i/U1017/Y        8.00           9.01          -1.01  (VIOLATED)
   u_core/core_i/U1118/Y        8.00           9.00          -1.00  (VIOLATED)
   u_core/core_i/U5819/Y       16.00          16.98          -0.98  (VIOLATED)
   u_core/core_i/cs_registers_i/U201/Y
                               16.00          16.98          -0.98  (VIOLATED)
   u_core/core_i/id_stage_i/U208/Y
                               16.00          16.91          -0.91  (VIOLATED)
   u_core/core_i/id_stage_i/U1029/Y
                                8.00           8.91          -0.91  (VIOLATED)
   u_core/core_i/id_stage_i/U1079/Y
                                8.00           8.91          -0.91  (VIOLATED)
   u_core/core_i/id_stage_i/U1194/Y
                                8.00           8.91          -0.91  (VIOLATED)
   u_core/core_i/id_stage_i/U1195/Y
                                8.00           8.91          -0.91  (VIOLATED)
   u_core/core_i/id_stage_i/U1196/Y
                                8.00           8.91          -0.91  (VIOLATED)
   u_core/core_i/id_stage_i/U1198/Y
                                8.00           8.91          -0.91  (VIOLATED)
   u_core/core_i/id_stage_i/U1200/Y
                                8.00           8.91          -0.91  (VIOLATED)
   u_core/core_i/id_stage_i/U1223/Y
                                8.00           8.91          -0.91  (VIOLATED)
   u_core/core_i/id_stage_i/U4056/Y
                                8.00           8.91          -0.91  (VIOLATED)
   u_core/core_i/if_stage_i/instr_rdata_id_o_reg[14]/Q
                                8.00           8.91          -0.91  (VIOLATED)
   u_core/core_i/U21/Y          8.00           8.83          -0.83  (VIOLATED)
   u_core/core_i/cs_registers_i/U169/Y
                                8.00           8.81          -0.81  (VIOLATED)
   u_core/core_i/U4028/Y       16.00          16.79          -0.79  (VIOLATED)
   u_core/core_i/id_stage_i/U1292/Y
                                8.00           8.78          -0.78  (VIOLATED)
   u_core/core_i/id_stage_i/U1298/Y
                                8.00           8.78          -0.78  (VIOLATED)
   u_core/core_i/cs_registers_i/U197/Y
                               16.00          16.75          -0.75  (VIOLATED)
   u_core/core_i/id_stage_i/U1240/Y
                                8.00           8.74          -0.74  (VIOLATED)
   u_core/core_i/id_stage_i/U1265/Y
                                8.00           8.74          -0.74  (VIOLATED)
   u_core/core_i/id_stage_i/U1272/Y
                                8.00           8.74          -0.74  (VIOLATED)
   u_core/core_i/id_stage_i/U1281/Y
                                8.00           8.74          -0.74  (VIOLATED)
   u_core/core_i/id_stage_i/U1291/Y
                                8.00           8.74          -0.74  (VIOLATED)
   u_core/core_i/id_stage_i/U1294/Y
                                8.00           8.74          -0.74  (VIOLATED)
   u_core/core_i/id_stage_i/U1296/Y
                                8.00           8.74          -0.74  (VIOLATED)
   u_core/core_i/id_stage_i/U1345/Y
                                8.00           8.74          -0.74  (VIOLATED)
   u_core/core_i/id_stage_i/U1361/Y
                                8.00           8.74          -0.74  (VIOLATED)
   u_core/core_i/id_stage_i/U1234/Y
                                8.00           8.73          -0.73  (VIOLATED)
   u_core/core_i/id_stage_i/U1255/Y
                                8.00           8.73          -0.73  (VIOLATED)
   u_core/core_i/id_stage_i/U1266/Y
                                8.00           8.73          -0.73  (VIOLATED)
   u_core/core_i/id_stage_i/U1273/Y
                                8.00           8.73          -0.73  (VIOLATED)
   u_core/core_i/id_stage_i/U1282/Y
                                8.00           8.73          -0.73  (VIOLATED)
   u_core/core_i/id_stage_i/U1302/Y
                                8.00           8.73          -0.73  (VIOLATED)
   u_core/core_i/id_stage_i/U1350/Y
                                8.00           8.73          -0.73  (VIOLATED)
   u_core/core_i/id_stage_i/U1363/Y
                                8.00           8.73          -0.73  (VIOLATED)
   u_core/core_i/U645/Y         8.00           8.71          -0.71  (VIOLATED)
   u_core/core_i/id_stage_i/U1375/Y
                                8.00           8.62          -0.62  (VIOLATED)
   u_core/core_i/U349/Y         8.00           8.61          -0.61  (VIOLATED)
   u_core/core_i/id_stage_i/U66/Y
                               16.00          16.61          -0.61  (VIOLATED)
   u_core/core_i/id_stage_i/U1245/Y
                                8.00           8.61          -0.61  (VIOLATED)
   u_core/core_i/id_stage_i/U1250/Y
                                8.00           8.61          -0.61  (VIOLATED)
   u_core/core_i/id_stage_i/U1254/Y
                                8.00           8.61          -0.61  (VIOLATED)
   u_core/core_i/id_stage_i/U207/Y
                                8.00           8.58          -0.58  (VIOLATED)
   u_core/core_i/id_stage_i/U214/Y
                                8.00           8.58          -0.58  (VIOLATED)
   u_core/core_i/id_stage_i/U240/Y
                                8.00           8.58          -0.58  (VIOLATED)
   u_core/core_i/id_stage_i/U1326/Y
                                8.00           8.58          -0.58  (VIOLATED)
   u_core/core_i/id_stage_i/U1288/Y
                                8.00           8.58          -0.58  (VIOLATED)
   u_core/core_i/id_stage_i/U1289/Y
                                8.00           8.58          -0.58  (VIOLATED)
   u_core/core_i/id_stage_i/U1384/Y
                               16.00          16.52          -0.52  (VIOLATED)
   u_core/core_i/U3217/Y        8.00           8.51          -0.51  (VIOLATED)
   u_core/core_i/id_stage_i/U1279/Y
                                8.00           8.48          -0.48  (VIOLATED)
   u_core/core_i/if_stage_i/instr_rdata_id_o_reg[25]/Q
                                8.00           8.44          -0.44  (VIOLATED)
   u_core/core_i/cs_registers_i/U46/Y
                               16.00          16.39          -0.39  (VIOLATED)
   u_core/core_i/U5820/Y       16.00          16.32          -0.32  (VIOLATED)
   u_core/core_i/id_stage_i/U228/Y
                                8.00           8.30          -0.30  (VIOLATED)
   u_core/core_i/id_stage_i/U1227/Y
                               16.00          16.30          -0.30  (VIOLATED)
   u_core/core_i/U2152/Y        8.00           8.25          -0.25  (VIOLATED)
   u_core/core_i/U356/Y         8.00           8.22          -0.22  (VIOLATED)
   u_core/core_i/U1438/Y        8.00           8.20          -0.20  (VIOLATED)
   u_core/core_i/id_stage_i/U237/Y
                                8.00           8.18          -0.18  (VIOLATED)
   u_core/core_i/id_stage_i/U1309/Y
                                8.00           8.18          -0.18  (VIOLATED)
   u_core/core_i/id_stage_i/U1244/Y
                                8.00           8.17          -0.17  (VIOLATED)
   u_core/core_i/id_stage_i/U1249/Y
                                8.00           8.17          -0.17  (VIOLATED)
   u_core/core_i/U1316/Y        8.00           8.13          -0.13  (VIOLATED)
   u_core/core_i/U327/Y         8.00           8.13          -0.13  (VIOLATED)
   u_core/core_i/cs_registers_i/U498/Y
                                8.00           8.12          -0.12  (VIOLATED)
   u_core/core_i/U4449/Y        8.00           8.10          -0.10  (VIOLATED)
   u_core/core_i/U353/Y         8.00           8.10          -0.10  (VIOLATED)
   u_core/core_i/U1320/Y        8.00           8.09          -0.09  (VIOLATED)
   u_core/core_i/U4874/Y        8.00           8.08          -0.08  (VIOLATED)
   u_core/core_i/U5821/Y       16.00          16.03          -0.03  (VIOLATED)
   u_core/core_i/U352/Y         8.00           8.02          -0.02  (VIOLATED)
   u_core/core_i/id_stage_i/U229/Y
                                8.00           8.02          -0.02  (VIOLATED)
   u_core/core_i/U370/Y         8.00           8.02          -0.02  (VIOLATED)


Warning: Transition times on not annotated delay arcs havebeen set to zero. Cannot perform max_transition checking. (PTE-057)
1
