DRC marker context report
marker_file=7_Backend_ICC2/4_Report/trials/route_no012_nor2x4_to_nor2x2_eco_ndm_trim_all_pin/99_marker_context/representative_drc_markers.tsv

Marker trim_all_pin_remaining_0
  error_id    : 0
  error_type  : Off-grid
  error_layer : M1
  center      : 114.4975 280.6790
  bbox        : {114.4260 280.6530} {114.5690 280.7050}
  search_box  : {114.176 280.403} {114.819 280.955}
  pins        : 5
    pin u_core/core_i/U804/VDD
      bbox     : {114.5440 280.8020} {115.7600 281.6110}
      layer    : M1 CO
      net      : u_core/core_i/VDD
      cell     : u_core/core_i/U804
      ref_name : AND2X1_HVT
      origin   : 114.5440 282.5040
    pin u_core/core_i/U1723/S0
      bbox     : {114.4260 280.6040} {114.9720 280.6540}
      layer    : M1 CO
      net      : u_core/core_i/n1302
      cell     : u_core/core_i/U1723
      ref_name : MUX41X2_HVT
      origin   : 112.2640 279.1600
    pin u_core/core_i/U1723/VDD
      bbox     : {112.2640 280.2100} {115.9120 280.8620}
      layer    : M1 CO
      net      : u_core/core_i/VDD
      cell     : u_core/core_i/U1723
      ref_name : MUX41X2_HVT
      origin   : 112.2640 279.1600
    pin u_core/core_i/ZBUF_647_inst_1764/Y
      bbox     : {112.9990 280.9390} {114.4470 282.3880}
      layer    : M1 CO
      net      : u_core/core_i/ZBUF_647_70
      cell     : u_core/core_i/ZBUF_647_inst_1764
      ref_name : NBUFFX8_HVT
      origin   : 112.2640 282.5040
    pin u_core/core_i/ZBUF_647_inst_1764/VDD
      bbox     : {112.2640 280.8020} {114.5440 281.5120}
      layer    : M1 CO
      net      : u_core/core_i/VDD
      cell     : u_core/core_i/ZBUF_647_inst_1764
      ref_name : NBUFFX8_HVT
      origin   : 112.2640 282.5040
  cells       : 3
    cell u_core/core_i/U804 ref=AND2X1_HVT origin=114.5440 282.5040
    cell u_core/core_i/U1723 ref=MUX41X2_HVT origin=112.2640 279.1600
    cell u_core/core_i/ZBUF_647_inst_1764 ref=NBUFFX8_HVT origin=112.2640 282.5040
  shapes      : 7
    shape PATH_11_156
      layer : M1
      bbox  : {20.0000 280.8020} {306.8240 280.8620}
      net   : VDD
    shape PATH_17_1062
      layer : M4
      bbox  : {114.2120 275.6360} {114.2680 282.0760}
      net   : u_core/core_i/n716
    shape PATH_19_1300
      layer : M5
      bbox  : {88.6760 280.8040} {122.4760 280.8600}
      net   : u_core/core_i/n71
    shape PATH_15_5317
      layer : M3
      bbox  : {113.7560 280.8040} {119.5880 280.8600}
      net   : u_core/core_i/n1605
    shape PATH_13_10308
      layer : M2
      bbox  : {114.3640 279.8920} {114.4200 290.2840}
      net   : u_core/core_i/n1604
    shape PATH_13_29572
      layer : M2
      bbox  : {114.2120 280.6520} {114.2680 283.2920}
      net   : u_core/core_i/n1302
    shape PATH_13_29575
      layer : M2
      bbox  : {114.2120 279.1320} {114.2680 280.7080}
      net   : u_core/core_i/n1302

