****************************************
Report : Report drc errors
Design : cv32e40p_synth_wrap
Data   : zroute.err
Type   : detailed
Version: W-2024.09-SP2
Date   : Fri May  8 22:31:53 2026
****************************************

Error ID          : 0
Error Type        : Diff net spacing
Error Layer       : M1 (11)
Number of errors  : 134
Description       :  -- 
Status            : error
Bbox              : {125.2560 22.1750} {125.4160 22.2580}

Error ID          : 1
Error Type        : Diff net spacing
Error Layer       : M1 (11)
Number of errors  : 134
Description       :  -- 
Status            : error
Bbox              : {192.8960 31.1180} {193.0560 31.2010}

Error ID          : 4
Error Type        : Diff net spacing
Error Layer       : M1 (11)
Number of errors  : 134
Description       :  -- 
Status            : error
Bbox              : {189.8560 44.4940} {190.0160 44.5770}

Error ID          : 5
Error Type        : Diff net spacing
Error Layer       : M1 (11)
Number of errors  : 134
Description       :  -- 
Status            : error
Bbox              : {191.5280 37.8060} {191.6880 37.8890}

Error ID          : 6
Error Type        : Diff net spacing
Error Layer       : M1 (11)
Number of errors  : 134
Description       :  -- 
Status            : error
Bbox              : {195.6320 38.8950} {195.7920 38.9780}

Error ID          : 10
Error Type        : Diff net spacing
Error Layer       : M1 (11)
Number of errors  : 134
Description       :  -- 
Status            : error
Bbox              : {259.4470 45.1520} {259.5210 45.3120}

Error ID          : 11
Error Type        : Diff net spacing
Error Layer       : M2 (13)
Number of errors  : 134
Description       :  -- 
Status            : error
Bbox              : {259.4940 45.1210} {259.6380 45.1910}

Error ID          : 13
Error Type        : Diff net spacing
Error Layer       : M1 (11)
Number of errors  : 134
Description       :  -- 
Status            : error
Bbox              : {119.3280 55.6150} {119.4880 55.6980}

Error ID          : 23
Error Type        : Diff net spacing
Error Layer       : M1 (11)
Number of errors  : 134
Description       :  -- 
Status            : error
Bbox              : {187.5760 62.3030} {187.7360 62.3860}

Error ID          : 24
Error Type        : Diff net spacing
Error Layer       : M1 (11)
Number of errors  : 134
Description       :  -- 
Status            : error
Bbox              : {190.3120 57.8700} {190.4720 57.9530}

Error ID          : 25
Error Type        : Diff net spacing
Error Layer       : M1 (11)
Number of errors  : 134
Description       :  -- 
Status            : error
Bbox              : {196.5440 61.2140} {196.7040 61.2970}

Error ID          : 26
Error Type        : Diff net spacing
Error Layer       : M1 (11)
Number of errors  : 134
Description       :  -- 
Status            : error
Bbox              : {289.7200 64.5580} {289.8800 64.6410}

Error ID          : 32
Error Type        : Diff net spacing
Error Layer       : M1 (11)
Number of errors  : 134
Description       :  -- 
Status            : error
Bbox              : {216.6080 81.2780} {216.7680 81.3610}

Error ID          : 33
Error Type        : Diff net spacing
Error Layer       : M1 (11)
Number of errors  : 134
Description       :  -- 
Status            : error
Bbox              : {221.1680 79.0230} {221.3280 79.1060}

Error ID          : 36
Error Type        : Diff net spacing
Error Layer       : M1 (11)
Number of errors  : 134
Description       :  -- 
Status            : error
Bbox              : {151.8560 85.7110} {152.0160 85.7940}

Error ID          : 37
Error Type        : Diff net spacing
Error Layer       : M1 (11)
Number of errors  : 134
Description       :  -- 
Status            : error
Bbox              : {150.4880 85.7110} {150.6480 85.7940}

Error ID          : 38
Error Type        : Diff net spacing
Error Layer       : M1 (11)
Number of errors  : 134
Description       :  -- 
Status            : error
Bbox              : {145.4720 85.7110} {145.6320 85.7940}

Error ID          : 39
Error Type        : Diff net spacing
Error Layer       : M1 (11)
Number of errors  : 134
Description       :  -- 
Status            : error
Bbox              : {155.0480 89.0550} {155.2080 89.1380}

Error ID          : 45
Error Type        : Diff net spacing
Error Layer       : M1 (11)
Number of errors  : 134
Description       :  -- 
Status            : error
Bbox              : {228.3120 91.3100} {228.4720 91.3930}

Error ID          : 49
Error Type        : Diff net spacing
Error Layer       : M1 (11)
Number of errors  : 134
Description       :  -- 
Status            : error
Bbox              : {294.4320 91.3100} {294.5920 91.3930}

Error ID          : 51
Error Type        : Diff net spacing
Error Layer       : M1 (11)
Number of errors  : 134
Description       :  -- 
Status            : error
Bbox              : {234.0880 97.9980} {234.2480 98.0810}

Error ID          : 58
Error Type        : Diff net spacing
Error Layer       : M1 (11)
Number of errors  : 134
Description       :  -- 
Status            : error
Bbox              : {259.4470 95.0080} {259.5210 95.1680}

Error ID          : 59
Error Type        : Diff net spacing
Error Layer       : M2 (13)
Number of errors  : 134
Description       :  -- 
Status            : error
Bbox              : {259.4940 95.1290} {259.6380 95.1990}

Error ID          : 63
Error Type        : Diff net spacing
Error Layer       : M1 (11)
Number of errors  : 134
Description       :  -- 
Status            : error
Bbox              : {221.9280 108.0300} {222.0880 108.1130}

Error ID          : 66
Error Type        : Diff net spacing
Error Layer       : M1 (11)
Number of errors  : 134
Description       :  -- 
Status            : error
Bbox              : {224.5120 109.1190} {224.6720 109.2020}

Error ID          : 67
Error Type        : Diff net spacing
Error Layer       : M1 (11)
Number of errors  : 134
Description       :  -- 
Status            : error
Bbox              : {226.1840 108.0300} {226.3440 108.1130}

Error ID          : 69
Error Type        : Diff net spacing
Error Layer       : M1 (11)
Number of errors  : 134
Description       :  -- 
Status            : error
Bbox              : {230.5920 109.1190} {230.7520 109.2020}

Error ID          : 70
Error Type        : Diff net spacing
Error Layer       : M1 (11)
Number of errors  : 134
Description       :  -- 
Status            : error
Bbox              : {36.0320 122.4950} {36.1920 122.5780}

Error ID          : 74
Error Type        : Diff net spacing
Error Layer       : M1 (11)
Number of errors  : 134
Description       :  -- 
Status            : error
Bbox              : {233.9360 119.1510} {234.0960 119.2340}

Error ID          : 75
Error Type        : Diff net spacing
Error Layer       : M1 (11)
Number of errors  : 134
Description       :  -- 
Status            : error
Bbox              : {237.7360 124.7500} {237.8960 124.8330}

Error ID          : 78
Error Type        : Diff net spacing
Error Layer       : M1 (11)
Number of errors  : 134
Description       :  -- 
Status            : error
Bbox              : {231.8080 119.1510} {231.9680 119.2340}

Error ID          : 89
Error Type        : Diff net spacing
Error Layer       : M1 (11)
Number of errors  : 134
Description       :  -- 
Status            : error
Bbox              : {189.2480 145.9030} {189.4080 145.9860}

Error ID          : 96
Error Type        : Diff net spacing
Error Layer       : M1 (11)
Number of errors  : 134
Description       :  -- 
Status            : error
Bbox              : {210.5280 144.8140} {210.6880 144.8970}

Error ID          : 108
Error Type        : Diff net spacing
Error Layer       : M1 (11)
Number of errors  : 134
Description       :  -- 
Status            : error
Bbox              : {259.4470 148.8160} {259.5210 148.9760}

Error ID          : 109
Error Type        : Diff net spacing
Error Layer       : M2 (13)
Number of errors  : 134
Description       :  -- 
Status            : error
Bbox              : {259.4940 148.7850} {259.6380 148.8550}

Error ID          : 114
Error Type        : Diff net spacing
Error Layer       : M1 (11)
Number of errors  : 134
Description       :  -- 
Status            : error
Bbox              : {179.0640 164.8780} {179.2240 164.9610}

Error ID          : 115
Error Type        : Diff net spacing
Error Layer       : M1 (11)
Number of errors  : 134
Description       :  -- 
Status            : error
Bbox              : {184.0800 155.9350} {184.2400 156.0180}

Error ID          : 116
Error Type        : Diff net spacing
Error Layer       : M1 (11)
Number of errors  : 134
Description       :  -- 
Status            : error
Bbox              : {187.2720 159.2790} {187.4320 159.3620}

Error ID          : 117
Error Type        : Diff net spacing
Error Layer       : M1 (11)
Number of errors  : 134
Description       :  -- 
Status            : error
Bbox              : {184.0800 158.1900} {184.2400 158.2730}

Error ID          : 118
Error Type        : Diff net spacing
Error Layer       : M1 (11)
Number of errors  : 134
Description       :  -- 
Status            : error
Bbox              : {192.2880 155.9350} {192.4480 156.0180}

Error ID          : 121
Error Type        : Diff net spacing
Error Layer       : M1 (11)
Number of errors  : 134
Description       :  -- 
Status            : error
Bbox              : {248.9840 159.2790} {249.1440 159.3620}

Error ID          : 122
Error Type        : Diff net spacing
Error Layer       : M1 (11)
Number of errors  : 134
Description       :  -- 
Status            : error
Bbox              : {244.2720 158.1900} {244.4320 158.2730}

Error ID          : 123
Error Type        : Diff net spacing
Error Layer       : M1 (11)
Number of errors  : 134
Description       :  -- 
Status            : error
Bbox              : {241.9920 162.6230} {242.1520 162.7060}

Error ID          : 124
Error Type        : Diff net spacing
Error Layer       : M1 (11)
Number of errors  : 134
Description       :  -- 
Status            : error
Bbox              : {243.6640 165.9670} {243.8240 166.0500}

Error ID          : 125
Error Type        : Diff net spacing
Error Layer       : M1 (11)
Number of errors  : 134
Description       :  -- 
Status            : error
Bbox              : {247.7680 159.2790} {247.9280 159.3620}

Error ID          : 126
Error Type        : Diff net spacing
Error Layer       : M1 (11)
Number of errors  : 134
Description       :  -- 
Status            : error
Bbox              : {169.4880 171.5660} {169.6480 171.6490}

Error ID          : 129
Error Type        : Diff net spacing
Error Layer       : M1 (11)
Number of errors  : 134
Description       :  -- 
Status            : error
Bbox              : {184.5360 168.2220} {184.6960 168.3050}

Error ID          : 130
Error Type        : Diff net spacing
Error Layer       : M1 (11)
Number of errors  : 134
Description       :  -- 
Status            : error
Bbox              : {239.2560 172.6550} {239.4160 172.7380}

Error ID          : 131
Error Type        : Diff net spacing
Error Layer       : M1 (11)
Number of errors  : 134
Description       :  -- 
Status            : error
Bbox              : {239.2560 171.5660} {239.4160 171.6490}

Error ID          : 132
Error Type        : Diff net spacing
Error Layer       : M1 (11)
Number of errors  : 134
Description       :  -- 
Status            : error
Bbox              : {246.5520 172.6550} {246.7120 172.7380}

Error ID          : 133
Error Type        : Diff net spacing
Error Layer       : M1 (11)
Number of errors  : 134
Description       :  -- 
Status            : error
Bbox              : {259.4470 168.5760} {259.5210 168.7360}

Error ID          : 134
Error Type        : Diff net spacing
Error Layer       : M2 (13)
Number of errors  : 134
Description       :  -- 
Status            : error
Bbox              : {259.4940 168.6970} {259.6380 168.7670}

Error ID          : 137
Error Type        : Diff net spacing
Error Layer       : M1 (11)
Number of errors  : 134
Description       :  -- 
Status            : error
Bbox              : {200.6480 192.7190} {200.8080 192.8020}

Error ID          : 138
Error Type        : Diff net spacing
Error Layer       : M1 (11)
Number of errors  : 134
Description       :  -- 
Status            : error
Bbox              : {211.4400 199.4070} {211.6000 199.4900}

Error ID          : 139
Error Type        : Diff net spacing
Error Layer       : M1 (11)
Number of errors  : 134
Description       :  -- 
Status            : error
Bbox              : {205.9680 192.7190} {206.1280 192.8020}

Error ID          : 140
Error Type        : Diff net spacing
Error Layer       : M1 (11)
Number of errors  : 134
Description       :  -- 
Status            : error
Bbox              : {208.7040 202.7510} {208.8640 202.8340}

Error ID          : 155
Error Type        : Diff net spacing
Error Layer       : M1 (11)
Number of errors  : 134
Description       :  -- 
Status            : error
Bbox              : {205.8160 212.7830} {205.9760 212.8660}

Error ID          : 168
Error Type        : Diff net spacing
Error Layer       : M1 (11)
Number of errors  : 134
Description       :  -- 
Status            : error
Bbox              : {202.7760 226.1590} {202.9360 226.2420}

Error ID          : 381
Error Type        : Diff net spacing
Error Layer       : M1 (11)
Number of errors  : 134
Description       :  -- 
Status            : error
Bbox              : {249.4400 295.2940} {249.6000 295.3770}

Error ID          : 382
Error Type        : Diff net spacing
Error Layer       : M1 (11)
Number of errors  : 134
Description       :  -- 
Status            : error
Bbox              : {247.7680 293.0390} {247.9280 293.1220}

Error ID          : 383
Error Type        : Diff net spacing
Error Layer       : M1 (11)
Number of errors  : 134
Description       :  -- 
Status            : error
Bbox              : {257.8000 289.6950} {257.9600 289.7780}

Error ID          : 252
Error Type        : Diff net spacing
Error Layer       : M1 (11)
Number of errors  : 134
Description       :  -- 
Status            : error
Bbox              : {217.2160 246.2230} {217.3760 246.3060}

Error ID          : 253
Error Type        : Diff net spacing
Error Layer       : M1 (11)
Number of errors  : 134
Description       :  -- 
Status            : error
Bbox              : {216.1520 251.8220} {216.3120 251.9050}

Error ID          : 254
Error Type        : Diff net spacing
Error Layer       : M1 (11)
Number of errors  : 134
Description       :  -- 
Status            : error
Bbox              : {226.3360 242.8790} {226.4960 242.9620}

Error ID          : 255
Error Type        : Diff net spacing
Error Layer       : M1 (11)
Number of errors  : 134
Description       :  -- 
Status            : error
Bbox              : {227.7040 242.8790} {227.8640 242.9620}

Error ID          : 256
Error Type        : Diff net spacing
Error Layer       : M1 (11)
Number of errors  : 134
Description       :  -- 
Status            : error
Bbox              : {222.0800 245.1340} {222.2400 245.2170}

Error ID          : 259
Error Type        : Diff net spacing
Error Layer       : M1 (11)
Number of errors  : 134
Description       :  -- 
Status            : error
Bbox              : {230.8960 248.4780} {231.0560 248.5610}

Error ID          : 260
Error Type        : Diff net spacing
Error Layer       : M1 (11)
Number of errors  : 134
Description       :  -- 
Status            : error
Bbox              : {231.3520 246.2230} {231.5120 246.3060}

Error ID          : 261
Error Type        : Diff net spacing
Error Layer       : M1 (11)
Number of errors  : 134
Description       :  -- 
Status            : error
Bbox              : {231.2000 245.1340} {231.3600 245.2170}

Error ID          : 264
Error Type        : Diff net spacing
Error Layer       : M1 (11)
Number of errors  : 134
Description       :  -- 
Status            : error
Bbox              : {229.9840 245.1340} {230.1440 245.2170}

Error ID          : 265
Error Type        : Diff net spacing
Error Layer       : M1 (11)
Number of errors  : 134
Description       :  -- 
Status            : error
Bbox              : {231.3520 249.5670} {231.5120 249.6500}

Error ID          : 280
Error Type        : Diff net spacing
Error Layer       : M1 (11)
Number of errors  : 134
Description       :  -- 
Status            : error
Bbox              : {276.3440 249.5670} {276.5040 249.6500}

Error ID          : 281
Error Type        : Diff net spacing
Error Layer       : M1 (11)
Number of errors  : 134
Description       :  -- 
Status            : error
Bbox              : {281.0560 242.8790} {281.2160 242.9620}

Error ID          : 282
Error Type        : Diff net spacing
Error Layer       : M1 (11)
Number of errors  : 134
Description       :  -- 
Status            : error
Bbox              : {290.4800 246.2230} {290.6400 246.3060}

Error ID          : 283
Error Type        : Diff net spacing
Error Layer       : M1 (11)
Number of errors  : 134
Description       :  -- 
Status            : error
Bbox              : {288.9600 245.1340} {289.1200 245.2170}

Error ID          : 284
Error Type        : Diff net spacing
Error Layer       : M1 (11)
Number of errors  : 134
Description       :  -- 
Status            : error
Bbox              : {290.9360 242.8790} {291.0960 242.9620}

Error ID          : 285
Error Type        : Diff net spacing
Error Layer       : M1 (11)
Number of errors  : 134
Description       :  -- 
Status            : error
Bbox              : {297.6240 249.5670} {297.7840 249.6500}

Error ID          : 288
Error Type        : Diff net spacing
Error Layer       : M1 (11)
Number of errors  : 134
Description       :  -- 
Status            : error
Bbox              : {305.5280 245.1340} {305.6880 245.2170}

Error ID          : 290
Error Type        : Diff net spacing
Error Layer       : M1 (11)
Number of errors  : 134
Description       :  -- 
Status            : error
Bbox              : {305.9840 246.2230} {306.1440 246.3060}

Error ID          : 296
Error Type        : Diff net spacing
Error Layer       : M1 (11)
Number of errors  : 134
Description       :  -- 
Status            : error
Bbox              : {188.0320 262.9430} {188.1920 263.0260}

Error ID          : 299
Error Type        : Diff net spacing
Error Layer       : M1 (11)
Number of errors  : 134
Description       :  -- 
Status            : error
Bbox              : {214.1760 261.8540} {214.3360 261.9370}

Error ID          : 300
Error Type        : Diff net spacing
Error Layer       : M1 (11)
Number of errors  : 134
Description       :  -- 
Status            : error
Bbox              : {213.7200 258.5100} {213.8800 258.5930}

Error ID          : 302
Error Type        : Diff net spacing
Error Layer       : M1 (11)
Number of errors  : 134
Description       :  -- 
Status            : error
Bbox              : {208.4000 262.9430} {208.5600 263.0260}

Error ID          : 303
Error Type        : Diff net spacing
Error Layer       : M1 (11)
Number of errors  : 134
Description       :  -- 
Status            : error
Bbox              : {218.4320 256.2550} {218.5920 256.3380}

Error ID          : 312
Error Type        : Diff net spacing
Error Layer       : M1 (11)
Number of errors  : 134
Description       :  -- 
Status            : error
Bbox              : {233.0240 255.1660} {233.1840 255.2490}

Error ID          : 318
Error Type        : Diff net spacing
Error Layer       : M1 (11)
Number of errors  : 134
Description       :  -- 
Status            : error
Bbox              : {276.3440 252.9110} {276.5040 252.9940}

Error ID          : 319
Error Type        : Diff net spacing
Error Layer       : M1 (11)
Number of errors  : 134
Description       :  -- 
Status            : error
Bbox              : {277.4080 256.2550} {277.5680 256.3380}

Error ID          : 320
Error Type        : Diff net spacing
Error Layer       : M1 (11)
Number of errors  : 134
Description       :  -- 
Status            : error
Bbox              : {277.7120 261.8540} {277.8720 261.9370}

Error ID          : 321
Error Type        : Diff net spacing
Error Layer       : M1 (11)
Number of errors  : 134
Description       :  -- 
Status            : error
Bbox              : {278.6240 258.5100} {278.7840 258.5930}

Error ID          : 322
Error Type        : Diff net spacing
Error Layer       : M1 (11)
Number of errors  : 134
Description       :  -- 
Status            : error
Bbox              : {284.0960 259.5990} {284.2560 259.6820}

Error ID          : 323
Error Type        : Diff net spacing
Error Layer       : M1 (11)
Number of errors  : 134
Description       :  -- 
Status            : error
Bbox              : {282.7280 259.5990} {282.8880 259.6820}

Error ID          : 324
Error Type        : Diff net spacing
Error Layer       : M1 (11)
Number of errors  : 134
Description       :  -- 
Status            : error
Bbox              : {296.4080 258.5100} {296.5680 258.5930}

Error ID          : 325
Error Type        : Diff net spacing
Error Layer       : M1 (11)
Number of errors  : 134
Description       :  -- 
Status            : error
Bbox              : {300.5120 256.2550} {300.6720 256.3380}

Error ID          : 326
Error Type        : Diff net spacing
Error Layer       : M1 (11)
Number of errors  : 134
Description       :  -- 
Status            : error
Bbox              : {303.5520 252.9110} {303.7120 252.9940}

Error ID          : 335
Error Type        : Diff net spacing
Error Layer       : M1 (11)
Number of errors  : 134
Description       :  -- 
Status            : error
Bbox              : {145.4720 271.8860} {145.6320 271.9690}

Error ID          : 338
Error Type        : Diff net spacing
Error Layer       : M1 (11)
Number of errors  : 134
Description       :  -- 
Status            : error
Bbox              : {167.2080 276.3190} {167.3680 276.4020}

Error ID          : 340
Error Type        : Diff net spacing
Error Layer       : M1 (11)
Number of errors  : 134
Description       :  -- 
Status            : error
Bbox              : {183.6240 268.5420} {183.7840 268.6250}

Error ID          : 341
Error Type        : Diff net spacing
Error Layer       : M1 (11)
Number of errors  : 134
Description       :  -- 
Status            : error
Bbox              : {188.6400 265.1980} {188.8000 265.2810}

Error ID          : 342
Error Type        : Diff net spacing
Error Layer       : M1 (11)
Number of errors  : 134
Description       :  -- 
Status            : error
Bbox              : {187.7280 266.2870} {187.8880 266.3700}

Error ID          : 347
Error Type        : Diff net spacing
Error Layer       : M1 (11)
Number of errors  : 134
Description       :  -- 
Status            : error
Bbox              : {211.4400 265.1980} {211.6000 265.2810}

Error ID          : 348
Error Type        : Diff net spacing
Error Layer       : M1 (11)
Number of errors  : 134
Description       :  -- 
Status            : error
Bbox              : {209.6160 265.1980} {209.7760 265.2810}

Error ID          : 349
Error Type        : Diff net spacing
Error Layer       : M1 (11)
Number of errors  : 134
Description       :  -- 
Status            : error
Bbox              : {226.3360 276.3190} {226.4960 276.4020}

Error ID          : 350
Error Type        : Diff net spacing
Error Layer       : M1 (11)
Number of errors  : 134
Description       :  -- 
Status            : error
Bbox              : {226.7920 275.2300} {226.9520 275.3130}

Error ID          : 351
Error Type        : Diff net spacing
Error Layer       : M1 (11)
Number of errors  : 134
Description       :  -- 
Status            : error
Bbox              : {218.4320 272.9750} {218.5920 273.0580}

Error ID          : 352
Error Type        : Diff net spacing
Error Layer       : M1 (11)
Number of errors  : 134
Description       :  -- 
Status            : error
Bbox              : {229.3760 272.9750} {229.5360 273.0580}

Error ID          : 354
Error Type        : Diff net spacing
Error Layer       : M1 (11)
Number of errors  : 134
Description       :  -- 
Status            : error
Bbox              : {240.9280 271.8860} {241.0880 271.9690}

Error ID          : 359
Error Type        : Diff net spacing
Error Layer       : M1 (11)
Number of errors  : 134
Description       :  -- 
Status            : error
Bbox              : {262.0560 265.1980} {262.2160 265.2810}

Error ID          : 364
Error Type        : Diff net spacing
Error Layer       : M1 (11)
Number of errors  : 134
Description       :  -- 
Status            : error
Bbox              : {162.4960 279.6630} {162.6560 279.7460}

Error ID          : 367
Error Type        : Diff net spacing
Error Layer       : M1 (11)
Number of errors  : 134
Description       :  -- 
Status            : error
Bbox              : {214.1760 279.6630} {214.3360 279.7460}

Error ID          : 368
Error Type        : Diff net spacing
Error Layer       : M1 (11)
Number of errors  : 134
Description       :  -- 
Status            : error
Bbox              : {216.0000 278.5740} {216.1600 278.6570}

Error ID          : 369
Error Type        : Diff net spacing
Error Layer       : M1 (11)
Number of errors  : 134
Description       :  -- 
Status            : error
Bbox              : {232.5680 279.6630} {232.7280 279.7460}

Error ID          : 370
Error Type        : Diff net spacing
Error Layer       : M1 (11)
Number of errors  : 134
Description       :  -- 
Status            : error
Bbox              : {259.1680 286.3510} {259.3280 286.4340}

Error ID          : 371
Error Type        : Diff net spacing
Error Layer       : M1 (11)
Number of errors  : 134
Description       :  -- 
Status            : error
Bbox              : {255.8240 285.2620} {255.9840 285.3450}

Error ID          : 372
Error Type        : Diff net spacing
Error Layer       : M1 (11)
Number of errors  : 134
Description       :  -- 
Status            : error
Bbox              : {254.3040 281.9180} {254.4640 282.0010}

Error ID          : 373
Error Type        : Diff net spacing
Error Layer       : M1 (11)
Number of errors  : 134
Description       :  -- 
Status            : error
Bbox              : {260.5360 281.9180} {260.6960 282.0010}

Error ID          : 190
Error Type        : Diff net spacing
Error Layer       : M1 (11)
Number of errors  : 134
Description       :  -- 
Status            : error
Bbox              : {192.4400 238.4460} {192.6000 238.5290}

Error ID          : 191
Error Type        : Diff net spacing
Error Layer       : M1 (11)
Number of errors  : 134
Description       :  -- 
Status            : error
Bbox              : {202.0160 235.1020} {202.1760 235.1850}

Error ID          : 192
Error Type        : Diff net spacing
Error Layer       : M1 (11)
Number of errors  : 134
Description       :  -- 
Status            : error
Bbox              : {201.1040 232.8470} {201.2640 232.9300}

Error ID          : 193
Error Type        : Diff net spacing
Error Layer       : M1 (11)
Number of errors  : 134
Description       :  -- 
Status            : error
Bbox              : {200.6480 228.4140} {200.8080 228.4970}

Error ID          : 194
Error Type        : Diff net spacing
Error Layer       : M1 (11)
Number of errors  : 134
Description       :  -- 
Status            : error
Bbox              : {211.7440 232.8470} {211.9040 232.9300}

Error ID          : 195
Error Type        : Diff net spacing
Error Layer       : M1 (11)
Number of errors  : 134
Description       :  -- 
Status            : error
Bbox              : {212.9600 232.8470} {213.1200 232.9300}

Error ID          : 196
Error Type        : Diff net spacing
Error Layer       : M1 (11)
Number of errors  : 134
Description       :  -- 
Status            : error
Bbox              : {214.1760 235.1020} {214.3360 235.1850}

Error ID          : 197
Error Type        : Diff net spacing
Error Layer       : M1 (11)
Number of errors  : 134
Description       :  -- 
Status            : error
Bbox              : {207.3360 239.5350} {207.4960 239.6180}

Error ID          : 199
Error Type        : Diff net spacing
Error Layer       : M1 (11)
Number of errors  : 134
Description       :  -- 
Status            : error
Bbox              : {215.8480 236.1910} {216.0080 236.2740}

Error ID          : 200
Error Type        : Diff net spacing
Error Layer       : M1 (11)
Number of errors  : 134
Description       :  -- 
Status            : error
Bbox              : {217.0640 229.5030} {217.2240 229.5860}

Error ID          : 201
Error Type        : Diff net spacing
Error Layer       : M1 (11)
Number of errors  : 134
Description       :  -- 
Status            : error
Bbox              : {219.1920 231.7580} {219.3520 231.8410}

Error ID          : 202
Error Type        : Diff net spacing
Error Layer       : M1 (11)
Number of errors  : 134
Description       :  -- 
Status            : error
Bbox              : {220.5600 236.1910} {220.7200 236.2740}

Error ID          : 236
Error Type        : Diff net spacing
Error Layer       : M1 (11)
Number of errors  : 134
Description       :  -- 
Status            : error
Bbox              : {20.5280 248.4780} {20.6880 248.5610}

Error ID          : 237
Error Type        : Diff net spacing
Error Layer       : M1 (11)
Number of errors  : 134
Description       :  -- 
Status            : error
Bbox              : {20.5280 246.2230} {20.6880 246.3060}

Error ID          : 238
Error Type        : Diff net spacing
Error Layer       : M1 (11)
Number of errors  : 134
Description       :  -- 
Status            : error
Bbox              : {30.2560 248.4780} {30.4160 248.5610}

Error ID          : 239
Error Type        : Diff net spacing
Error Layer       : M1 (11)
Number of errors  : 134
Description       :  -- 
Status            : error
Bbox              : {31.0160 245.1340} {31.1760 245.2170}

Error ID          : 241
Error Type        : Diff net spacing
Error Layer       : M1 (11)
Number of errors  : 134
Description       :  -- 
Status            : error
Bbox              : {212.5040 245.1340} {212.6640 245.2170}

Error ID          : 243
Error Type        : Diff net spacing
Error Layer       : M1 (11)
Number of errors  : 134
Description       :  -- 
Status            : error
Bbox              : {214.4800 245.1340} {214.6400 245.2170}

Error ID          : 251
Error Type        : Diff net spacing
Error Layer       : M1 (11)
Number of errors  : 134
Description       :  -- 
Status            : error
Bbox              : {220.5600 242.8790} {220.7200 242.9620}

Error ID          : 2
Error Type        : Needs fat contact
Error Layer       : M1 (11)-M2 (13)
Number of errors  : 84
Description       :  -- 
Status            : error
Bbox              : {217.5700 29.0650} {217.6300 29.1750}

Error ID          : 3
Error Type        : Needs fat contact
Error Layer       : M1 (11)-M2 (13)
Number of errors  : 84
Description       :  -- 
Status            : error
Bbox              : {73.3220 35.7530} {73.3820 35.8630}

Error ID          : 7
Error Type        : Needs fat contact
Error Layer       : M1 (11)-M2 (13)
Number of errors  : 84
Description       :  -- 
Status            : error
Bbox              : {199.3300 44.2650} {199.3900 44.3750}

Error ID          : 12
Error Type        : Needs fat contact
Error Layer       : M1 (11)-M2 (13)
Number of errors  : 84
Description       :  -- 
Status            : error
Bbox              : {102.5060 45.7850} {102.5660 45.8950}

Error ID          : 15
Error Type        : Needs fat contact
Error Layer       : M1 (11)-M2 (13)
Number of errors  : 84
Description       :  -- 
Status            : error
Bbox              : {197.0500 49.1290} {197.1100 49.2390}

Error ID          : 22
Error Type        : Needs fat contact
Error Layer       : M1 (11)-M2 (13)
Number of errors  : 84
Description       :  -- 
Status            : error
Bbox              : {205.2580 55.8170} {205.3180 55.9270}

Error ID          : 27
Error Type        : Needs fat contact
Error Layer       : M1 (11)-M2 (13)
Number of errors  : 84
Description       :  -- 
Status            : error
Bbox              : {40.6420 79.2250} {40.7020 79.3350}

Error ID          : 29
Error Type        : Needs fat contact
Error Layer       : M1 (11)-M2 (13)
Number of errors  : 84
Description       :  -- 
Status            : error
Bbox              : {172.7300 81.0490} {172.7900 81.1590}

Error ID          : 30
Error Type        : Needs fat contact
Error Layer       : M1 (11)-M2 (13)
Number of errors  : 84
Description       :  -- 
Status            : error
Bbox              : {193.4020 77.7050} {193.4620 77.8150}

Error ID          : 31
Error Type        : Needs fat contact
Error Layer       : M1 (11)-M2 (13)
Number of errors  : 84
Description       :  -- 
Status            : error
Bbox              : {197.3540 81.0490} {197.4140 81.1590}

Error ID          : 40
Error Type        : Needs fat contact
Error Layer       : M1 (11)-M2 (13)
Number of errors  : 84
Description       :  -- 
Status            : error
Bbox              : {169.5380 84.3930} {169.5980 84.5030}

Error ID          : 41
Error Type        : Needs fat contact
Error Layer       : M1 (11)-M2 (13)
Number of errors  : 84
Description       :  -- 
Status            : error
Bbox              : {172.8820 85.9130} {172.9420 86.0230}

Error ID          : 42
Error Type        : Needs fat contact
Error Layer       : M1 (11)-M2 (13)
Number of errors  : 84
Description       :  -- 
Status            : error
Bbox              : {168.7780 87.7370} {168.8380 87.8470}

Error ID          : 46
Error Type        : Needs fat contact
Error Layer       : M1 (11)-M2 (13)
Number of errors  : 84
Description       :  -- 
Status            : error
Bbox              : {248.5780 92.6010} {248.6380 92.7110}

Error ID          : 50
Error Type        : Needs fat contact
Error Layer       : M1 (11)-M2 (13)
Number of errors  : 84
Description       :  -- 
Status            : error
Bbox              : {40.9460 101.1130} {41.0060 101.2230}

Error ID          : 52
Error Type        : Needs fat contact
Error Layer       : M1 (11)-M2 (13)
Number of errors  : 84
Description       :  -- 
Status            : error
Bbox              : {236.7220 101.1130} {236.7820 101.2230}

Error ID          : 53
Error Type        : Needs fat contact
Error Layer       : M1 (11)-M2 (13)
Number of errors  : 84
Description       :  -- 
Status            : error
Bbox              : {248.4260 95.9450} {248.4860 96.0550}

Error ID          : 55
Error Type        : Needs fat contact
Error Layer       : M1 (11)-M2 (13)
Number of errors  : 84
Description       :  -- 
Status            : error
Bbox              : {245.6900 101.1130} {245.7500 101.2230}

Error ID          : 56
Error Type        : Needs fat contact
Error Layer       : M1 (11)-M2 (13)
Number of errors  : 84
Description       :  -- 
Status            : error
Bbox              : {244.4740 101.1130} {244.5340 101.2230}

Error ID          : 57
Error Type        : Needs fat contact
Error Layer       : M1 (11)-M2 (13)
Number of errors  : 84
Description       :  -- 
Status            : error
Bbox              : {240.6740 99.2890} {240.7340 99.3990}

Error ID          : 62
Error Type        : Needs fat contact
Error Layer       : M1 (11)-M2 (13)
Number of errors  : 84
Description       :  -- 
Status            : error
Bbox              : {191.7300 114.4890} {191.7900 114.5990}

Error ID          : 68
Error Type        : Needs fat contact
Error Layer       : M1 (11)-M2 (13)
Number of errors  : 84
Description       :  -- 
Status            : error
Bbox              : {237.3300 107.8010} {237.3900 107.9110}

Error ID          : 73
Error Type        : Needs fat contact
Error Layer       : M1 (11)-M2 (13)
Number of errors  : 84
Description       :  -- 
Status            : error
Bbox              : {200.6980 119.3530} {200.7580 119.4630}

Error ID          : 81
Error Type        : Needs fat contact
Error Layer       : M1 (11)-M2 (13)
Number of errors  : 84
Description       :  -- 
Status            : error
Bbox              : {248.5780 124.5210} {248.6380 124.6310}

Error ID          : 82
Error Type        : Needs fat contact
Error Layer       : M1 (11)-M2 (13)
Number of errors  : 84
Description       :  -- 
Status            : error
Bbox              : {254.6580 127.8650} {254.7180 127.9750}

Error ID          : 84
Error Type        : Needs fat contact
Error Layer       : M1 (11)-M2 (13)
Number of errors  : 84
Description       :  -- 
Status            : error
Bbox              : {191.2740 136.0730} {191.3340 136.1830}

Error ID          : 85
Error Type        : Needs fat contact
Error Layer       : M1 (11)-M2 (13)
Number of errors  : 84
Description       :  -- 
Status            : error
Bbox              : {252.3780 136.0730} {252.4380 136.1830}

Error ID          : 92
Error Type        : Needs fat contact
Error Layer       : M1 (11)-M2 (13)
Number of errors  : 84
Description       :  -- 
Status            : error
Bbox              : {198.4180 144.5850} {198.4780 144.6950}

Error ID          : 93
Error Type        : Needs fat contact
Error Layer       : M1 (11)-M2 (13)
Number of errors  : 84
Description       :  -- 
Status            : error
Bbox              : {198.2660 154.6170} {198.3260 154.7270}

Error ID          : 97
Error Type        : Needs fat contact
Error Layer       : M1 (11)-M2 (13)
Number of errors  : 84
Description       :  -- 
Status            : error
Bbox              : {237.7860 144.5850} {237.8460 144.6950}

Error ID          : 98
Error Type        : Needs fat contact
Error Layer       : M1 (11)-M2 (13)
Number of errors  : 84
Description       :  -- 
Status            : error
Bbox              : {240.6740 147.9290} {240.7340 148.0390}

Error ID          : 99
Error Type        : Needs fat contact
Error Layer       : M1 (11)-M2 (13)
Number of errors  : 84
Description       :  -- 
Status            : error
Bbox              : {243.2580 152.7930} {243.3180 152.9030}

Error ID          : 101
Error Type        : Needs fat contact
Error Layer       : M1 (11)-M2 (13)
Number of errors  : 84
Description       :  -- 
Status            : error
Bbox              : {249.1860 152.7930} {249.2460 152.9030}

Error ID          : 102
Error Type        : Needs fat contact
Error Layer       : M1 (11)-M2 (13)
Number of errors  : 84
Description       :  -- 
Status            : error
Bbox              : {246.1460 147.9290} {246.2060 148.0390}

Error ID          : 103
Error Type        : Needs fat contact
Error Layer       : M1 (11)-M2 (13)
Number of errors  : 84
Description       :  -- 
Status            : error
Bbox              : {247.9700 154.6170} {248.0300 154.7270}

Error ID          : 104
Error Type        : Needs fat contact
Error Layer       : M1 (11)-M2 (13)
Number of errors  : 84
Description       :  -- 
Status            : error
Bbox              : {247.9700 152.7930} {248.0300 152.9030}

Error ID          : 105
Error Type        : Needs fat contact
Error Layer       : M1 (11)-M2 (13)
Number of errors  : 84
Description       :  -- 
Status            : error
Bbox              : {249.3380 154.6170} {249.3980 154.7270}

Error ID          : 107
Error Type        : Needs fat contact
Error Layer       : M1 (11)-M2 (13)
Number of errors  : 84
Description       :  -- 
Status            : error
Bbox              : {245.9940 152.7930} {246.0540 152.9030}

Error ID          : 153
Error Type        : Needs fat contact
Error Layer       : M1 (11)-M2 (13)
Number of errors  : 84
Description       :  -- 
Status            : error
Bbox              : {20.5780 212.9850} {20.6380 213.0950}

Error ID          : 154
Error Type        : Needs fat contact
Error Layer       : M1 (11)-M2 (13)
Number of errors  : 84
Description       :  -- 
Status            : error
Bbox              : {62.6820 214.8090} {62.7420 214.9190}

Error ID          : 161
Error Type        : Needs fat contact
Error Layer       : M1 (11)-M2 (13)
Number of errors  : 84
Description       :  -- 
Status            : error
Bbox              : {20.5780 216.3290} {20.6380 216.4390}

Error ID          : 162
Error Type        : Needs fat contact
Error Layer       : M1 (11)-M2 (13)
Number of errors  : 84
Description       :  -- 
Status            : error
Bbox              : {20.8820 224.8410} {20.9420 224.9510}

Error ID          : 164
Error Type        : Needs fat contact
Error Layer       : M1 (11)-M2 (13)
Number of errors  : 84
Description       :  -- 
Status            : error
Bbox              : {25.4420 216.3290} {25.5020 216.4390}

Error ID          : 165
Error Type        : Needs fat contact
Error Layer       : M1 (11)-M2 (13)
Number of errors  : 84
Description       :  -- 
Status            : error
Bbox              : {26.6580 216.3290} {26.7180 216.4390}

Error ID          : 167
Error Type        : Needs fat contact
Error Layer       : M1 (11)-M2 (13)
Number of errors  : 84
Description       :  -- 
Status            : error
Bbox              : {24.5300 221.4970} {24.5900 221.6070}

Error ID          : 185
Error Type        : Needs fat contact
Error Layer       : M1 (11)-M2 (13)
Number of errors  : 84
Description       :  -- 
Status            : error
Bbox              : {260.7380 223.0170} {260.7980 223.1270}

Error ID          : 186
Error Type        : Needs fat contact
Error Layer       : M1 (11)-M2 (13)
Number of errors  : 84
Description       :  -- 
Status            : error
Bbox              : {20.5780 228.1850} {20.6380 228.2950}

Error ID          : 384
Error Type        : Needs fat contact
Error Layer       : M1 (11)-M2 (13)
Number of errors  : 84
Description       :  -- 
Status            : error
Bbox              : {159.3540 305.0970} {159.4140 305.2070}

Error ID          : 272
Error Type        : Needs fat contact
Error Layer       : M1 (11)-M2 (13)
Number of errors  : 84
Description       :  -- 
Status            : error
Bbox              : {257.8500 249.7690} {257.9100 249.8790}

Error ID          : 273
Error Type        : Needs fat contact
Error Layer       : M1 (11)-M2 (13)
Number of errors  : 84
Description       :  -- 
Status            : error
Bbox              : {256.1780 248.2490} {256.2380 248.3590}

Error ID          : 276
Error Type        : Needs fat contact
Error Layer       : M1 (11)-M2 (13)
Number of errors  : 84
Description       :  -- 
Status            : error
Bbox              : {257.3940 248.2490} {257.4540 248.3590}

Error ID          : 295
Error Type        : Needs fat contact
Error Layer       : M1 (11)-M2 (13)
Number of errors  : 84
Description       :  -- 
Status            : error
Bbox              : {163.9140 259.8010} {163.9740 259.9110}

Error ID          : 297
Error Type        : Needs fat contact
Error Layer       : M1 (11)-M2 (13)
Number of errors  : 84
Description       :  -- 
Status            : error
Bbox              : {194.3140 253.1130} {194.3740 253.2230}

Error ID          : 298
Error Type        : Needs fat contact
Error Layer       : M1 (11)-M2 (13)
Number of errors  : 84
Description       :  -- 
Status            : error
Bbox              : {199.3300 254.9370} {199.3900 255.0470}

Error ID          : 301
Error Type        : Needs fat contact
Error Layer       : M1 (11)-M2 (13)
Number of errors  : 84
Description       :  -- 
Status            : error
Bbox              : {203.8900 259.8010} {203.9500 259.9110}

Error ID          : 336
Error Type        : Needs fat contact
Error Layer       : M1 (11)-M2 (13)
Number of errors  : 84
Description       :  -- 
Status            : error
Bbox              : {152.9700 268.3130} {153.0300 268.4230}

Error ID          : 337
Error Type        : Needs fat contact
Error Layer       : M1 (11)-M2 (13)
Number of errors  : 84
Description       :  -- 
Status            : error
Bbox              : {159.3540 264.9690} {159.4140 265.0790}

Error ID          : 339
Error Type        : Needs fat contact
Error Layer       : M1 (11)-M2 (13)
Number of errors  : 84
Description       :  -- 
Status            : error
Bbox              : {181.8500 273.1770} {181.9100 273.2870}

Error ID          : 343
Error Type        : Needs fat contact
Error Layer       : M1 (11)-M2 (13)
Number of errors  : 84
Description       :  -- 
Status            : error
Bbox              : {193.2500 275.0010} {193.3100 275.1110}

Error ID          : 344
Error Type        : Needs fat contact
Error Layer       : M1 (11)-M2 (13)
Number of errors  : 84
Description       :  -- 
Status            : error
Bbox              : {192.4900 268.3130} {192.5500 268.4230}

Error ID          : 345
Error Type        : Needs fat contact
Error Layer       : M1 (11)-M2 (13)
Number of errors  : 84
Description       :  -- 
Status            : error
Bbox              : {200.6980 269.8330} {200.7580 269.9430}

Error ID          : 346
Error Type        : Needs fat contact
Error Layer       : M1 (11)-M2 (13)
Number of errors  : 84
Description       :  -- 
Status            : error
Bbox              : {200.6980 271.6570} {200.7580 271.7670}

Error ID          : 353
Error Type        : Needs fat contact
Error Layer       : M1 (11)-M2 (13)
Number of errors  : 84
Description       :  -- 
Status            : error
Bbox              : {241.8900 266.4890} {241.9500 266.5990}

Error ID          : 355
Error Type        : Needs fat contact
Error Layer       : M1 (11)-M2 (13)
Number of errors  : 84
Description       :  -- 
Status            : error
Bbox              : {243.4100 268.3130} {243.4700 268.4230}

Error ID          : 356
Error Type        : Needs fat contact
Error Layer       : M1 (11)-M2 (13)
Number of errors  : 84
Description       :  -- 
Status            : error
Bbox              : {245.8420 273.1770} {245.9020 273.2870}

Error ID          : 357
Error Type        : Needs fat contact
Error Layer       : M1 (11)-M2 (13)
Number of errors  : 84
Description       :  -- 
Status            : error
Bbox              : {240.6740 268.3130} {240.7340 268.4230}

Error ID          : 358
Error Type        : Needs fat contact
Error Layer       : M1 (11)-M2 (13)
Number of errors  : 84
Description       :  -- 
Status            : error
Bbox              : {244.3220 273.1770} {244.3820 273.2870}

Error ID          : 365
Error Type        : Needs fat contact
Error Layer       : M1 (11)-M2 (13)
Number of errors  : 84
Description       :  -- 
Status            : error
Bbox              : {184.1300 279.8650} {184.1900 279.9750}

Error ID          : 366
Error Type        : Needs fat contact
Error Layer       : M1 (11)-M2 (13)
Number of errors  : 84
Description       :  -- 
Status            : error
Bbox              : {187.1700 278.3450} {187.2300 278.4550}

Error ID          : 376
Error Type        : Needs fat contact
Error Layer       : M1 (11)-M2 (13)
Number of errors  : 84
Description       :  -- 
Status            : error
Bbox              : {148.5620 296.5850} {148.6220 296.6950}

Error ID          : 377
Error Type        : Needs fat contact
Error Layer       : M1 (11)-M2 (13)
Number of errors  : 84
Description       :  -- 
Status            : error
Bbox              : {154.9460 299.9290} {155.0060 300.0390}

Error ID          : 198
Error Type        : Needs fat contact
Error Layer       : M1 (11)-M2 (13)
Number of errors  : 84
Description       :  -- 
Status            : error
Bbox              : {223.1940 239.7370} {223.2540 239.8470}

Error ID          : 203
Error Type        : Needs fat contact
Error Layer       : M1 (11)-M2 (13)
Number of errors  : 84
Description       :  -- 
Status            : error
Bbox              : {220.9140 238.2170} {220.9740 238.3270}

Error ID          : 204
Error Type        : Needs fat contact
Error Layer       : M1 (11)-M2 (13)
Number of errors  : 84
Description       :  -- 
Status            : error
Bbox              : {221.6740 231.5290} {221.7340 231.6390}

Error ID          : 205
Error Type        : Needs fat contact
Error Layer       : M1 (11)-M2 (13)
Number of errors  : 84
Description       :  -- 
Status            : error
Bbox              : {221.8260 236.3930} {221.8860 236.5030}

Error ID          : 228
Error Type        : Needs fat contact
Error Layer       : M1 (11)-M2 (13)
Number of errors  : 84
Description       :  -- 
Status            : error
Bbox              : {255.8740 239.7370} {255.9340 239.8470}

Error ID          : 231
Error Type        : Needs fat contact
Error Layer       : M1 (11)-M2 (13)
Number of errors  : 84
Description       :  -- 
Status            : error
Bbox              : {262.4100 236.3930} {262.4700 236.5030}

Error ID          : 232
Error Type        : Needs fat contact
Error Layer       : M1 (11)-M2 (13)
Number of errors  : 84
Description       :  -- 
Status            : error
Bbox              : {282.4740 234.8730} {282.5340 234.9830}

Error ID          : 233
Error Type        : Needs fat contact
Error Layer       : M1 (11)-M2 (13)
Number of errors  : 84
Description       :  -- 
Status            : error
Bbox              : {278.0660 238.2170} {278.1260 238.3270}

Error ID          : 240
Error Type        : Needs fat contact
Error Layer       : M1 (11)-M2 (13)
Number of errors  : 84
Description       :  -- 
Status            : error
Bbox              : {183.5220 248.2490} {183.5820 248.3590}

Error ID          : 242
Error Type        : Needs fat contact
Error Layer       : M1 (11)-M2 (13)
Number of errors  : 84
Description       :  -- 
Status            : error
Bbox              : {209.6660 248.2490} {209.7260 248.3590}

Error ID          : 244
Error Type        : Needs fat contact
Error Layer       : M1 (11)-M2 (13)
Number of errors  : 84
Description       :  -- 
Status            : error
Bbox              : {207.8420 243.0810} {207.9020 243.1910}

Error ID          : 245
Error Type        : Needs fat contact
Error Layer       : M1 (11)-M2 (13)
Number of errors  : 84
Description       :  -- 
Status            : error
Bbox              : {204.8020 244.9050} {204.8620 245.0150}

Error ID          : 250
Error Type        : Needs fat contact
Error Layer       : M1 (11)-M2 (13)
Number of errors  : 84
Description       :  -- 
Status            : error
Bbox              : {217.5700 243.0810} {217.6300 243.1910}

Error ID          : 8
Error Type        : Off-grid
Error Layer       : VIA1 (12)
Number of errors  : 160
Description       :  -- 
Status            : error
Bbox              : {206.6040 45.5870} {206.6540 45.7890}

Error ID          : 9
Error Type        : Off-grid
Error Layer       : M2 (13)
Number of errors  : 160
Description       :  -- 
Status            : error
Bbox              : {206.5740 45.5820} {206.6840 45.7940}

Error ID          : 14
Error Type        : Off-grid
Error Layer       : M1 (11)
Number of errors  : 160
Description       :  -- 
Status            : error
Bbox              : {156.4710 55.8470} {156.5610 55.9480}

Error ID          : 16
Error Type        : Off-grid
Error Layer       : VIA1 (12)
Number of errors  : 160
Description       :  -- 
Status            : error
Bbox              : {204.9320 48.9310} {204.9820 49.1330}

Error ID          : 17
Error Type        : Off-grid
Error Layer       : M2 (13)
Number of errors  : 160
Description       :  -- 
Status            : error
Bbox              : {204.9020 48.9260} {205.0120 49.1380}

Error ID          : 18
Error Type        : Off-grid
Error Layer       : VIA1 (12)
Number of errors  : 160
Description       :  -- 
Status            : error
Bbox              : {206.4770 47.7150} {206.5270 47.9170}

Error ID          : 19
Error Type        : Off-grid
Error Layer       : M2 (13)
Number of errors  : 160
Description       :  -- 
Status            : error
Bbox              : {206.4720 47.6850} {206.5320 47.9470}

Error ID          : 20
Error Type        : Off-grid
Error Layer       : VIA1 (12)
Number of errors  : 160
Description       :  -- 
Status            : error
Bbox              : {212.7090 48.9310} {212.7590 49.1330}

Error ID          : 21
Error Type        : Off-grid
Error Layer       : M2 (13)
Number of errors  : 160
Description       :  -- 
Status            : error
Bbox              : {212.7040 48.9010} {212.7640 49.1630}

Error ID          : 28
Error Type        : Off-grid
Error Layer       : M1 (11)
Number of errors  : 160
Description       :  -- 
Status            : error
Bbox              : {101.2950 74.3400} {101.3850 74.4410}

Error ID          : 34
Error Type        : Off-grid
Error Layer       : VIA1 (12)
Number of errors  : 160
Description       :  -- 
Status            : error
Bbox              : {295.3970 81.1550} {295.4470 81.3570}

Error ID          : 35
Error Type        : Off-grid
Error Layer       : M2 (13)
Number of errors  : 160
Description       :  -- 
Status            : error
Bbox              : {295.3920 81.1250} {295.4520 81.3870}

Error ID          : 43
Error Type        : Off-grid
Error Layer       : VIA1 (12)
Number of errors  : 160
Description       :  -- 
Status            : error
Bbox              : {219.2490 84.4990} {219.2990 84.7010}

Error ID          : 44
Error Type        : Off-grid
Error Layer       : M2 (13)
Number of errors  : 160
Description       :  -- 
Status            : error
Bbox              : {219.2440 84.4690} {219.3040 84.7310}

Error ID          : 47
Error Type        : Off-grid
Error Layer       : VIA1 (12)
Number of errors  : 160
Description       :  -- 
Status            : error
Bbox              : {277.4360 91.1870} {277.4860 91.3890}

Error ID          : 48
Error Type        : Off-grid
Error Layer       : M2 (13)
Number of errors  : 160
Description       :  -- 
Status            : error
Bbox              : {277.4060 91.1820} {277.5160 91.3940}

Error ID          : 60
Error Type        : Off-grid
Error Layer       : VIA1 (12)
Number of errors  : 160
Description       :  -- 
Status            : error
Bbox              : {290.5330 105.9310} {290.5830 106.1330}

Error ID          : 61
Error Type        : Off-grid
Error Layer       : M2 (13)
Number of errors  : 160
Description       :  -- 
Status            : error
Bbox              : {290.5280 105.9010} {290.5880 106.1630}

Error ID          : 64
Error Type        : Off-grid
Error Layer       : VIA1 (12)
Number of errors  : 160
Description       :  -- 
Status            : error
Bbox              : {223.7800 111.2510} {223.8300 111.4530}

Error ID          : 65
Error Type        : Off-grid
Error Layer       : M2 (13)
Number of errors  : 160
Description       :  -- 
Status            : error
Bbox              : {223.7500 111.2460} {223.8600 111.4580}

Error ID          : 71
Error Type        : Off-grid
Error Layer       : VIA1 (12)
Number of errors  : 160
Description       :  -- 
Status            : error
Bbox              : {187.6040 124.6270} {187.6540 124.8290}

Error ID          : 72
Error Type        : Off-grid
Error Layer       : M2 (13)
Number of errors  : 160
Description       :  -- 
Status            : error
Bbox              : {187.5740 124.6220} {187.6840 124.8340}

Error ID          : 76
Error Type        : Off-grid
Error Layer       : VIA1 (12)
Number of errors  : 160
Description       :  -- 
Status            : error
Bbox              : {238.5240 125.8430} {238.5740 126.0450}

Error ID          : 77
Error Type        : Off-grid
Error Layer       : M2 (13)
Number of errors  : 160
Description       :  -- 
Status            : error
Bbox              : {238.4940 125.8380} {238.6040 126.0500}

Error ID          : 79
Error Type        : Off-grid
Error Layer       : VIA1 (12)
Number of errors  : 160
Description       :  -- 
Status            : error
Bbox              : {241.2850 119.1550} {241.3350 119.3570}

Error ID          : 80
Error Type        : Off-grid
Error Layer       : M2 (13)
Number of errors  : 160
Description       :  -- 
Status            : error
Bbox              : {241.2800 119.1250} {241.3400 119.3870}

Error ID          : 86
Error Type        : Off-grid
Error Layer       : VIA1 (12)
Number of errors  : 160
Description       :  -- 
Status            : error
Bbox              : {254.6360 132.5310} {254.6860 132.7330}

Error ID          : 87
Error Type        : Off-grid
Error Layer       : M2 (13)
Number of errors  : 160
Description       :  -- 
Status            : error
Bbox              : {254.6060 132.5260} {254.7160 132.7380}

Error ID          : 88
Error Type        : Off-grid
Error Layer       : VIA1 (12)
Number of errors  : 160
Description       :  -- 
Status            : error
Bbox              : {177.9010 152.5950} {177.9510 152.7970}

Error ID          : 90
Error Type        : Off-grid
Error Layer       : M2 (13)
Number of errors  : 160
Description       :  -- 
Status            : error
Bbox              : {191.9820 149.2460} {192.0920 149.4580}

Error ID          : 91
Error Type        : Off-grid
Error Layer       : VIA1 (12)
Number of errors  : 160
Description       :  -- 
Status            : error
Bbox              : {192.0120 149.2510} {192.0620 149.4530}

Error ID          : 94
Error Type        : Off-grid
Error Layer       : M2 (13)
Number of errors  : 160
Description       :  -- 
Status            : error
Bbox              : {208.0940 151.3740} {208.2040 151.5860}

Error ID          : 95
Error Type        : Off-grid
Error Layer       : VIA1 (12)
Number of errors  : 160
Description       :  -- 
Status            : error
Bbox              : {208.1240 151.3790} {208.1740 151.5810}

Error ID          : 110
Error Type        : Off-grid
Error Layer       : VIA1 (12)
Number of errors  : 160
Description       :  -- 
Status            : error
Bbox              : {164.8040 155.9390} {164.8540 156.1410}

Error ID          : 111
Error Type        : Off-grid
Error Layer       : M2 (13)
Number of errors  : 160
Description       :  -- 
Status            : error
Bbox              : {164.7740 155.9340} {164.8840 156.1460}

Error ID          : 112
Error Type        : Off-grid
Error Layer       : VIA1 (12)
Number of errors  : 160
Description       :  -- 
Status            : error
Bbox              : {163.6130 158.0670} {163.6630 158.2690}

Error ID          : 113
Error Type        : Off-grid
Error Layer       : M2 (13)
Number of errors  : 160
Description       :  -- 
Status            : error
Bbox              : {163.6080 158.0370} {163.6680 158.2990}

Error ID          : 119
Error Type        : Off-grid
Error Layer       : VIA1 (12)
Number of errors  : 160
Description       :  -- 
Status            : error
Bbox              : {218.3080 162.7790} {218.3580 162.9810}

Error ID          : 120
Error Type        : Off-grid
Error Layer       : M2 (13)
Number of errors  : 160
Description       :  -- 
Status            : error
Bbox              : {218.2780 162.7740} {218.3880 162.9860}

Error ID          : 127
Error Type        : Off-grid
Error Layer       : M2 (13)
Number of errors  : 160
Description       :  -- 
Status            : error
Bbox              : {187.7760 167.9170} {187.8360 168.1790}

Error ID          : 128
Error Type        : Off-grid
Error Layer       : VIA1 (12)
Number of errors  : 160
Description       :  -- 
Status            : error
Bbox              : {187.7810 167.9470} {187.8310 168.1490}

Error ID          : 135
Error Type        : Off-grid
Error Layer       : VIA1 (12)
Number of errors  : 160
Description       :  -- 
Status            : error
Bbox              : {200.6760 191.3550} {200.7260 191.5570}

Error ID          : 136
Error Type        : Off-grid
Error Layer       : M2 (13)
Number of errors  : 160
Description       :  -- 
Status            : error
Bbox              : {200.6460 191.3500} {200.7560 191.5620}

Error ID          : 141
Error Type        : Off-grid
Error Layer       : VIA1 (12)
Number of errors  : 160
Description       :  -- 
Status            : error
Bbox              : {230.0120 201.5390} {230.0620 201.7410}

Error ID          : 142
Error Type        : Off-grid
Error Layer       : VIA1 (12)
Number of errors  : 160
Description       :  -- 
Status            : error
Bbox              : {231.2530 202.7550} {231.3030 202.9570}

Error ID          : 143
Error Type        : Off-grid
Error Layer       : M2 (13)
Number of errors  : 160
Description       :  -- 
Status            : error
Bbox              : {231.2480 202.7250} {231.3080 202.9870}

Error ID          : 144
Error Type        : Off-grid
Error Layer       : VIA1 (12)
Number of errors  : 160
Description       :  -- 
Status            : error
Bbox              : {237.0290 202.7550} {237.0790 202.9570}

Error ID          : 145
Error Type        : Off-grid
Error Layer       : VIA1 (12)
Number of errors  : 160
Description       :  -- 
Status            : error
Bbox              : {238.5240 202.7550} {238.5740 202.9570}

Error ID          : 146
Error Type        : Off-grid
Error Layer       : M2 (13)
Number of errors  : 160
Description       :  -- 
Status            : error
Bbox              : {238.4940 202.7500} {238.6040 202.9620}

Error ID          : 147
Error Type        : Off-grid
Error Layer       : VIA1 (12)
Number of errors  : 160
Description       :  -- 
Status            : error
Bbox              : {240.3770 202.7550} {240.4270 202.9570}

Error ID          : 148
Error Type        : Off-grid
Error Layer       : M2 (13)
Number of errors  : 160
Description       :  -- 
Status            : error
Bbox              : {240.3720 202.7250} {240.4320 202.9870}

Error ID          : 149
Error Type        : Off-grid
Error Layer       : VIA1 (12)
Number of errors  : 160
Description       :  -- 
Status            : error
Bbox              : {240.6520 201.5390} {240.7020 201.7410}

Error ID          : 150
Error Type        : Off-grid
Error Layer       : M2 (13)
Number of errors  : 160
Description       :  -- 
Status            : error
Bbox              : {240.6220 201.5340} {240.7320 201.7460}

Error ID          : 151
Error Type        : Off-grid
Error Layer       : VIA1 (12)
Number of errors  : 160
Description       :  -- 
Status            : error
Bbox              : {242.3260 202.7550} {242.3760 202.9570}

Error ID          : 152
Error Type        : Off-grid
Error Layer       : M2 (13)
Number of errors  : 160
Description       :  -- 
Status            : error
Bbox              : {242.3460 202.8010} {242.4060 202.9110}

Error ID          : 156
Error Type        : Off-grid
Error Layer       : VIA1 (12)
Number of errors  : 160
Description       :  -- 
Status            : error
Bbox              : {230.9240 204.8830} {230.9740 205.0850}

Error ID          : 157
Error Type        : Off-grid
Error Layer       : M2 (13)
Number of errors  : 160
Description       :  -- 
Status            : error
Bbox              : {230.8940 204.8780} {231.0040 205.0900}

Error ID          : 158
Error Type        : Off-grid
Error Layer       : VIA1 (12)
Number of errors  : 160
Description       :  -- 
Status            : error
Bbox              : {237.1560 209.4430} {237.2060 209.6450}

Error ID          : 159
Error Type        : Off-grid
Error Layer       : VIA1 (12)
Number of errors  : 160
Description       :  -- 
Status            : error
Bbox              : {244.3250 209.4430} {244.3750 209.6450}

Error ID          : 160
Error Type        : Off-grid
Error Layer       : M2 (13)
Number of errors  : 160
Description       :  -- 
Status            : error
Bbox              : {244.3200 209.4130} {244.3800 209.6750}

Error ID          : 169
Error Type        : Off-grid
Error Layer       : M2 (13)
Number of errors  : 160
Description       :  -- 
Status            : error
Bbox              : {227.8540 226.1580} {227.9640 226.3700}

Error ID          : 170
Error Type        : Off-grid
Error Layer       : VIA1 (12)
Number of errors  : 160
Description       :  -- 
Status            : error
Bbox              : {227.8840 226.1630} {227.9340 226.3650}

Error ID          : 171
Error Type        : Off-grid
Error Layer       : VIA1 (12)
Number of errors  : 160
Description       :  -- 
Status            : error
Bbox              : {239.3380 226.1630} {239.3880 226.3650}

Error ID          : 172
Error Type        : Off-grid
Error Layer       : M2 (13)
Number of errors  : 160
Description       :  -- 
Status            : error
Bbox              : {239.3080 226.1580} {239.4180 226.3700}

Error ID          : 173
Error Type        : Off-grid
Error Layer       : VIA1 (12)
Number of errors  : 160
Description       :  -- 
Status            : error
Bbox              : {237.7640 218.2590} {237.8140 218.4610}

Error ID          : 174
Error Type        : Off-grid
Error Layer       : M2 (13)
Number of errors  : 160
Description       :  -- 
Status            : error
Bbox              : {237.7340 218.2540} {237.8440 218.4660}

Error ID          : 175
Error Type        : Off-grid
Error Layer       : M2 (13)
Number of errors  : 160
Description       :  -- 
Status            : error
Bbox              : {235.6060 219.4700} {235.7160 219.6820}

Error ID          : 176
Error Type        : Off-grid
Error Layer       : VIA1 (12)
Number of errors  : 160
Description       :  -- 
Status            : error
Bbox              : {235.6360 219.4750} {235.6860 219.6770}

Error ID          : 177
Error Type        : Off-grid
Error Layer       : VIA1 (12)
Number of errors  : 160
Description       :  -- 
Status            : error
Bbox              : {233.0520 218.2590} {233.1020 218.4610}

Error ID          : 178
Error Type        : Off-grid
Error Layer       : M2 (13)
Number of errors  : 160
Description       :  -- 
Status            : error
Bbox              : {233.0220 218.2540} {233.1320 218.4660}

Error ID          : 179
Error Type        : Off-grid
Error Layer       : VIA1 (12)
Number of errors  : 160
Description       :  -- 
Status            : error
Bbox              : {235.7880 216.1310} {235.8380 216.3330}

Error ID          : 180
Error Type        : Off-grid
Error Layer       : VIA1 (12)
Number of errors  : 160
Description       :  -- 
Status            : error
Bbox              : {236.7000 222.8190} {236.7500 223.0210}

Error ID          : 181
Error Type        : Off-grid
Error Layer       : VIA1 (12)
Number of errors  : 160
Description       :  -- 
Status            : error
Bbox              : {240.4020 222.8190} {240.4520 223.0210}

Error ID          : 182
Error Type        : Off-grid
Error Layer       : M2 (13)
Number of errors  : 160
Description       :  -- 
Status            : error
Bbox              : {240.3720 222.8140} {240.4820 223.0260}

Error ID          : 183
Error Type        : Off-grid
Error Layer       : M2 (13)
Number of errors  : 160
Description       :  -- 
Status            : error
Bbox              : {240.6220 224.9420} {240.7320 225.1540}

Error ID          : 184
Error Type        : Off-grid
Error Layer       : VIA1 (12)
Number of errors  : 160
Description       :  -- 
Status            : error
Bbox              : {240.6520 224.9470} {240.7020 225.1490}

Error ID          : 187
Error Type        : Off-grid
Error Layer       : VIA1 (12)
Number of errors  : 160
Description       :  -- 
Status            : error
Bbox              : {51.5640 232.8510} {51.6140 233.0530}

Error ID          : 188
Error Type        : Off-grid
Error Layer       : M2 (13)
Number of errors  : 160
Description       :  -- 
Status            : error
Bbox              : {51.5340 232.8460} {51.6440 233.0580}

Error ID          : 378
Error Type        : Off-grid
Error Layer       : VIA1 (12)
Number of errors  : 160
Description       :  -- 
Status            : error
Bbox              : {147.6530 293.0430} {147.7030 293.2450}

Error ID          : 379
Error Type        : Off-grid
Error Layer       : M2 (13)
Number of errors  : 160
Description       :  -- 
Status            : error
Bbox              : {147.6480 293.0130} {147.7080 293.2750}

Error ID          : 380
Error Type        : Off-grid
Error Layer       : M1 (11)
Number of errors  : 160
Description       :  -- 
Status            : error
Bbox              : {244.6010 290.6360} {244.6510 290.7370}

Error ID          : 257
Error Type        : Off-grid
Error Layer       : M2 (13)
Number of errors  : 160
Description       :  -- 
Status            : error
Bbox              : {234.8460 249.5660} {234.9560 249.7780}

Error ID          : 258
Error Type        : Off-grid
Error Layer       : VIA1 (12)
Number of errors  : 160
Description       :  -- 
Status            : error
Bbox              : {234.8760 249.5710} {234.9260 249.7730}

Error ID          : 262
Error Type        : Off-grid
Error Layer       : VIA1 (12)
Number of errors  : 160
Description       :  -- 
Status            : error
Bbox              : {229.7330 242.8830} {229.7830 243.0850}

Error ID          : 263
Error Type        : Off-grid
Error Layer       : M2 (13)
Number of errors  : 160
Description       :  -- 
Status            : error
Bbox              : {229.7280 242.8530} {229.7880 243.1150}

Error ID          : 266
Error Type        : Off-grid
Error Layer       : VIA1 (12)
Number of errors  : 160
Description       :  -- 
Status            : error
Bbox              : {246.8840 251.6990} {246.9340 251.9010}

Error ID          : 267
Error Type        : Off-grid
Error Layer       : M2 (13)
Number of errors  : 160
Description       :  -- 
Status            : error
Bbox              : {246.8540 251.6940} {246.9640 251.9060}

Error ID          : 268
Error Type        : Off-grid
Error Layer       : VIA1 (12)
Number of errors  : 160
Description       :  -- 
Status            : error
Bbox              : {250.0760 248.3550} {250.1260 248.5570}

Error ID          : 269
Error Type        : Off-grid
Error Layer       : M1 (11)
Number of errors  : 160
Description       :  -- 
Status            : error
Bbox              : {249.0110 249.8370} {249.2410 249.8950}

Error ID          : 270
Error Type        : Off-grid
Error Layer       : M2 (13)
Number of errors  : 160
Description       :  -- 
Status            : error
Bbox              : {245.4860 249.5660} {245.5960 249.7780}

Error ID          : 271
Error Type        : Off-grid
Error Layer       : VIA1 (12)
Number of errors  : 160
Description       :  -- 
Status            : error
Bbox              : {245.5160 249.5710} {245.5660 249.7730}

Error ID          : 274
Error Type        : Off-grid
Error Layer       : VIA1 (12)
Number of errors  : 160
Description       :  -- 
Status            : error
Bbox              : {255.5730 246.2270} {255.6230 246.4290}

Error ID          : 275
Error Type        : Off-grid
Error Layer       : M2 (13)
Number of errors  : 160
Description       :  -- 
Status            : error
Bbox              : {255.5680 246.1970} {255.6280 246.4590}

Error ID          : 277
Error Type        : Off-grid
Error Layer       : VIA1 (12)
Number of errors  : 160
Description       :  -- 
Status            : error
Bbox              : {255.2440 249.5710} {255.2940 249.7730}

Error ID          : 278
Error Type        : Off-grid
Error Layer       : M2 (13)
Number of errors  : 160
Description       :  -- 
Status            : error
Bbox              : {255.2140 249.5660} {255.3240 249.7780}

Error ID          : 279
Error Type        : Off-grid
Error Layer       : VIA1 (12)
Number of errors  : 160
Description       :  -- 
Status            : error
Bbox              : {254.7880 242.8830} {254.8380 243.0850}

Error ID          : 286
Error Type        : Off-grid
Error Layer       : VIA1 (12)
Number of errors  : 160
Description       :  -- 
Status            : error
Bbox              : {303.4530 251.6990} {303.5030 251.9010}

Error ID          : 287
Error Type        : Off-grid
Error Layer       : M2 (13)
Number of errors  : 160
Description       :  -- 
Status            : error
Bbox              : {303.4480 251.6690} {303.5080 251.9310}

Error ID          : 291
Error Type        : Off-grid
Error Layer       : M2 (13)
Number of errors  : 160
Description       :  -- 
Status            : error
Bbox              : {303.8540 241.5100} {303.9640 241.7220}

Error ID          : 292
Error Type        : Off-grid
Error Layer       : VIA1 (12)
Number of errors  : 160
Description       :  -- 
Status            : error
Bbox              : {303.8840 241.5150} {303.9340 241.7170}

Error ID          : 293
Error Type        : Off-grid
Error Layer       : VIA1 (12)
Number of errors  : 160
Description       :  -- 
Status            : error
Bbox              : {106.2840 263.0990} {106.3340 263.3010}

Error ID          : 294
Error Type        : Off-grid
Error Layer       : M2 (13)
Number of errors  : 160
Description       :  -- 
Status            : error
Bbox              : {106.2540 263.0940} {106.3640 263.3060}

Error ID          : 304
Error Type        : Off-grid
Error Layer       : VIA1 (12)
Number of errors  : 160
Description       :  -- 
Status            : error
Bbox              : {232.9250 256.2590} {232.9750 256.4610}

Error ID          : 305
Error Type        : Off-grid
Error Layer       : M2 (13)
Number of errors  : 160
Description       :  -- 
Status            : error
Bbox              : {232.9200 256.2290} {232.9800 256.4910}

Error ID          : 306
Error Type        : Off-grid
Error Layer       : M2 (13)
Number of errors  : 160
Description       :  -- 
Status            : error
Bbox              : {236.1120 255.0130} {236.1720 255.2750}

Error ID          : 307
Error Type        : Off-grid
Error Layer       : VIA1 (12)
Number of errors  : 160
Description       :  -- 
Status            : error
Bbox              : {236.1170 255.0430} {236.1670 255.2450}

Error ID          : 308
Error Type        : Off-grid
Error Layer       : M2 (13)
Number of errors  : 160
Description       :  -- 
Status            : error
Bbox              : {233.1740 252.9100} {233.2840 253.1220}

Error ID          : 309
Error Type        : Off-grid
Error Layer       : VIA1 (12)
Number of errors  : 160
Description       :  -- 
Status            : error
Bbox              : {233.2040 252.9150} {233.2540 253.1170}

Error ID          : 310
Error Type        : Off-grid
Error Layer       : M2 (13)
Number of errors  : 160
Description       :  -- 
Status            : error
Bbox              : {234.6940 252.9100} {234.8040 253.1220}

Error ID          : 311
Error Type        : Off-grid
Error Layer       : VIA1 (12)
Number of errors  : 160
Description       :  -- 
Status            : error
Bbox              : {234.7240 252.9150} {234.7740 253.1170}

Error ID          : 313
Error Type        : Off-grid
Error Layer       : VIA1 (12)
Number of errors  : 160
Description       :  -- 
Status            : error
Bbox              : {250.0760 252.9150} {250.1260 253.1170}

Error ID          : 314
Error Type        : Off-grid
Error Layer       : VIA1 (12)
Number of errors  : 160
Description       :  -- 
Status            : error
Bbox              : {248.5560 252.9150} {248.6060 253.1170}

Error ID          : 315
Error Type        : Off-grid
Error Layer       : M2 (13)
Number of errors  : 160
Description       :  -- 
Status            : error
Bbox              : {248.5260 252.9100} {248.6360 253.1220}

Error ID          : 316
Error Type        : Off-grid
Error Layer       : VIA1 (12)
Number of errors  : 160
Description       :  -- 
Status            : error
Bbox              : {251.5960 255.0430} {251.6460 255.2450}

Error ID          : 317
Error Type        : Off-grid
Error Layer       : M2 (13)
Number of errors  : 160
Description       :  -- 
Status            : error
Bbox              : {251.5660 255.0380} {251.6760 255.2500}

Error ID          : 327
Error Type        : Off-grid
Error Layer       : VIA1 (12)
Number of errors  : 160
Description       :  -- 
Status            : error
Bbox              : {92.1500 271.6110} {92.2000 271.8130}

Error ID          : 328
Error Type        : Off-grid
Error Layer       : M2 (13)
Number of errors  : 160
Description       :  -- 
Status            : error
Bbox              : {92.1700 271.6570} {92.2300 271.7670}

Error ID          : 329
Error Type        : Off-grid
Error Layer       : VIA1 (12)
Number of errors  : 160
Description       :  -- 
Status            : error
Bbox              : {98.2530 269.7870} {98.3030 269.9890}

Error ID          : 330
Error Type        : Off-grid
Error Layer       : M2 (13)
Number of errors  : 160
Description       :  -- 
Status            : error
Bbox              : {98.2480 269.7570} {98.3080 270.0190}

Error ID          : 331
Error Type        : Off-grid
Error Layer       : VIA1 (12)
Number of errors  : 160
Description       :  -- 
Status            : error
Bbox              : {110.2360 273.1310} {110.2860 273.3330}

Error ID          : 332
Error Type        : Off-grid
Error Layer       : M2 (13)
Number of errors  : 160
Description       :  -- 
Status            : error
Bbox              : {110.2060 273.1260} {110.3160 273.3380}

Error ID          : 333
Error Type        : Off-grid
Error Layer       : VIA1 (12)
Number of errors  : 160
Description       :  -- 
Status            : error
Bbox              : {107.3480 274.9550} {107.3980 275.1570}

Error ID          : 334
Error Type        : Off-grid
Error Layer       : M2 (13)
Number of errors  : 160
Description       :  -- 
Status            : error
Bbox              : {107.3180 274.9500} {107.4280 275.1620}

Error ID          : 360
Error Type        : Off-grid
Error Layer       : VIA1 (12)
Number of errors  : 160
Description       :  -- 
Status            : error
Bbox              : {294.3330 272.9790} {294.3830 273.1810}

Error ID          : 361
Error Type        : Off-grid
Error Layer       : M2 (13)
Number of errors  : 160
Description       :  -- 
Status            : error
Bbox              : {294.3280 272.9490} {294.3880 273.2110}

Error ID          : 362
Error Type        : Off-grid
Error Layer       : VIA1 (12)
Number of errors  : 160
Description       :  -- 
Status            : error
Bbox              : {292.6360 272.9790} {292.6860 273.1810}

Error ID          : 363
Error Type        : Off-grid
Error Layer       : M2 (13)
Number of errors  : 160
Description       :  -- 
Status            : error
Bbox              : {292.6060 272.9740} {292.7160 273.1860}

Error ID          : 374
Error Type        : Off-grid
Error Layer       : VIA1 (12)
Number of errors  : 160
Description       :  -- 
Status            : error
Bbox              : {282.7810 279.6670} {282.8310 279.8690}

Error ID          : 375
Error Type        : Off-grid
Error Layer       : M2 (13)
Number of errors  : 160
Description       :  -- 
Status            : error
Bbox              : {282.7760 279.6370} {282.8360 279.8990}

Error ID          : 189
Error Type        : Off-grid
Error Layer       : M1 (11)
Number of errors  : 160
Description       :  -- 
Status            : error
Bbox              : {100.6570 229.5780} {100.7670 229.6380}

Error ID          : 206
Error Type        : Off-grid
Error Layer       : VIA1 (12)
Number of errors  : 160
Description       :  -- 
Status            : error
Bbox              : {239.3380 229.5070} {239.3880 229.7090}

Error ID          : 207
Error Type        : Off-grid
Error Layer       : M2 (13)
Number of errors  : 160
Description       :  -- 
Status            : error
Bbox              : {239.3080 229.5020} {239.4180 229.7140}

Error ID          : 208
Error Type        : Off-grid
Error Layer       : M2 (13)
Number of errors  : 160
Description       :  -- 
Status            : error
Bbox              : {239.5580 228.2860} {239.6680 228.4980}

Error ID          : 209
Error Type        : Off-grid
Error Layer       : VIA1 (12)
Number of errors  : 160
Description       :  -- 
Status            : error
Bbox              : {239.5880 228.2910} {239.6380 228.4930}

Error ID          : 210
Error Type        : Off-grid
Error Layer       : M2 (13)
Number of errors  : 160
Description       :  -- 
Status            : error
Bbox              : {237.3280 231.6050} {237.3880 231.8670}

Error ID          : 211
Error Type        : Off-grid
Error Layer       : VIA1 (12)
Number of errors  : 160
Description       :  -- 
Status            : error
Bbox              : {237.3330 231.6350} {237.3830 231.8370}

Error ID          : 212
Error Type        : Off-grid
Error Layer       : M2 (13)
Number of errors  : 160
Description       :  -- 
Status            : error
Bbox              : {232.4640 234.9490} {232.5240 235.2110}

Error ID          : 213
Error Type        : Off-grid
Error Layer       : VIA1 (12)
Number of errors  : 160
Description       :  -- 
Status            : error
Bbox              : {232.4690 234.9790} {232.5190 235.1810}

Error ID          : 214
Error Type        : Off-grid
Error Layer       : M2 (13)
Number of errors  : 160
Description       :  -- 
Status            : error
Bbox              : {235.9100 234.9740} {236.0200 235.1860}

Error ID          : 215
Error Type        : Off-grid
Error Layer       : VIA1 (12)
Number of errors  : 160
Description       :  -- 
Status            : error
Bbox              : {235.9400 234.9790} {235.9900 235.1810}

Error ID          : 216
Error Type        : Off-grid
Error Layer       : VIA1 (12)
Number of errors  : 160
Description       :  -- 
Status            : error
Bbox              : {234.4200 236.1950} {234.4700 236.3970}

Error ID          : 217
Error Type        : Off-grid
Error Layer       : M2 (13)
Number of errors  : 160
Description       :  -- 
Status            : error
Bbox              : {234.3900 236.1900} {234.5000 236.4020}

Error ID          : 218
Error Type        : Off-grid
Error Layer       : VIA1 (12)
Number of errors  : 160
Description       :  -- 
Status            : error
Bbox              : {237.9160 232.8510} {237.9660 233.0530}

Error ID          : 219
Error Type        : Off-grid
Error Layer       : M2 (13)
Number of errors  : 160
Description       :  -- 
Status            : error
Bbox              : {237.8860 232.8460} {237.9960 233.0580}

Error ID          : 220
Error Type        : Off-grid
Error Layer       : VIA1 (12)
Number of errors  : 160
Description       :  -- 
Status            : error
Bbox              : {247.6440 236.1950} {247.6940 236.3970}

Error ID          : 221
Error Type        : Off-grid
Error Layer       : M2 (13)
Number of errors  : 160
Description       :  -- 
Status            : error
Bbox              : {247.6140 236.1900} {247.7240 236.4020}

Error ID          : 222
Error Type        : Off-grid
Error Layer       : VIA1 (12)
Number of errors  : 160
Description       :  -- 
Status            : error
Bbox              : {240.8040 232.8510} {240.8540 233.0530}

Error ID          : 223
Error Type        : Off-grid
Error Layer       : M2 (13)
Number of errors  : 160
Description       :  -- 
Status            : error
Bbox              : {240.7740 232.8460} {240.8840 233.0580}

Error ID          : 224
Error Type        : Off-grid
Error Layer       : VIA1 (12)
Number of errors  : 160
Description       :  -- 
Status            : error
Bbox              : {240.6520 229.5070} {240.7020 229.7090}

Error ID          : 225
Error Type        : Off-grid
Error Layer       : M2 (13)
Number of errors  : 160
Description       :  -- 
Status            : error
Bbox              : {240.6220 229.5020} {240.7320 229.7140}

Error ID          : 226
Error Type        : Off-grid
Error Layer       : M2 (13)
Number of errors  : 160
Description       :  -- 
Status            : error
Bbox              : {242.2940 234.9740} {242.4040 235.1860}

Error ID          : 227
Error Type        : Off-grid
Error Layer       : VIA1 (12)
Number of errors  : 160
Description       :  -- 
Status            : error
Bbox              : {242.3240 234.9790} {242.3740 235.1810}

Error ID          : 229
Error Type        : Off-grid
Error Layer       : VIA1 (12)
Number of errors  : 160
Description       :  -- 
Status            : error
Bbox              : {256.7640 238.3230} {256.8140 238.5250}

Error ID          : 230
Error Type        : Off-grid
Error Layer       : M2 (13)
Number of errors  : 160
Description       :  -- 
Status            : error
Bbox              : {256.7340 238.3180} {256.8440 238.5300}

Error ID          : 234
Error Type        : Off-grid
Error Layer       : M2 (13)
Number of errors  : 160
Description       :  -- 
Status            : error
Bbox              : {294.7340 229.5020} {294.8440 229.7140}

Error ID          : 235
Error Type        : Off-grid
Error Layer       : VIA1 (12)
Number of errors  : 160
Description       :  -- 
Status            : error
Bbox              : {294.7640 229.5070} {294.8140 229.7090}

Error ID          : 246
Error Type        : Off-grid
Error Layer       : VIA1 (12)
Number of errors  : 160
Description       :  -- 
Status            : error
Bbox              : {216.7880 249.7230} {216.8380 249.9250}

Error ID          : 247
Error Type        : Off-grid
Error Layer       : M2 (13)
Number of errors  : 160
Description       :  -- 
Status            : error
Bbox              : {216.7580 249.7180} {216.8680 249.9300}

Error ID          : 248
Error Type        : Off-grid
Error Layer       : VIA1 (12)
Number of errors  : 160
Description       :  -- 
Status            : error
Bbox              : {224.2360 241.6670} {224.2860 241.8690}

Error ID          : 249
Error Type        : Off-grid
Error Layer       : M2 (13)
Number of errors  : 160
Description       :  -- 
Status            : error
Bbox              : {224.2060 241.6620} {224.3160 241.8740}

Error ID          : 54
Error Type        : Less than minimum area
Error Layer       : M2 (13)
Number of errors  : 5
Description       :  -- 
Status            : error
Bbox              : {248.4260 95.9450} {248.4860 96.0550}

Error ID          : 100
Error Type        : Less than minimum area
Error Layer       : M2 (13)
Number of errors  : 5
Description       :  -- 
Status            : error
Bbox              : {243.2580 152.7930} {243.3180 152.9030}

Error ID          : 106
Error Type        : Less than minimum area
Error Layer       : M2 (13)
Number of errors  : 5
Description       :  -- 
Status            : error
Bbox              : {249.3130 154.6420} {249.4230 154.7020}

Error ID          : 163
Error Type        : Less than minimum area
Error Layer       : M2 (13)
Number of errors  : 5
Description       :  -- 
Status            : error
Bbox              : {20.8820 224.8410} {20.9420 224.9510}

Error ID          : 166
Error Type        : Less than minimum area
Error Layer       : M2 (13)
Number of errors  : 5
Description       :  -- 
Status            : error
Bbox              : {26.6580 216.3290} {26.7180 216.4390}

Error ID          : 83
Error Type        : Short
Error Layer       : M1 (11)
Number of errors  : 1
Description       :  -- 
Status            : error
Bbox              : {301.5050 121.7650} {301.6550 121.9150}

Error ID          : 289
Error Type        : Same net spacing
Error Layer       : M3 (15)
Number of errors  : 1
Description       :  -- 
Status            : error
Bbox              : {306.1050 246.3940} {306.1750 246.5660}

1
