SDFFARX1 query
get_cells ref count=2122
full_name wildcard count=32
full_name_hit u_core/core_i/if_stage_i/instr_rdata_id_o_reg[22] ref=SDFFARX1_RVT
full_name_hit u_core/core_i/if_stage_i/instr_rdata_id_o_reg[6] ref=SDFFARX1_RVT
full_name_hit u_core/core_i/if_stage_i/instr_rdata_id_o_reg[5] ref=SDFFARX1_RVT
full_name_hit u_core/core_i/if_stage_i/instr_rdata_id_o_reg[4] ref=SDFFARX1_RVT
full_name_hit u_core/core_i/if_stage_i/instr_rdata_id_o_reg[3] ref=SDFFARX1_RVT
full_name_hit u_core/core_i/if_stage_i/instr_rdata_id_o_reg[2] ref=SDFFARX1_RVT
full_name_hit u_core/core_i/if_stage_i/instr_rdata_id_o_reg[1] ref=SDFFARX1_RVT
full_name_hit u_core/core_i/if_stage_i/instr_rdata_id_o_reg[0] ref=SDFFARX1_RVT
full_name_hit u_core/core_i/if_stage_i/instr_rdata_id_o_reg[31] ref=SDFFARX1_RVT
full_name_hit u_core/core_i/if_stage_i/instr_rdata_id_o_reg[17] ref=SDFFARX1_RVT
full_name_hit u_core/core_i/if_stage_i/instr_rdata_id_o_reg[18] ref=SDFFARX1_RVT
full_name_hit u_core/core_i/if_stage_i/instr_rdata_id_o_reg[19] ref=SDFFARX1_RVT
full_name_hit u_core/core_i/if_stage_i/instr_rdata_id_o_reg[23] ref=SDFFARX1_RVT
full_name_hit u_core/core_i/if_stage_i/instr_rdata_id_o_reg[14] ref=SDFFARX1_RVT
full_name_hit u_core/core_i/if_stage_i/instr_rdata_id_o_reg[12] ref=SDFFARX1_RVT
full_name_hit u_core/core_i/if_stage_i/instr_rdata_id_o_reg[13] ref=SDFFARX1_RVT
full_name_hit u_core/core_i/if_stage_i/instr_rdata_id_o_reg[30] ref=SDFFARX1_RVT
full_name_hit u_core/core_i/if_stage_i/instr_rdata_id_o_reg[20] ref=SDFFARX1_RVT
full_name_hit u_core/core_i/if_stage_i/instr_rdata_id_o_reg[21] ref=SDFFARX1_RVT
full_name_hit u_core/core_i/if_stage_i/instr_rdata_id_o_reg[16] ref=SDFFARX1_RVT
full_name_hit u_core/core_i/if_stage_i/instr_rdata_id_o_reg[25] ref=SDFFARX1_RVT
full_name_hit u_core/core_i/if_stage_i/instr_rdata_id_o_reg[15] ref=SDFFARX1_RVT
full_name_hit u_core/core_i/if_stage_i/instr_rdata_id_o_reg[8] ref=SDFFARX1_RVT
full_name_hit u_core/core_i/if_stage_i/instr_rdata_id_o_reg[28] ref=SDFFARX1_RVT
full_name_hit u_core/core_i/if_stage_i/instr_rdata_id_o_reg[29] ref=SDFFARX1_RVT
full_name_hit u_core/core_i/if_stage_i/instr_rdata_id_o_reg[7] ref=SDFFARX1_RVT
full_name_hit u_core/core_i/if_stage_i/instr_rdata_id_o_reg[9] ref=SDFFARX1_RVT
full_name_hit u_core/core_i/if_stage_i/instr_rdata_id_o_reg[10] ref=SDFFARX1_RVT
full_name_hit u_core/core_i/if_stage_i/instr_rdata_id_o_reg[11] ref=SDFFARX1_RVT
full_name_hit u_core/core_i/if_stage_i/instr_rdata_id_o_reg[26] ref=SDFFARX1_RVT
full_name_hit u_core/core_i/if_stage_i/instr_rdata_id_o_reg[27] ref=SDFFARX1_RVT
full_name_hit u_core/core_i/if_stage_i/instr_rdata_id_o_reg[24] ref=SDFFARX1_RVT
name wildcard count=32
name_hit u_core/core_i/if_stage_i/instr_rdata_id_o_reg[22] ref=SDFFARX1_RVT
name_hit u_core/core_i/if_stage_i/instr_rdata_id_o_reg[6] ref=SDFFARX1_RVT
name_hit u_core/core_i/if_stage_i/instr_rdata_id_o_reg[5] ref=SDFFARX1_RVT
name_hit u_core/core_i/if_stage_i/instr_rdata_id_o_reg[4] ref=SDFFARX1_RVT
name_hit u_core/core_i/if_stage_i/instr_rdata_id_o_reg[3] ref=SDFFARX1_RVT
name_hit u_core/core_i/if_stage_i/instr_rdata_id_o_reg[2] ref=SDFFARX1_RVT
name_hit u_core/core_i/if_stage_i/instr_rdata_id_o_reg[1] ref=SDFFARX1_RVT
name_hit u_core/core_i/if_stage_i/instr_rdata_id_o_reg[0] ref=SDFFARX1_RVT
name_hit u_core/core_i/if_stage_i/instr_rdata_id_o_reg[31] ref=SDFFARX1_RVT
name_hit u_core/core_i/if_stage_i/instr_rdata_id_o_reg[17] ref=SDFFARX1_RVT
name_hit u_core/core_i/if_stage_i/instr_rdata_id_o_reg[18] ref=SDFFARX1_RVT
name_hit u_core/core_i/if_stage_i/instr_rdata_id_o_reg[19] ref=SDFFARX1_RVT
name_hit u_core/core_i/if_stage_i/instr_rdata_id_o_reg[23] ref=SDFFARX1_RVT
name_hit u_core/core_i/if_stage_i/instr_rdata_id_o_reg[14] ref=SDFFARX1_RVT
name_hit u_core/core_i/if_stage_i/instr_rdata_id_o_reg[12] ref=SDFFARX1_RVT
name_hit u_core/core_i/if_stage_i/instr_rdata_id_o_reg[13] ref=SDFFARX1_RVT
name_hit u_core/core_i/if_stage_i/instr_rdata_id_o_reg[30] ref=SDFFARX1_RVT
name_hit u_core/core_i/if_stage_i/instr_rdata_id_o_reg[20] ref=SDFFARX1_RVT
name_hit u_core/core_i/if_stage_i/instr_rdata_id_o_reg[21] ref=SDFFARX1_RVT
name_hit u_core/core_i/if_stage_i/instr_rdata_id_o_reg[16] ref=SDFFARX1_RVT
name_hit u_core/core_i/if_stage_i/instr_rdata_id_o_reg[25] ref=SDFFARX1_RVT
name_hit u_core/core_i/if_stage_i/instr_rdata_id_o_reg[15] ref=SDFFARX1_RVT
name_hit u_core/core_i/if_stage_i/instr_rdata_id_o_reg[8] ref=SDFFARX1_RVT
name_hit u_core/core_i/if_stage_i/instr_rdata_id_o_reg[28] ref=SDFFARX1_RVT
name_hit u_core/core_i/if_stage_i/instr_rdata_id_o_reg[29] ref=SDFFARX1_RVT
name_hit u_core/core_i/if_stage_i/instr_rdata_id_o_reg[7] ref=SDFFARX1_RVT
name_hit u_core/core_i/if_stage_i/instr_rdata_id_o_reg[9] ref=SDFFARX1_RVT
name_hit u_core/core_i/if_stage_i/instr_rdata_id_o_reg[10] ref=SDFFARX1_RVT
name_hit u_core/core_i/if_stage_i/instr_rdata_id_o_reg[11] ref=SDFFARX1_RVT
name_hit u_core/core_i/if_stage_i/instr_rdata_id_o_reg[26] ref=SDFFARX1_RVT
name_hit u_core/core_i/if_stage_i/instr_rdata_id_o_reg[27] ref=SDFFARX1_RVT
name_hit u_core/core_i/if_stage_i/instr_rdata_id_o_reg[24] ref=SDFFARX1_RVT
get_flat_cells ref count=2122
get_flat_cells full_name wildcard count=32
flat_full_name_hit u_core/core_i/if_stage_i/instr_rdata_id_o_reg[22] ref=SDFFARX1_RVT
flat_full_name_hit u_core/core_i/if_stage_i/instr_rdata_id_o_reg[6] ref=SDFFARX1_RVT
flat_full_name_hit u_core/core_i/if_stage_i/instr_rdata_id_o_reg[5] ref=SDFFARX1_RVT
flat_full_name_hit u_core/core_i/if_stage_i/instr_rdata_id_o_reg[4] ref=SDFFARX1_RVT
flat_full_name_hit u_core/core_i/if_stage_i/instr_rdata_id_o_reg[3] ref=SDFFARX1_RVT
flat_full_name_hit u_core/core_i/if_stage_i/instr_rdata_id_o_reg[2] ref=SDFFARX1_RVT
flat_full_name_hit u_core/core_i/if_stage_i/instr_rdata_id_o_reg[1] ref=SDFFARX1_RVT
flat_full_name_hit u_core/core_i/if_stage_i/instr_rdata_id_o_reg[0] ref=SDFFARX1_RVT
flat_full_name_hit u_core/core_i/if_stage_i/instr_rdata_id_o_reg[31] ref=SDFFARX1_RVT
flat_full_name_hit u_core/core_i/if_stage_i/instr_rdata_id_o_reg[17] ref=SDFFARX1_RVT
flat_full_name_hit u_core/core_i/if_stage_i/instr_rdata_id_o_reg[18] ref=SDFFARX1_RVT
flat_full_name_hit u_core/core_i/if_stage_i/instr_rdata_id_o_reg[19] ref=SDFFARX1_RVT
flat_full_name_hit u_core/core_i/if_stage_i/instr_rdata_id_o_reg[23] ref=SDFFARX1_RVT
flat_full_name_hit u_core/core_i/if_stage_i/instr_rdata_id_o_reg[14] ref=SDFFARX1_RVT
flat_full_name_hit u_core/core_i/if_stage_i/instr_rdata_id_o_reg[12] ref=SDFFARX1_RVT
flat_full_name_hit u_core/core_i/if_stage_i/instr_rdata_id_o_reg[13] ref=SDFFARX1_RVT
flat_full_name_hit u_core/core_i/if_stage_i/instr_rdata_id_o_reg[30] ref=SDFFARX1_RVT
flat_full_name_hit u_core/core_i/if_stage_i/instr_rdata_id_o_reg[20] ref=SDFFARX1_RVT
flat_full_name_hit u_core/core_i/if_stage_i/instr_rdata_id_o_reg[21] ref=SDFFARX1_RVT
flat_full_name_hit u_core/core_i/if_stage_i/instr_rdata_id_o_reg[16] ref=SDFFARX1_RVT
flat_full_name_hit u_core/core_i/if_stage_i/instr_rdata_id_o_reg[25] ref=SDFFARX1_RVT
flat_full_name_hit u_core/core_i/if_stage_i/instr_rdata_id_o_reg[15] ref=SDFFARX1_RVT
flat_full_name_hit u_core/core_i/if_stage_i/instr_rdata_id_o_reg[8] ref=SDFFARX1_RVT
flat_full_name_hit u_core/core_i/if_stage_i/instr_rdata_id_o_reg[28] ref=SDFFARX1_RVT
flat_full_name_hit u_core/core_i/if_stage_i/instr_rdata_id_o_reg[29] ref=SDFFARX1_RVT
flat_full_name_hit u_core/core_i/if_stage_i/instr_rdata_id_o_reg[7] ref=SDFFARX1_RVT
flat_full_name_hit u_core/core_i/if_stage_i/instr_rdata_id_o_reg[9] ref=SDFFARX1_RVT
flat_full_name_hit u_core/core_i/if_stage_i/instr_rdata_id_o_reg[10] ref=SDFFARX1_RVT
flat_full_name_hit u_core/core_i/if_stage_i/instr_rdata_id_o_reg[11] ref=SDFFARX1_RVT
flat_full_name_hit u_core/core_i/if_stage_i/instr_rdata_id_o_reg[26] ref=SDFFARX1_RVT
flat_full_name_hit u_core/core_i/if_stage_i/instr_rdata_id_o_reg[27] ref=SDFFARX1_RVT
flat_full_name_hit u_core/core_i/if_stage_i/instr_rdata_id_o_reg[24] ref=SDFFARX1_RVT
