****************************************
Report : Report drc errors
Design : cv32e40p_synth_wrap
Data   : zroute.err
Type   : error_type
Version: W-2024.09-SP2
Date   : Sat May  9 16:16:25 2026
****************************************

ErrorSet                                    Total   Visible     Fixed   Ignored
--------------------------------------------------------------------------------
Design : cv32e40p_synth_wrap                67      67          0       0
      Data : zroute.err                     67      67          0       0
            Diff net spacing                4       4           0       0
                M1 (11)                     3       3           0       0
                M2 (13)                     1       1           0       0
            Off-grid                        59      59          0       0
                M1 (11)                     4       4           0       0
                M2 (13)                     1       1           0       0
                VIA1 (12)                   54      54          0       0
            Short                           4       4           0       0
                M1 (11)                     4       4           0       0
1
